ARM Linker, 5.03 [Build 76] [MDK-ARM Standard]

==============================================================================

Section Cross References

    stm32f10x_it.o(.text) refers to sdcard.o(.text) for SD_ProcessIRQSrc
    stm32f10x_it.o(.text) refers to stm32f10x_rtc.o(.text) for RTC_GetITStatus
    stm32f10x_it.o(.text) refers to stm32f10x_dma.o(.text) for DMA_GetITStatus
    stm32f10x_it.o(.text) refers to stm32f10x_exti.o(.text) for EXTI_GetITStatus
    stm32f10x_it.o(.text) refers to stm32f10x_gpio.o(.text) for GPIO_ResetBits
    stm32f10x_it.o(.text) refers to main.o(.data) for TimingDelay
    stm32f10x_it.o(.text) refers to rtc.o(.data) for TimeDisplay
    sdcard.o(.text) refers to stm32f10x_sdio.o(.text) for SDIO_ClearFlag
    sdcard.o(.text) refers to sdcard.o(.data) for CardType
    sdcard.o(.text) refers to sdcard.o(.bss) for SDIO_CmdInitStructure
    sdcard.o(.text) refers to stm32f10x_rcc.o(.text) for RCC_APB2PeriphClockCmd
    sdcard.o(.text) refers to stm32f10x_gpio.o(.text) for GPIO_Init
    sdcard.o(.text) refers to stm32f10x_dma.o(.text) for DMA_ClearFlag
    main.o(.text) refers to system_stm32f10x.o(.text) for SystemInit
    main.o(.text) refers to stm32f10x_gpio.o(.text) for GPIO_ResetBits
    main.o(.text) refers to stm32f10x_adc.o(.text) for ADC_SoftwareStartConvCmd
    main.o(.text) refers to main.o(.data) for TimingDelay
    main.o(.text) refers to adc.o(.bss) for ADC1_values
    main.o(.text) refers to main.o(.bss) for CELL
    main.o(.text) refers to gpio.o(.text) for Set_IO
    main.o(.text) refers to rtc.o(.text) for rtc_gettime
    main.o(.text) refers to ff.o(.text) for f_open
    main.o(.text) refers to printf6.o(i.__0sprintf$6) for __2sprintf
    main.o(.text) refers to strlen.o(.text) for strlen
    main.o(.text) refers to strcpy.o(.text) for strcpy
    main.o(.text) refers to diskio.o(.text) for disk_initialize
    main.o(.text) refers to main.o(.constdata) for THRESHOLD
    main.o(.text) refers to printf6.o(i.__0printf$6) for __2printf
    main.o(.text) refers to stm32f10x_rcc.o(.text) for RCC_APB2PeriphClockCmd
    main.o(.text) refers to stm32f10x_usart.o(.text) for USART_Init
    main.o(.text) refers to misc.o(.text) for NVIC_PriorityGroupConfig
    main.o(.text) refers to system_stm32f10x.o(.constdata) for SystemFrequency_SysClk
    main.o(.text) refers to stm32f10x_bkp.o(.text) for BKP_ReadBackupRegister
    main.o(.text) refers to stm32f10x_rtc.o(.text) for RTC_WaitForSynchro
    main.o(.text) refers to adc.o(.text) for ADCInit
    main.o(.text) refers to sdcard.o(.text) for SD_Init
    main.o(.text) refers to stm32f10x_dma.o(.text) for DMA_Cmd
    rtc.o(.text) refers to stm32f10x_rtc.o(.text) for RTC_GetCounter
    rtc.o(.text) refers to stm32f10x_rcc.o(.text) for RCC_APB1PeriphClockCmd
    rtc.o(.text) refers to stm32f10x_bkp.o(.text) for BKP_ReadBackupRegister
    rtc.o(.text) refers to stm32f10x_pwr.o(.text) for PWR_BackupAccessCmd
    rtc.o(.text) refers to printf6.o(i.__0printf$6) for __2printf
    rtc.o(.text) refers to main.o(.text) for USART_Scanf
    rtc.o(.text) refers to rtc.o(.constdata) for DaysInMonth
    adc.o(.text) refers to stm32f10x_rcc.o(.text) for RCC_APB2PeriphClockCmd
    adc.o(.text) refers to stm32f10x_gpio.o(.text) for GPIO_StructInit
    adc.o(.text) refers to stm32f10x_adc.o(.text) for ADC_DeInit
    adc.o(.text) refers to stm32f10x_dma.o(.text) for DMA_DeInit
    adc.o(.text) refers to adc.o(.data) for GPIO_InitStructure
    adc.o(.text) refers to adc.o(.bss) for ADC_InitStructure
    gpio.o(.text) refers to stm32f10x_rcc.o(.text) for RCC_APB2PeriphClockCmd
    gpio.o(.text) refers to stm32f10x_gpio.o(.text) for GPIO_StructInit
    gpio.o(.text) refers to stm32f10x_exti.o(.text) for EXTI_Init
    stm32f10x_gpio.o(.text) refers to stm32f10x_rcc.o(.text) for RCC_APB2PeriphResetCmd
    stm32f10x_rcc.o(.text) refers to stm32f10x_rcc.o(.data) for APBAHBPrescTable
    stm32f10x_usart.o(.text) refers to stm32f10x_rcc.o(.text) for RCC_APB2PeriphResetCmd
    stm32f10x_bkp.o(.text) refers to stm32f10x_rcc.o(.text) for RCC_BackupResetCmd
    stm32f10x_pwr.o(.text) refers to stm32f10x_rcc.o(.text) for RCC_APB1PeriphResetCmd
    stm32f10x_adc.o(.text) refers to stm32f10x_rcc.o(.text) for RCC_APB2PeriphResetCmd
    startup_stm32f10x_hd.o(RESET) refers to startup_stm32f10x_hd.o(.text) for Reset_Handler
    startup_stm32f10x_hd.o(RESET) refers to stm32f10x_it.o(.text) for NMI_Handler
    startup_stm32f10x_hd.o(.text) refers to startup_stm32f10x_hd.o(STACK) for __initial_sp
    startup_stm32f10x_hd.o(.text) refers to entry.o(.ARM.Collect$$$$00000000) for __main
    ff.o(.text) refers to diskio.o(.text) for disk_write
    ff.o(.text) refers to ff.o(.constdata) for fatstr
    ff.o(.text) refers to ff.o(.data) for FatFs
    diskio.o(.text) refers to sdcard.o(.text) for SD_ReadBlock
    entry.o(.ARM.Collect$$$$00000000) refers (Special) to entry10a.o(.ARM.Collect$$$$0000000D) for __rt_final_cpp
[...]
    printf0.o(i.__0printf$0) refers to stdout.o(.data) for __stdout
    printf0.o(i.__0snprintf$0) refers to printf0.o(i._printf_core) for _printf_core
    printf0.o(i.__0snprintf$0) refers to printf0.o(i._snputc) for _snputc
    printf0.o(i.__0sprintf$0) refers to printf0.o(i._printf_core) for _printf_core
    printf0.o(i.__0sprintf$0) refers to printf0.o(i._sputc) for _sputc
    printf0.o(i.__0vfprintf$0) refers to printf0.o(i._printf_core) for _printf_core
    printf0.o(i.__0vfprintf$0) refers to main.o(.text) for fputc
    printf0.o(i.__0vprintf$0) refers to printf0.o(i._printf_core) for _printf_core
    printf0.o(i.__0vprintf$0) refers to main.o(.text) for fputc
    printf0.o(i.__0vprintf$0) refers to stdout.o(.data) for __stdout
    printf0.o(i.__0vsnprintf$0) refers to printf0.o(i._printf_core) for _printf_core
    printf0.o(i.__0vsnprintf$0) refers to printf0.o(i._snputc) for _snputc
    printf0.o(i.__0vsprintf$0) refers to printf0.o(i._printf_core) for _printf_core
    printf0.o(i.__0vsprintf$0) refers to printf0.o(i._sputc) for _sputc
    printf1.o(i.__0fprintf$1) refers to printf1.o(i._printf_core) for _printf_core
    printf1.o(i.__0fprintf$1) refers to main.o(.text) for fputc
    printf1.o(i.__0printf$1) refers to printf1.o(i._printf_core) for _printf_core
    printf1.o(i.__0printf$1) refers to main.o(.text) for fputc
    printf1.o(i.__0printf$1) refers to stdout.o(.data) for __stdout
    printf1.o(i.__0snprintf$1) refers to printf1.o(i._printf_core) for _printf_core
    printf1.o(i.__0snprintf$1) refers to printf1.o(i._snputc) for _snputc
    printf1.o(i.__0sprintf$1) refers to printf1.o(i._printf_core) for _printf_core
    printf1.o(i.__0sprintf$1) refers to printf1.o(i._sputc) for _sputc
    printf1.o(i.__0vfprintf$1) refers to printf1.o(i._printf_core) for _printf_core
    printf1.o(i.__0vfprintf$1) refers to main.o(.text) for fputc
    printf1.o(i.__0vprintf$1) refers to printf1.o(i._printf_core) for _printf_core
    printf1.o(i.__0vprintf$1) refers to main.o(.text) for fputc
    printf1.o(i.__0vprintf$1) refers to stdout.o(.data) for __stdout
    printf1.o(i.__0vsnprintf$1) refers to printf1.o(i._printf_core) for _printf_core
    printf1.o(i.__0vsnprintf$1) refers to printf1.o(i._snputc) for _snputc
    printf1.o(i.__0vsprintf$1) refers to printf1.o(i._printf_core) for _printf_core
    printf1.o(i.__0vsprintf$1) refers to printf1.o(i._sputc) for _sputc
    printf1.o(i._printf_core) refers to uidiv.o(.text) for __aeabi_uidivmod
    printf2.o(i.__0fprintf$2) refers to printf2.o(i._printf_core) for _printf_core
    printf2.o(i.__0fprintf$2) refers to main.o(.text) for fputc
    printf2.o(i.__0printf$2) refers to printf2.o(i._printf_core) for _printf_core
    printf2.o(i.__0printf$2) refers to main.o(.text) for fputc
    printf2.o(i.__0printf$2) refers to stdout.o(.data) for __stdout
    printf2.o(i.__0snprintf$2) refers to printf2.o(i._printf_core) for _printf_core
    printf2.o(i.__0snprintf$2) refers to printf2.o(i._snputc) for _snputc
    printf2.o(i.__0sprintf$2) refers to printf2.o(i._printf_core) for _printf_core
    printf2.o(i.__0sprintf$2) refers to printf2.o(i._sputc) for _sputc
    printf2.o(i.__0vfprintf$2) refers to printf2.o(i._printf_core) for _printf_core
    printf2.o(i.__0vfprintf$2) refers to main.o(.text) for fputc
    printf2.o(i.__0vprintf$2) refers to printf2.o(i._printf_core) for _printf_core
    printf2.o(i.__0vprintf$2) refers to main.o(.text) for fputc
    printf2.o(i.__0vprintf$2) refers to stdout.o(.data) for __stdout
    printf2.o(i.__0vsnprintf$2) refers to printf2.o(i._printf_core) for _printf_core
    printf2.o(i.__0vsnprintf$2) refers to printf2.o(i._snputc) for _snputc
    printf2.o(i.__0vsprintf$2) refers to printf2.o(i._printf_core) for _printf_core
    printf2.o(i.__0vsprintf$2) refers to printf2.o(i._sputc) for _sputc
    printf3.o(i.__0fprintf$3) refers to printf3.o(i._printf_core) for _printf_core
    printf3.o(i.__0fprintf$3) refers to main.o(.text) for fputc
    printf3.o(i.__0printf$3) refers to printf3.o(i._printf_core) for _printf_core
    printf3.o(i.__0printf$3) refers to main.o(.text) for fputc
    printf3.o(i.__0printf$3) refers to stdout.o(.data) for __stdout
    printf3.o(i.__0snprintf$3) refers to printf3.o(i._printf_core) for _printf_core
    printf3.o(i.__0snprintf$3) refers to printf3.o(i._snputc) for _snputc
    printf3.o(i.__0sprintf$3) refers to printf3.o(i._printf_core) for _printf_core
    printf3.o(i.__0sprintf$3) refers to printf3.o(i._sputc) for _sputc
    printf3.o(i.__0vfprintf$3) refers to printf3.o(i._printf_core) for _printf_core
    printf3.o(i.__0vfprintf$3) refers to main.o(.text) for fputc
    printf3.o(i.__0vprintf$3) refers to printf3.o(i._printf_core) for _printf_core
    printf3.o(i.__0vprintf$3) refers to main.o(.text) for fputc
    printf3.o(i.__0vprintf$3) refers to stdout.o(.data) for __stdout
    printf3.o(i.__0vsnprintf$3) refers to printf3.o(i._printf_core) for _printf_core
    printf3.o(i.__0vsnprintf$3) refers to printf3.o(i._snputc) for _snputc
    printf3.o(i.__0vsprintf$3) refers to printf3.o(i._printf_core) for _printf_core
    printf3.o(i.__0vsprintf$3) refers to printf3.o(i._sputc) for _sputc
    printf3.o(i._printf_core) refers to uidiv.o(.text) for __aeabi_uidivmod
    printf4.o(i.__0fprintf$4) refers to printf4.o(i._printf_core) for _printf_core
    printf4.o(i.__0fprintf$4) refers to main.o(.text) for fputc
    printf4.o(i.__0printf$4) refers to printf4.o(i._printf_core) for _printf_core
    printf4.o(i.__0printf$4) refers to main.o(.text) for fputc
    printf4.o(i.__0printf$4) refers to stdout.o(.data) for __stdout
    printf4.o(i.__0snprintf$4) refers to printf4.o(i._printf_core) for _printf_core
    printf4.o(i.__0snprintf$4) refers to printf4.o(i._snputc) for _snputc
    printf4.o(i.__0sprintf$4) refers to printf4.o(i._printf_core) for _printf_core
    printf4.o(i.__0sprintf$4) refers to printf4.o(i._sputc) for _sputc
    printf4.o(i.__0vfprintf$4) refers to printf4.o(i._printf_core) for _printf_core
    printf4.o(i.__0vfprintf$4) refers to main.o(.text) for fputc
    printf4.o(i.__0vprintf$4) refers to printf4.o(i._printf_core) for _printf_core
    printf4.o(i.__0vprintf$4) refers to main.o(.text) for fputc
    printf4.o(i.__0vprintf$4) refers to stdout.o(.data) for __stdout
    printf4.o(i.__0vsnprintf$4) refers to printf4.o(i._printf_core) for _printf_core
    printf4.o(i.__0vsnprintf$4) refers to printf4.o(i._snputc) for _snputc
    printf4.o(i.__0vsprintf$4) refers to printf4.o(i._printf_core) for _printf_core
    printf4.o(i.__0vsprintf$4) refers to printf4.o(i._sputc) for _sputc
    printf4.o(i._printf_core) refers to uldiv.o(.text) for __aeabi_uldivmod
    printf5.o(i.__0fprintf$5) refers to printf5.o(i._printf_core) for _printf_core
    printf5.o(i.__0fprintf$5) refers to main.o(.text) for fputc
    printf5.o(i.__0printf$5) refers to printf5.o(i._printf_core) for _printf_core
    printf5.o(i.__0printf$5) refers to main.o(.text) for fputc
    printf5.o(i.__0printf$5) refers to stdout.o(.data) for __stdout
    printf5.o(i.__0snprintf$5) refers to printf5.o(i._printf_core) for _printf_core
    printf5.o(i.__0snprintf$5) refers to printf5.o(i._snputc) for _snputc
    printf5.o(i.__0sprintf$5) refers to printf5.o(i._printf_core) for _printf_core
    printf5.o(i.__0sprintf$5) refers to printf5.o(i._sputc) for _sputc
    printf5.o(i.__0vfprintf$5) refers to printf5.o(i._printf_core) for _printf_core
    printf5.o(i.__0vfprintf$5) refers to main.o(.text) for fputc
    printf5.o(i.__0vprintf$5) refers to printf5.o(i._printf_core) for _printf_core
    printf5.o(i.__0vprintf$5) refers to main.o(.text) for fputc
    printf5.o(i.__0vprintf$5) refers to stdout.o(.data) for __stdout
    printf5.o(i.__0vsnprintf$5) refers to printf5.o(i._printf_core) for _printf_core
    printf5.o(i.__0vsnprintf$5) refers to printf5.o(i._snputc) for _snputc
    printf5.o(i.__0vsprintf$5) refers to printf5.o(i._printf_core) for _printf_core
    printf5.o(i.__0vsprintf$5) refers to printf5.o(i._sputc) for _sputc
    printf5.o(i._printf_core) refers to uldiv.o(.text) for __aeabi_uldivmod
    printf6.o(i.__0fprintf$6) refers to printf6.o(i._printf_core) for _printf_core
    printf6.o(i.__0fprintf$6) refers to main.o(.text) for fputc
    printf6.o(i.__0printf$6) refers to printf6.o(i._printf_core) for _printf_core
    printf6.o(i.__0printf$6) refers to main.o(.text) for fputc
    printf6.o(i.__0printf$6) refers to stdout.o(.data) for __stdout
    printf6.o(i.__0snprintf$6) refers to printf6.o(i._printf_core) for _printf_core
    printf6.o(i.__0snprintf$6) refers to printf6.o(i._snputc) for _snputc
    printf6.o(i.__0sprintf$6) refers to printf6.o(i._printf_core) for _printf_core
    printf6.o(i.__0sprintf$6) refers to printf6.o(i._sputc) for _sputc
    printf6.o(i.__0vfprintf$6) refers to printf6.o(i._printf_core) for _printf_core
    printf6.o(i.__0vfprintf$6) refers to main.o(.text) for fputc
    printf6.o(i.__0vprintf$6) refers to printf6.o(i._printf_core) for _printf_core
    printf6.o(i.__0vprintf$6) refers to main.o(.text) for fputc
    printf6.o(i.__0vprintf$6) refers to stdout.o(.data) for __stdout
    printf6.o(i.__0vsnprintf$6) refers to printf6.o(i._printf_core) for _printf_core
    printf6.o(i.__0vsnprintf$6) refers to printf6.o(i._snputc) for _snputc
    printf6.o(i.__0vsprintf$6) refers to printf6.o(i._printf_core) for _printf_core
    printf6.o(i.__0vsprintf$6) refers to printf6.o(i._sputc) for _sputc
    printf6.o(i._printf_core) refers to printf6.o(i._printf_pre_padding) for _printf_pre_padding
    printf6.o(i._printf_core) refers to uidiv.o(.text) for __aeabi_uidivmod
    printf6.o(i._printf_core) refers to printf6.o(i._printf_post_padding) for _printf_post_padding
    printf7.o(i.__0fprintf$7) refers to printf7.o(i._printf_core) for _printf_core
    printf7.o(i.__0fprintf$7) refers to main.o(.text) for fputc
    printf7.o(i.__0printf$7) refers to printf7.o(i._printf_core) for _printf_core
    printf7.o(i.__0printf$7) refers to main.o(.text) for fputc
    printf7.o(i.__0printf$7) refers to stdout.o(.data) for __stdout
    printf7.o(i.__0snprintf$7) refers to printf7.o(i._printf_core) for _printf_core
    printf7.o(i.__0snprintf$7) refers to printf7.o(i._snputc) for _snputc
    printf7.o(i.__0sprintf$7) refers to printf7.o(i._printf_core) for _printf_core
    printf7.o(i.__0sprintf$7) refers to printf7.o(i._sputc) for _sputc
    printf7.o(i.__0vfprintf$7) refers to printf7.o(i._printf_core) for _printf_core
    printf7.o(i.__0vfprintf$7) refers to main.o(.text) for fputc
    printf7.o(i.__0vprintf$7) refers to printf7.o(i._printf_core) for _printf_core
    printf7.o(i.__0vprintf$7) refers to main.o(.text) for fputc
    printf7.o(i.__0vprintf$7) refers to stdout.o(.data) for __stdout
    printf7.o(i.__0vsnprintf$7) refers to printf7.o(i._printf_core) for _printf_core
    printf7.o(i.__0vsnprintf$7) refers to printf7.o(i._snputc) for _snputc
    printf7.o(i.__0vsprintf$7) refers to printf7.o(i._printf_core) for _printf_core
    printf7.o(i.__0vsprintf$7) refers to printf7.o(i._sputc) for _sputc
    printf7.o(i._printf_core) refers to printf7.o(i._printf_pre_padding) for _printf_pre_padding
    printf7.o(i._printf_core) refers to uldiv.o(.text) for __aeabi_uldivmod
    printf7.o(i._printf_core) refers to printf7.o(i._printf_post_padding) for _printf_post_padding
    printf8.o(i.__0fprintf$8) refers to printf8.o(i._printf_core) for _printf_core
    printf8.o(i.__0fprintf$8) refers to main.o(.text) for fputc
    printf8.o(i.__0printf$8) refers to printf8.o(i._printf_core) for _printf_core
    printf8.o(i.__0printf$8) refers to main.o(.text) for fputc
    printf8.o(i.__0printf$8) refers to stdout.o(.data) for __stdout
    printf8.o(i.__0snprintf$8) refers to printf8.o(i._printf_core) for _printf_core
    printf8.o(i.__0snprintf$8) refers to printf8.o(i._snputc) for _snputc
    printf8.o(i.__0sprintf$8) refers to printf8.o(i._printf_core) for _printf_core
    printf8.o(i.__0sprintf$8) refers to printf8.o(i._sputc) for _sputc
    printf8.o(i.__0vfprintf$8) refers to printf8.o(i._printf_core) for _printf_core
    printf8.o(i.__0vfprintf$8) refers to main.o(.text) for fputc
    printf8.o(i.__0vprintf$8) refers to printf8.o(i._printf_core) for _printf_core
    printf8.o(i.__0vprintf$8) refers to main.o(.text) for fputc
    printf8.o(i.__0vprintf$8) refers to stdout.o(.data) for __stdout
    printf8.o(i.__0vsnprintf$8) refers to printf8.o(i._printf_core) for _printf_core
    printf8.o(i.__0vsnprintf$8) refers to printf8.o(i._snputc) for _snputc
    printf8.o(i.__0vsprintf$8) refers to printf8.o(i._printf_core) for _printf_core
    printf8.o(i.__0vsprintf$8) refers to printf8.o(i._sputc) for _sputc
    printf8.o(i._printf_core) refers to printf8.o(i._printf_pre_padding) for _printf_pre_padding
    printf8.o(i._printf_core) refers to uldiv.o(.text) for __aeabi_uldivmod
    printf8.o(i._printf_core) refers to printf8.o(i._printf_post_padding) for _printf_post_padding
    printfa.o(i.__0fprintf) refers (Special) to iusefp.o(.text) for __I$use$fp
    printfa.o(i.__0fprintf) refers to printfa.o(i._printf_core) for _printf_core
    printfa.o(i.__0fprintf) refers to main.o(.text) for fputc
    printfa.o(i.__0printf) refers (Special) to iusefp.o(.text) for __I$use$fp
    printfa.o(i.__0printf) refers to printfa.o(i._printf_core) for _printf_core
    printfa.o(i.__0printf) refers to main.o(.text) for fputc
    printfa.o(i.__0printf) refers to stdout.o(.data) for __stdout
    printfa.o(i.__0snprintf) refers (Special) to iusefp.o(.text) for __I$use$fp
    printfa.o(i.__0snprintf) refers to printfa.o(i._printf_core) for _printf_core
    printfa.o(i.__0snprintf) refers to printfa.o(i._snputc) for _snputc
    printfa.o(i.__0sprintf) refers (Special) to iusefp.o(.text) for __I$use$fp
    printfa.o(i.__0sprintf) refers to printfa.o(i._printf_core) for _printf_core
    printfa.o(i.__0sprintf) refers to printfa.o(i._sputc) for _sputc
    printfa.o(i.__0vfprintf) refers (Special) to iusefp.o(.text) for __I$use$fp
    printfa.o(i.__0vfprintf) refers to printfa.o(i._printf_core) for _printf_core
    printfa.o(i.__0vfprintf) refers to main.o(.text) for fputc
    printfa.o(i.__0vprintf) refers (Special) to iusefp.o(.text) for __I$use$fp
    printfa.o(i.__0vprintf) refers to printfa.o(i._printf_core) for _printf_core
    printfa.o(i.__0vprintf) refers to main.o(.text) for fputc
    printfa.o(i.__0vprintf) refers to stdout.o(.data) for __stdout
    printfa.o(i.__0vsnprintf) refers (Special) to iusefp.o(.text) for __I$use$fp
    printfa.o(i.__0vsnprintf) refers to printfa.o(i._printf_core) for _printf_core
    printfa.o(i.__0vsnprintf) refers to printfa.o(i._snputc) for _snputc
    printfa.o(i.__0vsprintf) refers (Special) to iusefp.o(.text) for __I$use$fp
    printfa.o(i.__0vsprintf) refers to printfa.o(i._printf_core) for _printf_core
    printfa.o(i.__0vsprintf) refers to printfa.o(i._sputc) for _sputc
    printfa.o(i._fp_digits) refers (Special) to iusefp.o(.text) for __I$use$fp
    printfa.o(i._fp_digits) refers to dmul.o(.text) for __aeabi_dmul
    printfa.o(i._fp_digits) refers to ddiv.o(.text) for __aeabi_ddiv
    printfa.o(i._fp_digits) refers to cdrcmple.o(.text) for __aeabi_cdrcmple
    printfa.o(i._fp_digits) refers to dadd.o(.text) for __aeabi_dadd
    printfa.o(i._fp_digits) refers to dfixul.o(.text) for __aeabi_d2ulz
    printfa.o(i._fp_digits) refers to uldiv.o(.text) for __aeabi_uldivmod
    printfa.o(i._printf_core) refers (Special) to iusefp.o(.text) for __I$use$fp
    printfa.o(i._printf_core) refers to printfa.o(i._printf_pre_padding) for _printf_pre_padding
    printfa.o(i._printf_core) refers to uldiv.o(.text) for __aeabi_uldivmod
    printfa.o(i._printf_core) refers to printfa.o(i._printf_post_padding) for _printf_post_padding
    printfa.o(i._printf_core) refers to printfa.o(i._fp_digits) for _fp_digits
    printfa.o(i._printf_core) refers to uidiv.o(.text) for __aeabi_uidivmod
    printfa.o(i._printf_post_padding) refers (Special) to iusefp.o(.text) for __I$use$fp
    printfa.o(i._printf_pre_padding) refers (Special) to iusefp.o(.text) for __I$use$fp
    printfa.o(i._snputc) refers (Special) to iusefp.o(.text) for __I$use$fp
    printfa.o(i._sputc) refers (Special) to iusefp.o(.text) for __I$use$fp
    entry2.o(.ARM.Collect$$$$00000001) refers to entry2.o(.ARM.Collect$$$$00002712) for __lit__00000000
    entry2.o(.ARM.Collect$$$$00002712) refers to startup_stm32f10x_hd.o(STACK) for __initial_sp
    entry2.o(__vectab_stack_and_reset_area) refers to startup_stm32f10x_hd.o(STACK) for __initial_sp
    entry2.o(__vectab_stack_and_reset_area) refers to entry.o(.ARM.Collect$$$$00000000) for __main
    entry5.o(.ARM.Collect$$$$00000004) refers to init.o(.text) for __scatterload
    entry9a.o(.ARM.Collect$$$$0000000B) refers to main.o(.text) for main
    entry9b.o(.ARM.Collect$$$$0000000C) refers to main.o(.text) for main
    uldiv.o(.text) refers to llushr.o(.text) for __aeabi_llsr
    uldiv.o(.text) refers to llshl.o(.text) for __aeabi_llsl
    dadd.o(.text) refers to llshl.o(.text) for __aeabi_llsl
    dadd.o(.text) refers to llsshr.o(.text) for __aeabi_lasr
    dadd.o(.text) refers to depilogue.o(.text) for _double_epilogue
    dmul.o(.text) refers to depilogue.o(.text) for _double_epilogue
    ddiv.o(.text) refers to depilogue.o(.text) for _double_round
    dfixul.o(.text) refers to llushr.o(.text) for __aeabi_llsr
    dfixul.o(.text) refers to llshl.o(.text) for __aeabi_llsl
    init.o(.text) refers to entry5.o(.ARM.Collect$$$$00000004) for __main_after_scatterload
    depilogue.o(.text) refers to llshl.o(.text) for __aeabi_llsl
    depilogue.o(.text) refers to llushr.o(.text) for __aeabi_llsr


==============================================================================

Removing Unused input sections from the image.

    Removing startup_stm32f10x_hd.o(HEAP), (0 bytes).
    Removing core_cm3.o(.emb_text), (32 bytes).
    Removing dadd.o(.text), (334 bytes).
    Removing dmul.o(.text), (228 bytes).
    Removing ddiv.o(.text), (222 bytes).
    Removing dfixul.o(.text), (48 bytes).
    Removing cdrcmple.o(.text), (40 bytes).
    Removing depilogue.o(.text), (190 bytes).

8 unused section(s) (total 1094 bytes) removed from the image.

==============================================================================

Image Symbol Table

    Local Symbols

    Symbol Name                              Value     Ov Type        Size  Object(Section)

    ../clib/../cmprslib/zerorunl2.c          0x00000000   Number         0  __dczerorl2.o ABSOLUTE
    ../clib/microlib/division.c              0x00000000   Number         0  uidiv.o ABSOLUTE
    ../clib/microlib/division.c              0x00000000   Number         0  uldiv.o ABSOLUTE
    ../clib/microlib/init/entry.s            0x00000000   Number         0  entry10a.o ABSOLUTE
    ../clib/microlib/init/entry.s            0x00000000   Number         0  entry8b.o ABSOLUTE
    ../clib/microlib/init/entry.s            0x00000000   Number         0  entry7b.o ABSOLUTE
    ../clib/microlib/init/entry.s            0x00000000   Number         0  entry7a.o ABSOLUTE
    ../clib/microlib/init/entry.s            0x00000000   Number         0  entry8a.o ABSOLUTE
    ../clib/microlib/init/entry.s            0x00000000   Number         0  entry11b.o ABSOLUTE
    ../clib/microlib/init/entry.s            0x00000000   Number         0  entry11a.o ABSOLUTE
    ../clib/microlib/init/entry.s            0x00000000   Number         0  entry10b.o ABSOLUTE
    ../clib/microlib/init/entry.s            0x00000000   Number         0  entry9b.o ABSOLUTE
    ../clib/microlib/init/entry.s            0x00000000   Number         0  entry2.o ABSOLUTE
    ../clib/microlib/init/entry.s            0x00000000   Number         0  entry5.o ABSOLUTE
    ../clib/microlib/init/entry.s            0x00000000   Number         0  entry.o ABSOLUTE
    ../clib/microlib/init/entry.s            0x00000000   Number         0  entry9a.o ABSOLUTE
    ../clib/microlib/longlong.c              0x00000000   Number         0  llsshr.o ABSOLUTE
    ../clib/microlib/longlong.c              0x00000000   Number         0  llushr.o ABSOLUTE
    ../clib/microlib/longlong.c              0x00000000   Number         0  llshl.o ABSOLUTE
    ../clib/microlib/printf/printf.c         0x00000000   Number         0  printf3.o ABSOLUTE
    ../clib/microlib/printf/printf.c         0x00000000   Number         0  printf5.o ABSOLUTE
    ../clib/microlib/printf/printf.c         0x00000000   Number         0  printf6.o ABSOLUTE
    ../clib/microlib/printf/printf.c         0x00000000   Number         0  printf8.o ABSOLUTE
    ../clib/microlib/printf/printf.c         0x00000000   Number         0  printfa.o ABSOLUTE
    ../clib/microlib/printf/printf.c         0x00000000   Number         0  printfb.o ABSOLUTE
    ../clib/microlib/printf/printf.c         0x00000000   Number         0  printf7.o ABSOLUTE
    ../clib/microlib/printf/printf.c         0x00000000   Number         0  printf0.o ABSOLUTE
    ../clib/microlib/printf/printf.c         0x00000000   Number         0  printf4.o ABSOLUTE
    ../clib/microlib/printf/printf.c         0x00000000   Number         0  printf1.o ABSOLUTE
    ../clib/microlib/printf/printf.c         0x00000000   Number         0  printf2.o ABSOLUTE
    ../clib/microlib/printf/stubs.s          0x00000000   Number         0  stubs.o ABSOLUTE
    ../clib/microlib/stdio/streams.c         0x00000000   Number         0  stdout.o ABSOLUTE
    ../clib/microlib/string/strcpy.c         0x00000000   Number         0  strcpy.o ABSOLUTE
    ../clib/microlib/string/strlen.c         0x00000000   Number         0  strlen.o ABSOLUTE
    ../clib/microlib/stubs.s                 0x00000000   Number         0  iusefp.o ABSOLUTE
    ../fplib/microlib/fpadd.c                0x00000000   Number         0  dadd.o ABSOLUTE
    ../fplib/microlib/fpdiv.c                0x00000000   Number         0  ddiv.o ABSOLUTE
    ../fplib/microlib/fpepilogue.c           0x00000000   Number         0  depilogue.o ABSOLUTE
    ../fplib/microlib/fpfix.c                0x00000000   Number         0  dfixul.o ABSOLUTE
    ../fplib/microlib/fpmul.c                0x00000000   Number         0  dmul.o ABSOLUTE
    FWlib\SRC\misc.c                         0x00000000   Number         0  misc.o ABSOLUTE
    FWlib\SRC\stm32f10x_adc.c                0x00000000   Number         0  stm32f10x_adc.o ABSOLUTE
    FWlib\SRC\stm32f10x_bkp.c                0x00000000   Number         0  stm32f10x_bkp.o ABSOLUTE
    FWlib\SRC\stm32f10x_dma.c                0x00000000   Number         0  stm32f10x_dma.o ABSOLUTE
    FWlib\SRC\stm32f10x_exti.c               0x00000000   Number         0  stm32f10x_exti.o ABSOLUTE
    FWlib\SRC\stm32f10x_gpio.c               0x00000000   Number         0  stm32f10x_gpio.o ABSOLUTE
    FWlib\SRC\stm32f10x_pwr.c                0x00000000   Number         0  stm32f10x_pwr.o ABSOLUTE
    FWlib\SRC\stm32f10x_rcc.c                0x00000000   Number         0  stm32f10x_rcc.o ABSOLUTE
    FWlib\SRC\stm32f10x_rtc.c                0x00000000   Number         0  stm32f10x_rtc.o ABSOLUTE
    FWlib\SRC\stm32f10x_sdio.c               0x00000000   Number         0  stm32f10x_sdio.o ABSOLUTE
    FWlib\SRC\stm32f10x_usart.c              0x00000000   Number         0  stm32f10x_usart.o ABSOLUTE
    cdrcmple.s                               0x00000000   Number         0  cdrcmple.o ABSOLUTE
    dc.s                                     0x00000000   Number         0  dc.o ABSOLUTE
    fatfs\diskio.c                           0x00000000   Number         0  diskio.o ABSOLUTE
    fatfs\ff.c                               0x00000000   Number         0  ff.o ABSOLUTE
    handlers.s                               0x00000000   Number         0  handlers.o ABSOLUTE
    init.s                                   0x00000000   Number         0  init.o ABSOLUTE
    startup\startup_stm32f10x_hd.s           0x00000000   Number         0  startup_stm32f10x_hd.o ABSOLUTE
    user\\core_cm3.c                         0x00000000   Number         0  core_cm3.o ABSOLUTE
    user\adc.c                               0x00000000   Number         0  adc.o ABSOLUTE
    user\core_cm3.c                          0x00000000   Number         0  core_cm3.o ABSOLUTE
    user\gpio.c                              0x00000000   Number         0  gpio.o ABSOLUTE
    user\main.c                              0x00000000   Number         0  main.o ABSOLUTE
    user\rtc.c                               0x00000000   Number         0  rtc.o ABSOLUTE
    user\sdcard.c                            0x00000000   Number         0  sdcard.o ABSOLUTE
    user\stm32f10x_it.c                      0x00000000   Number         0  stm32f10x_it.o ABSOLUTE
    user\system_stm32f10x.c                  0x00000000   Number         0  system_stm32f10x.o ABSOLUTE
    RESET                                    0x08000000   Section      304  startup_stm32f10x_hd.o(RESET)
    .ARM.Collect$$$$00000000                 0x08000130   Section        0  entry.o(.ARM.Collect$$$$00000000)
    .ARM.Collect$$$$00000001                 0x08000130   Section        4  entry2.o(.ARM.Collect$$$$00000001)
    .ARM.Collect$$$$00000004                 0x08000134   Section        4  entry5.o(.ARM.Collect$$$$00000004)
    .ARM.Collect$$$$00000008                 0x08000138   Section        0  entry7b.o(.ARM.Collect$$$$00000008)
    .ARM.Collect$$$$0000000A                 0x08000138   Section        0  entry8b.o(.ARM.Collect$$$$0000000A)
    .ARM.Collect$$$$0000000B                 0x08000138   Section        8  entry9a.o(.ARM.Collect$$$$0000000B)
    .ARM.Collect$$$$0000000D                 0x08000140   Section        0  entry10a.o(.ARM.Collect$$$$0000000D)
    .ARM.Collect$$$$0000000F                 0x08000140   Section        0  entry11a.o(.ARM.Collect$$$$0000000F)
    .ARM.Collect$$$$00002712                 0x08000140   Section        4  entry2.o(.ARM.Collect$$$$00002712)
    __lit__00000000                          0x08000140   Data           4  entry2.o(.ARM.Collect$$$$00002712)
    .text                                    0x08000144   Section        0  stm32f10x_it.o(.text)
    .text                                    0x08000204   Section        0  sdcard.o(.text)
    CmdResp2Error                            0x08000205   Thumb Code    68  sdcard.o(.text)
    CmdResp6Error                            0x08000249   Thumb Code   150  sdcard.o(.text)
    CmdResp3Error                            0x0800040b   Thumb Code    50  sdcard.o(.text)
    CmdResp1Error                            0x0800043d   Thumb Code   296  sdcard.o(.text)
    CmdResp7Error                            0x08000565   Thumb Code    72  sdcard.o(.text)
    CmdError                                 0x080005ad   Thumb Code    44  sdcard.o(.text)
    GPIO_Configuration                       0x0800077b   Thumb Code    54  sdcard.o(.text)
    FindSCR                                  0x08000b4d   Thumb Code   388  sdcard.o(.text)
    SDEnWideBus                              0x08000cd1   Thumb Code   280  sdcard.o(.text)
    DMA_RxConfiguration                      0x08000ee1   Thumb Code    86  sdcard.o(.text)
    convert_from_bytes_to_power_of_two       0x08000f37   Thumb Code    18  sdcard.o(.text)
    IsCardProgramming                        0x0800148b   Thumb Code   394  sdcard.o(.text)
    DMA_TxConfiguration                      0x08001615   Thumb Code    88  sdcard.o(.text)
    .text                                    0x080023ec   Section        0  main.o(.text)
    scan_files                               0x08002f6b   Thumb Code   122  main.o(.text)
    NVIC_EnableIRQ                           0x080038bf   Thumb Code    24  main.o(.text)
    NVIC_DisableIRQ                          0x080038d7   Thumb Code    18  main.o(.text)
    .text                                    0x08003a5c   Section        0  rtc.o(.text)
    isDST                                    0x08003a5d   Thumb Code    54  rtc.o(.text)
    adjustDST                                0x08003a93   Thumb Code   100  rtc.o(.text)
    counter_to_struct                        0x08003af7   Thumb Code   200  rtc.o(.text)
    struct_to_counter                        0x08003bbf   Thumb Code   170  rtc.o(.text)
    .text                                    0x08003f30   Section        0  adc.o(.text)
    .text                                    0x08004264   Section        0  gpio.o(.text)
    .text                                    0x080045fc   Section        0  misc.o(.text)
    .text                                    0x080046d8   Section        0  stm32f10x_gpio.o(.text)
    .text                                    0x08004a04   Section        0  stm32f10x_rcc.o(.text)
    .text                                    0x08004da4   Section        0  stm32f10x_usart.o(.text)
    .text                                    0x08005114   Section        0  stm32f10x_sdio.o(.text)
    .text                                    0x080052e0   Section        0  stm32f10x_dma.o(.text)
    .text                                    0x0800551c   Section        0  stm32f10x_rtc.o(.text)
    .text                                    0x08005660   Section        0  stm32f10x_bkp.o(.text)
    .text                                    0x08005704   Section        0  stm32f10x_pwr.o(.text)
    .text                                    0x080057c4   Section        0  stm32f10x_adc.o(.text)
    .text                                    0x08005bf4   Section        0  stm32f10x_exti.o(.text)
    .text                                    0x08005d18   Section       48  startup_stm32f10x_hd.o(.text)
    .text                                    0x08005d48   Section        0  system_stm32f10x.o(.text)
    SetSysClockTo72                          0x08005d49   Thumb Code   218  system_stm32f10x.o(.text)
    SetSysClock                              0x08005e23   Thumb Code     8  system_stm32f10x.o(.text)
    .text                                    0x08005e80   Section        0  ff.o(.text)
    mem_cpy                                  0x08005e81   Thumb Code    26  ff.o(.text)
    mem_set                                  0x08005e9b   Thumb Code    20  ff.o(.text)
    mem_cmp                                  0x08005eaf   Thumb Code    38  ff.o(.text)
    chk_chr                                  0x08005ed5   Thumb Code    20  ff.o(.text)
    move_window                              0x08005ee9   Thumb Code   114  ff.o(.text)
    sync                                     0x08005f5b   Thumb Code   202  ff.o(.text)
    get_fat                                  0x08006025   Thumb Code   274  ff.o(.text)
    put_fat                                  0x08006137   Thumb Code   330  ff.o(.text)
    remove_chain                             0x08006281   Thumb Code   104  ff.o(.text)
    create_chain                             0x080062e9   Thumb Code   182  ff.o(.text)
    clust2sect                               0x0800639f   Thumb Code    26  ff.o(.text)
    dir_seek                                 0x080063b9   Thumb Code   156  ff.o(.text)
    dir_next                                 0x08006455   Thumb Code   274  ff.o(.text)
    dir_find                                 0x08006567   Thumb Code    92  ff.o(.text)
    dir_read                                 0x080065c3   Thumb Code    86  ff.o(.text)
    dir_register                             0x08006619   Thumb Code   120  ff.o(.text)
    dir_remove                               0x08006691   Thumb Code    44  ff.o(.text)
    create_name                              0x080066bd   Thumb Code   318  ff.o(.text)
    get_fileinfo                             0x080067fb   Thumb Code   188  ff.o(.text)
    follow_path                              0x080068b7   Thumb Code   150  ff.o(.text)
    check_fs                                 0x0800694d   Thumb Code   100  ff.o(.text)
    auto_mount                               0x080069b1   Thumb Code   752  ff.o(.text)
    validate                                 0x08006ca1   Thumb Code    42  ff.o(.text)
    .text                                    0x08007b9c   Section        0  diskio.o(.text)
    .text                                    0x08007c12   Section        0  strlen.o(.text)
    .text                                    0x08007c20   Section        0  strcpy.o(.text)
    .text                                    0x08007c32   Section        0  uidiv.o(.text)
    .text                                    0x08007c60   Section       36  init.o(.text)
    .text                                    0x08007c84   Section        0  __dczerorl2.o(.text)
    i.__0printf$6                            0x08007ce0   Section        0  printf6.o(i.__0printf$6)
    i.__0sprintf$6                           0x08007d00   Section        0  printf6.o(i.__0sprintf$6)
    i.__scatterload_copy                     0x08007d28   Section       14  handlers.o(i.__scatterload_copy)
    i.__scatterload_null                     0x08007d36   Section        2  handlers.o(i.__scatterload_null)
    i.__scatterload_zeroinit                 0x08007d38   Section       14  handlers.o(i.__scatterload_zeroinit)
    i._printf_core                           0x08007d48   Section        0  printf6.o(i._printf_core)
    _printf_core                             0x08007d49   Thumb Code   750  printf6.o(i._printf_core)
    i._printf_post_padding                   0x0800803c   Section        0  printf6.o(i._printf_post_padding)
    _printf_post_padding                     0x0800803d   Thumb Code    38  printf6.o(i._printf_post_padding)
    i._printf_pre_padding                    0x08008062   Section        0  printf6.o(i._printf_pre_padding)
    _printf_pre_padding                      0x08008063   Thumb Code    48  printf6.o(i._printf_pre_padding)
    i._sputc                                 0x08008092   Section        0  printf6.o(i._sputc)
    _sputc                                   0x08008093   Thumb Code    10  printf6.o(i._sputc)
    .constdata                               0x0800809c   Section      651  main.o(.constdata)
    .constdata                               0x08008328   Section       79  rtc.o(.constdata)
    DaysInMonth                              0x08008328   Data          12  rtc.o(.constdata)
    .constdata                               0x08008378   Section       20  system_stm32f10x.o(.constdata)
    .constdata                               0x0800838c   Section        4  ff.o(.constdata)
    fatstr                                   0x0800838c   Data           4  ff.o(.constdata)
    .data                                    0x20000000   Section       40  sdcard.o(.data)
    CardType                                 0x20000000   Data           4  sdcard.o(.data)
    RCA                                      0x20000004   Data           4  sdcard.o(.data)
    DeviceMode                               0x20000008   Data           4  sdcard.o(.data)
    TotalNumberOfBytes                       0x2000000c   Data           4  sdcard.o(.data)
    StopCondition                            0x20000010   Data           4  sdcard.o(.data)
    .data                                    0x20000028   Section      364  main.o(.data)
    tick                                     0x20000180   Data           2  main.o(.data)
    .data                                    0x20000194   Section        4  rtc.o(.data)
    .data                                    0x20000198   Section       10  adc.o(.data)
    .data                                    0x200001a2   Section       20  stm32f10x_rcc.o(.data)
    APBAHBPrescTable                         0x200001a2   Data          16  stm32f10x_rcc.o(.data)
    ADCPrescTable                            0x200001b2   Data           4  stm32f10x_rcc.o(.data)
    .data                                    0x200001b8   Section        6  ff.o(.data)
    FatFs                                    0x200001b8   Data           4  ff.o(.data)
    Fsid                                     0x200001bc   Data           2  ff.o(.data)
    .data                                    0x200001c0   Section        4  stdout.o(.data)
    .bss                                     0x200001c4   Section      100  sdcard.o(.bss)
    CSD_Tab                                  0x200001c4   Data          16  sdcard.o(.bss)
    CID_Tab                                  0x200001d4   Data          16  sdcard.o(.bss)
    .bss                                     0x20000228   Section     5000  main.o(.bss)
    WARNING                                  0x20000228   Data          48  main.o(.bss)
    CurrentTime                              0x20000258   Data          10  main.o(.bss)
    OldTime                                  0x20000262   Data          10  main.o(.bss)
    .bss                                     0x200015b0   Section      424  adc.o(.bss)
    STACK                                    0x20001758   Section      512  startup_stm32f10x_hd.o(STACK)

    Global Symbols

    Symbol Name                              Value     Ov Type        Size  Object(Section)

    BuildAttributes$$THM_ISAv4$P$D$K$B$S$PE$A:L22UL41UL21$X:L11$S22US41US21$IEEE1$IW$USESV6$~STKCKD$USESV7$~SHL$OSPACE$ROPI$EBA8$MICROLIB$REQ8$PRES8$EABIv2 0x00000000   Number         0  anon$$obj.o ABSOLUTE
    __ARM_use_no_argv                        0x00000000   Number         0  main.o ABSOLUTE
    _printf_a                                0x00000000   Number         0  stubs.o ABSOLUTE
    _printf_c                                0x00000000   Number         0  stubs.o ABSOLUTE
    _printf_charcount                        0x00000000   Number         0  stubs.o ABSOLUTE
    _printf_d                                0x00000000   Number         0  stubs.o ABSOLUTE
    _printf_e                                0x00000000   Number         0  stubs.o ABSOLUTE
    _printf_f                                0x00000000   Number         0  stubs.o ABSOLUTE
    _printf_flags                            0x00000000   Number         0  stubs.o ABSOLUTE
    _printf_fp_dec                           0x00000000   Number         0  stubs.o ABSOLUTE
    _printf_fp_hex                           0x00000000   Number         0  stubs.o ABSOLUTE
    _printf_g                                0x00000000   Number         0  stubs.o ABSOLUTE
    _printf_i                                0x00000000   Number         0  stubs.o ABSOLUTE
    _printf_int_dec                          0x00000000   Number         0  stubs.o ABSOLUTE
    _printf_l                                0x00000000   Number         0  stubs.o ABSOLUTE
    _printf_lc                               0x00000000   Number         0  stubs.o ABSOLUTE
    _printf_ll                               0x00000000   Number         0  stubs.o ABSOLUTE
    _printf_lld                              0x00000000   Number         0  stubs.o ABSOLUTE
    _printf_lli                              0x00000000   Number         0  stubs.o ABSOLUTE
    _printf_llo                              0x00000000   Number         0  stubs.o ABSOLUTE
    _printf_llu                              0x00000000   Number         0  stubs.o ABSOLUTE
    _printf_llx                              0x00000000   Number         0  stubs.o ABSOLUTE
    _printf_longlong_dec                     0x00000000   Number         0  stubs.o ABSOLUTE
    _printf_longlong_hex                     0x00000000   Number         0  stubs.o ABSOLUTE
    _printf_longlong_oct                     0x00000000   Number         0  stubs.o ABSOLUTE
    _printf_ls                               0x00000000   Number         0  stubs.o ABSOLUTE
    _printf_mbtowc                           0x00000000   Number         0  stubs.o ABSOLUTE
    _printf_n                                0x00000000   Number         0  stubs.o ABSOLUTE
    _printf_o                                0x00000000   Number         0  stubs.o ABSOLUTE
    _printf_p                                0x00000000   Number         0  stubs.o ABSOLUTE
    _printf_percent                          0x00000000   Number         0  stubs.o ABSOLUTE
    _printf_pre_padding                      0x00000000   Number         0  stubs.o ABSOLUTE
    _printf_return_value                     0x00000000   Number         0  stubs.o ABSOLUTE
    _printf_s                                0x00000000   Number         0  stubs.o ABSOLUTE
    _printf_sizespec                         0x00000000   Number         0  stubs.o ABSOLUTE
    _printf_str                              0x00000000   Number         0  stubs.o ABSOLUTE
    _printf_truncate_signed                  0x00000000   Number         0  stubs.o ABSOLUTE
    _printf_truncate_unsigned                0x00000000   Number         0  stubs.o ABSOLUTE
    _printf_u                                0x00000000   Number         0  stubs.o ABSOLUTE
    _printf_wc                               0x00000000   Number         0  stubs.o ABSOLUTE
    _printf_wctomb                           0x00000000   Number         0  stubs.o ABSOLUTE
    _printf_widthprec                        0x00000000   Number         0  stubs.o ABSOLUTE
    _printf_x                                0x00000000   Number         0  stubs.o ABSOLUTE
    __cpp_initialize__aeabi_                  - Undefined Weak Reference
    __cxa_finalize                            - Undefined Weak Reference
    _clock_init                               - Undefined Weak Reference
    _microlib_exit                            - Undefined Weak Reference
    __Vectors_Size                           0x00000130   Number         0  startup_stm32f10x_hd.o ABSOLUTE
    __Vectors                                0x08000000   Data           4  startup_stm32f10x_hd.o(RESET)
    __Vectors_End                            0x08000130   Data           0  startup_stm32f10x_hd.o(RESET)
    __main                                   0x08000131   Thumb Code     0  entry.o(.ARM.Collect$$$$00000000)
    _main_stk                                0x08000131   Thumb Code     0  entry2.o(.ARM.Collect$$$$00000001)
    _main_scatterload                        0x08000135   Thumb Code     0  entry5.o(.ARM.Collect$$$$00000004)
    __main_after_scatterload                 0x08000139   Thumb Code     0  entry5.o(.ARM.Collect$$$$00000004)
    _main_clock                              0x08000139   Thumb Code     0  entry7b.o(.ARM.Collect$$$$00000008)
    _main_cpp_init                           0x08000139   Thumb Code     0  entry8b.o(.ARM.Collect$$$$0000000A)
    _main_init                               0x08000139   Thumb Code     0  entry9a.o(.ARM.Collect$$$$0000000B)
    __rt_final_cpp                           0x08000141   Thumb Code     0  entry10a.o(.ARM.Collect$$$$0000000D)
    __rt_final_exit                          0x08000141   Thumb Code     0  entry11a.o(.ARM.Collect$$$$0000000F)
    NMI_Handler                              0x08000145   Thumb Code     2  stm32f10x_it.o(.text)
    HardFault_Handler                        0x08000147   Thumb Code     4  stm32f10x_it.o(.text)
    MemManage_Handler                        0x0800014b   Thumb Code     4  stm32f10x_it.o(.text)
    BusFault_Handler                         0x0800014f   Thumb Code     4  stm32f10x_it.o(.text)
    UsageFault_Handler                       0x08000153   Thumb Code     4  stm32f10x_it.o(.text)
    DebugMon_Handler                         0x08000157   Thumb Code     2  stm32f10x_it.o(.text)
    SVC_Handler                              0x08000159   Thumb Code     2  stm32f10x_it.o(.text)
    PendSV_Handler                           0x0800015b   Thumb Code     2  stm32f10x_it.o(.text)
    SysTick_Handler                          0x0800015d   Thumb Code    18  stm32f10x_it.o(.text)
    SDIO_IRQHandler                          0x0800016f   Thumb Code     8  stm32f10x_it.o(.text)
    RTC_IRQHandler                           0x08000177   Thumb Code    48  stm32f10x_it.o(.text)
    DMA1_Channel1_IRQHandler                 0x080001a7   Thumb Code    18  stm32f10x_it.o(.text)
    DMA2_Channel4_5_IRQHandler               0x080001b9   Thumb Code    18  stm32f10x_it.o(.text)
    EXTI1_IRQHandler                         0x080001cb   Thumb Code    28  stm32f10x_it.o(.text)
    SD_InitializeCards                       0x080002df   Thumb Code   300  sdcard.o(.text)
    SD_PowerON                               0x080005d9   Thumb Code   418  sdcard.o(.text)
    SD_Init                                  0x080007b1   Thumb Code   126  sdcard.o(.text)
    SD_PowerOFF                              0x0800082f   Thumb Code    14  sdcard.o(.text)
    SD_GetCardInfo                           0x0800083d   Thumb Code   784  sdcard.o(.text)
    SD_EnableWideBusOperation                0x08000de9   Thumb Code   176  sdcard.o(.text)
    SD_SetDeviceMode                         0x08000e99   Thumb Code    24  sdcard.o(.text)
    SD_SelectDeselect                        0x08000eb1   Thumb Code    48  sdcard.o(.text)
    SD_ReadBlock                             0x08000f49   Thumb Code   568  sdcard.o(.text)
    SD_ReadMultiBlocks                       0x08001181   Thumb Code   778  sdcard.o(.text)
    SD_WriteBlock                            0x0800166d   Thumb Code   906  sdcard.o(.text)
    SD_WriteMultiBlocks                      0x080019f7   Thumb Code  1020  sdcard.o(.text)
    SD_GetTransferState                      0x08001df3   Thumb Code    18  sdcard.o(.text)
    SD_StopTransfer                          0x08001e05   Thumb Code    46  sdcard.o(.text)
    SD_Erase                                 0x08001e33   Thumb Code   360  sdcard.o(.text)
    SD_SendStatus                            0x08001f9b   Thumb Code    76  sdcard.o(.text)
    SD_SendSDStatus                          0x08001fe7   Thumb Code   416  sdcard.o(.text)
    SD_ProcessIRQSrc                         0x08002187   Thumb Code   606  sdcard.o(.text)
    Delay                                    0x080023ed   Thumb Code    20  main.o(.text)
    TimingDelay_Decrement                    0x08002401   Thumb Code    18  main.o(.text)
    RCC_Configuration                        0x08002413   Thumb Code     8  main.o(.text)
    Remapping                                0x0800241b   Thumb Code  2208  main.o(.text)
    Converting                               0x08002cbb   Thumb Code   106  main.o(.text)
    ValueCell                                0x08002d25   Thumb Code   366  main.o(.text)
    Checking                                 0x08002e93   Thumb Code    52  main.o(.text)
    Light                                    0x08002ec7   Thumb Code    28  main.o(.text)
    Tick                                     0x08002ee3   Thumb Code   136  main.o(.text)
    CreateFile                               0x08002fe5   Thumb Code   368  main.o(.text)
    WriteFile                                0x08003155   Thumb Code   360  main.o(.text)
    Serial_Init                              0x080032bd   Thumb Code   148  main.o(.text)
    NVIC_Configuration                       0x08003351   Thumb Code   158  main.o(.text)
    main                                     0x080033ef   Thumb Code  1000  main.o(.text)
    SendChar                                 0x080037d7   Thumb Code    28  main.o(.text)
    GetKey                                   0x080037f3   Thumb Code    22  main.o(.text)
    fstring                                  0x08003809   Thumb Code    40  main.o(.text)
    fputc                                    0x08003831   Thumb Code    32  main.o(.text)
    USART_Scanf                              0x08003851   Thumb Code   110  main.o(.text)
    rtc_gettime                              0x08003c69   Thumb Code    38  rtc.o(.text)
    my_RTC_SetCounter                        0x08003c8f   Thumb Code    20  rtc.o(.text)
    rtc_settime                              0x08003ca3   Thumb Code    42  rtc.o(.text)
    rtc_init                                 0x08003ccd   Thumb Code   154  rtc.o(.text)
    RTC_Configuration                        0x08003d67   Thumb Code    88  rtc.o(.text)
    Time_Regulate                            0x08003dbf   Thumb Code   210  rtc.o(.text)
    ADCInit                                  0x08003f31   Thumb Code   540  adc.o(.text)
    DMAInit                                  0x0800414d   Thumb Code   172  adc.o(.text)
    ADC_Read                                 0x080041f9   Thumb Code    56  adc.o(.text)
    GPIOInit                                 0x08004265   Thumb Code   274  gpio.o(.text)
    Set_IO                                   0x08004377   Thumb Code   310  gpio.o(.text)
    Reset_IO                                 0x080044ad   Thumb Code   310  gpio.o(.text)
    NVIC_PriorityGroupConfig                 0x080045fd   Thumb Code    10  misc.o(.text)
    NVIC_Init                                0x08004607   Thumb Code   102  misc.o(.text)
    NVIC_SetVectorTable                      0x0800466d   Thumb Code    14  misc.o(.text)
    NVIC_SystemLPConfig                      0x0800467b   Thumb Code    34  misc.o(.text)
    SysTick_CLKSourceConfig                  0x0800469d   Thumb Code    40  misc.o(.text)
    GPIO_DeInit                              0x080046d9   Thumb Code   188  stm32f10x_gpio.o(.text)
    GPIO_AFIODeInit                          0x08004795   Thumb Code    20  stm32f10x_gpio.o(.text)
    GPIO_Init                                0x080047a9   Thumb Code   274  stm32f10x_gpio.o(.text)
    GPIO_StructInit                          0x080048bb   Thumb Code    16  stm32f10x_gpio.o(.text)
    GPIO_ReadInputDataBit                    0x080048cb   Thumb Code    18  stm32f10x_gpio.o(.text)
    GPIO_ReadInputData                       0x080048dd   Thumb Code     8  stm32f10x_gpio.o(.text)
    GPIO_ReadOutputDataBit                   0x080048e5   Thumb Code    18  stm32f10x_gpio.o(.text)
    GPIO_ReadOutputData                      0x080048f7   Thumb Code     8  stm32f10x_gpio.o(.text)
    GPIO_SetBits                             0x080048ff   Thumb Code     4  stm32f10x_gpio.o(.text)
    GPIO_ResetBits                           0x08004903   Thumb Code     4  stm32f10x_gpio.o(.text)
    GPIO_WriteBit                            0x08004907   Thumb Code    10  stm32f10x_gpio.o(.text)
    GPIO_Write                               0x08004911   Thumb Code     4  stm32f10x_gpio.o(.text)
    GPIO_PinLockConfig                       0x08004915   Thumb Code    18  stm32f10x_gpio.o(.text)
    GPIO_EventOutputConfig                   0x08004927   Thumb Code    26  stm32f10x_gpio.o(.text)
    GPIO_EventOutputCmd                      0x08004941   Thumb Code     6  stm32f10x_gpio.o(.text)
    GPIO_PinRemapConfig                      0x08004947   Thumb Code   106  stm32f10x_gpio.o(.text)
    GPIO_EXTILineConfig                      0x080049b1   Thumb Code    66  stm32f10x_gpio.o(.text)
    RCC_DeInit                               0x08004a05   Thumb Code    62  stm32f10x_rcc.o(.text)
    RCC_HSEConfig                            0x08004a43   Thumb Code    70  stm32f10x_rcc.o(.text)
    RCC_GetFlagStatus                        0x08004a89   Thumb Code    56  stm32f10x_rcc.o(.text)
    RCC_WaitForHSEStartUp                    0x08004ac1   Thumb Code    54  stm32f10x_rcc.o(.text)
    RCC_AdjustHSICalibrationValue            0x08004af7   Thumb Code    20  stm32f10x_rcc.o(.text)
    RCC_HSICmd                               0x08004b0b   Thumb Code     6  stm32f10x_rcc.o(.text)
    RCC_PLLConfig                            0x08004b11   Thumb Code    24  stm32f10x_rcc.o(.text)
    RCC_PLLCmd                               0x08004b29   Thumb Code     6  stm32f10x_rcc.o(.text)
    RCC_SYSCLKConfig                         0x08004b2f   Thumb Code    18  stm32f10x_rcc.o(.text)
    RCC_GetSYSCLKSource                      0x08004b41   Thumb Code    10  stm32f10x_rcc.o(.text)
    RCC_HCLKConfig                           0x08004b4b   Thumb Code    18  stm32f10x_rcc.o(.text)
    RCC_PCLK1Config                          0x08004b5d   Thumb Code    18  stm32f10x_rcc.o(.text)
    RCC_PCLK2Config                          0x08004b6f   Thumb Code    20  stm32f10x_rcc.o(.text)
    RCC_ITConfig                             0x08004b83   Thumb Code    26  stm32f10x_rcc.o(.text)
    RCC_USBCLKConfig                         0x08004b9d   Thumb Code     6  stm32f10x_rcc.o(.text)
    RCC_ADCCLKConfig                         0x08004ba3   Thumb Code    18  stm32f10x_rcc.o(.text)
    RCC_LSEConfig                            0x08004bb5   Thumb Code    44  stm32f10x_rcc.o(.text)
    RCC_LSICmd                               0x08004be1   Thumb Code     6  stm32f10x_rcc.o(.text)
    RCC_RTCCLKConfig                         0x08004be7   Thumb Code    12  stm32f10x_rcc.o(.text)
    RCC_RTCCLKCmd                            0x08004bf3   Thumb Code     8  stm32f10x_rcc.o(.text)
    RCC_GetClocksFreq                        0x08004bfb   Thumb Code   192  stm32f10x_rcc.o(.text)
    RCC_AHBPeriphClockCmd                    0x08004cbb   Thumb Code    26  stm32f10x_rcc.o(.text)
    RCC_APB2PeriphClockCmd                   0x08004cd5   Thumb Code    26  stm32f10x_rcc.o(.text)
    RCC_APB1PeriphClockCmd                   0x08004cef   Thumb Code    26  stm32f10x_rcc.o(.text)
    RCC_APB2PeriphResetCmd                   0x08004d09   Thumb Code    26  stm32f10x_rcc.o(.text)
    RCC_APB1PeriphResetCmd                   0x08004d23   Thumb Code    26  stm32f10x_rcc.o(.text)
    RCC_BackupResetCmd                       0x08004d3d   Thumb Code     8  stm32f10x_rcc.o(.text)
    RCC_ClockSecuritySystemCmd               0x08004d45   Thumb Code     6  stm32f10x_rcc.o(.text)
    RCC_MCOConfig                            0x08004d4b   Thumb Code     6  stm32f10x_rcc.o(.text)
    RCC_ClearFlag                            0x08004d51   Thumb Code    14  stm32f10x_rcc.o(.text)
    RCC_GetITStatus                          0x08004d5f   Thumb Code    20  stm32f10x_rcc.o(.text)
    RCC_ClearITPendingBit                    0x08004d73   Thumb Code     6  stm32f10x_rcc.o(.text)
    USART_DeInit                             0x08004da5   Thumb Code   146  stm32f10x_usart.o(.text)
    USART_Init                               0x08004e37   Thumb Code   150  stm32f10x_usart.o(.text)
    USART_StructInit                         0x08004ecd   Thumb Code    24  stm32f10x_usart.o(.text)
    USART_ClockInit                          0x08004ee5   Thumb Code    34  stm32f10x_usart.o(.text)
    USART_ClockStructInit                    0x08004f07   Thumb Code    12  stm32f10x_usart.o(.text)
    USART_Cmd                                0x08004f13   Thumb Code    24  stm32f10x_usart.o(.text)
    USART_ITConfig                           0x08004f2b   Thumb Code    64  stm32f10x_usart.o(.text)
    USART_DMACmd                             0x08004f6b   Thumb Code    18  stm32f10x_usart.o(.text)
    USART_SetAddress                         0x08004f7d   Thumb Code    18  stm32f10x_usart.o(.text)
    USART_WakeUpConfig                       0x08004f8f   Thumb Code    18  stm32f10x_usart.o(.text)
    USART_ReceiverWakeUpCmd                  0x08004fa1   Thumb Code    24  stm32f10x_usart.o(.text)
    USART_LINBreakDetectLengthConfig         0x08004fb9   Thumb Code    18  stm32f10x_usart.o(.text)
    USART_LINCmd                             0x08004fcb   Thumb Code    24  stm32f10x_usart.o(.text)
    USART_SendData                           0x08004fe3   Thumb Code     8  stm32f10x_usart.o(.text)
    USART_ReceiveData                        0x08004feb   Thumb Code    10  stm32f10x_usart.o(.text)
    USART_SendBreak                          0x08004ff5   Thumb Code    10  stm32f10x_usart.o(.text)
    USART_SetGuardTime                       0x08004fff   Thumb Code    16  stm32f10x_usart.o(.text)
    USART_SetPrescaler                       0x0800500f   Thumb Code    16  stm32f10x_usart.o(.text)
    USART_SmartCardCmd                       0x0800501f   Thumb Code    24  stm32f10x_usart.o(.text)
    USART_SmartCardNACKCmd                   0x08005037   Thumb Code    24  stm32f10x_usart.o(.text)
    USART_HalfDuplexCmd                      0x0800504f   Thumb Code    24  stm32f10x_usart.o(.text)
    USART_IrDAConfig                         0x08005067   Thumb Code    18  stm32f10x_usart.o(.text)
    USART_IrDACmd                            0x08005079   Thumb Code    24  stm32f10x_usart.o(.text)
    USART_GetFlagStatus                      0x08005091   Thumb Code    18  stm32f10x_usart.o(.text)
    USART_ClearFlag                          0x080050a3   Thumb Code     6  stm32f10x_usart.o(.text)
    USART_GetITStatus                        0x080050a9   Thumb Code    76  stm32f10x_usart.o(.text)
    USART_ClearITPendingBit                  0x080050f5   Thumb Code    20  stm32f10x_usart.o(.text)
    SDIO_DeInit                              0x08005115   Thumb Code    28  stm32f10x_sdio.o(.text)
    SDIO_Init                                0x08005131   Thumb Code    42  stm32f10x_sdio.o(.text)
    SDIO_StructInit                          0x0800515b   Thumb Code    16  stm32f10x_sdio.o(.text)
    SDIO_ClockCmd                            0x0800516b   Thumb Code     6  stm32f10x_sdio.o(.text)
    SDIO_SetPowerState                       0x08005171   Thumb Code    22  stm32f10x_sdio.o(.text)
    SDIO_GetPowerState                       0x08005187   Thumb Code    10  stm32f10x_sdio.o(.text)
    SDIO_ITConfig                            0x08005191   Thumb Code    26  stm32f10x_sdio.o(.text)
    SDIO_DMACmd                              0x080051ab   Thumb Code     6  stm32f10x_sdio.o(.text)
    SDIO_SendCommand                         0x080051b1   Thumb Code    38  stm32f10x_sdio.o(.text)
    SDIO_CmdStructInit                       0x080051d7   Thumb Code    14  stm32f10x_sdio.o(.text)
    SDIO_GetCommandResponse                  0x080051e5   Thumb Code     8  stm32f10x_sdio.o(.text)
    SDIO_GetResponse                         0x080051ed   Thumb Code    10  stm32f10x_sdio.o(.text)
    SDIO_DataConfig                          0x080051f7   Thumb Code    42  stm32f10x_sdio.o(.text)
    SDIO_DataStructInit                      0x08005221   Thumb Code    20  stm32f10x_sdio.o(.text)
    SDIO_GetDataCounter                      0x08005235   Thumb Code     6  stm32f10x_sdio.o(.text)
    SDIO_ReadData                            0x0800523b   Thumb Code     6  stm32f10x_sdio.o(.text)
    SDIO_WriteData                           0x08005241   Thumb Code     6  stm32f10x_sdio.o(.text)
    SDIO_GetFIFOCount                        0x08005247   Thumb Code     6  stm32f10x_sdio.o(.text)
    SDIO_StartSDIOReadWait                   0x0800524d   Thumb Code     8  stm32f10x_sdio.o(.text)
    SDIO_StopSDIOReadWait                    0x08005255   Thumb Code     8  stm32f10x_sdio.o(.text)
    SDIO_SetSDIOReadWaitMode                 0x0800525d   Thumb Code     8  stm32f10x_sdio.o(.text)
    SDIO_SetSDIOOperation                    0x08005265   Thumb Code     8  stm32f10x_sdio.o(.text)
    SDIO_SendSDIOSuspendCmd                  0x0800526d   Thumb Code     6  stm32f10x_sdio.o(.text)
    SDIO_CommandCompletionCmd                0x08005273   Thumb Code     6  stm32f10x_sdio.o(.text)
    SDIO_CEATAITCmd                          0x08005279   Thumb Code    10  stm32f10x_sdio.o(.text)
    SDIO_SendCEATACmd                        0x08005283   Thumb Code     6  stm32f10x_sdio.o(.text)
    SDIO_GetFlagStatus                       0x08005289   Thumb Code    20  stm32f10x_sdio.o(.text)
    SDIO_ClearFlag                           0x0800529d   Thumb Code     6  stm32f10x_sdio.o(.text)
    SDIO_GetITStatus                         0x080052a3   Thumb Code    20  stm32f10x_sdio.o(.text)
    SDIO_ClearITPendingBit                   0x080052b7   Thumb Code     6  stm32f10x_sdio.o(.text)
    DMA_DeInit                               0x080052e1   Thumb Code   306  stm32f10x_dma.o(.text)
    DMA_Init                                 0x08005413   Thumb Code    60  stm32f10x_dma.o(.text)
    DMA_StructInit                           0x0800544f   Thumb Code    26  stm32f10x_dma.o(.text)
    DMA_Cmd                                  0x08005469   Thumb Code    22  stm32f10x_dma.o(.text)
    DMA_ITConfig                             0x0800547f   Thumb Code    18  stm32f10x_dma.o(.text)
    DMA_GetCurrDataCounter                   0x08005491   Thumb Code     8  stm32f10x_dma.o(.text)
    DMA_GetFlagStatus                        0x08005499   Thumb Code    38  stm32f10x_dma.o(.text)
    DMA_ClearFlag                            0x080054bf   Thumb Code    20  stm32f10x_dma.o(.text)
    DMA_GetITStatus                          0x080054d3   Thumb Code    38  stm32f10x_dma.o(.text)
    DMA_ClearITPendingBit                    0x080054f9   Thumb Code    20  stm32f10x_dma.o(.text)
    RTC_ITConfig                             0x0800551d   Thumb Code    26  stm32f10x_rtc.o(.text)
    RTC_EnterConfigMode                      0x08005537   Thumb Code    18  stm32f10x_rtc.o(.text)
    RTC_ExitConfigMode                       0x08005549   Thumb Code    20  stm32f10x_rtc.o(.text)
    RTC_GetCounter                           0x0800555d   Thumb Code    18  stm32f10x_rtc.o(.text)
    RTC_SetCounter                           0x0800556f   Thumb Code    26  stm32f10x_rtc.o(.text)
    RTC_SetPrescaler                         0x08005589   Thumb Code    28  stm32f10x_rtc.o(.text)
    RTC_SetAlarm                             0x080055a5   Thumb Code    26  stm32f10x_rtc.o(.text)
    RTC_GetDivider                           0x080055bf   Thumb Code    22  stm32f10x_rtc.o(.text)
    RTC_WaitForLastTask                      0x080055d5   Thumb Code    16  stm32f10x_rtc.o(.text)
    RTC_WaitForSynchro                       0x080055e5   Thumb Code    34  stm32f10x_rtc.o(.text)
    RTC_GetFlagStatus                        0x08005607   Thumb Code    22  stm32f10x_rtc.o(.text)
    RTC_ClearFlag                            0x0800561d   Thumb Code    16  stm32f10x_rtc.o(.text)
    RTC_GetITStatus                          0x0800562d   Thumb Code    32  stm32f10x_rtc.o(.text)
    RTC_ClearITPendingBit                    0x0800564d   Thumb Code    16  stm32f10x_rtc.o(.text)
    BKP_DeInit                               0x08005661   Thumb Code    16  stm32f10x_bkp.o(.text)
    BKP_TamperPinLevelConfig                 0x08005671   Thumb Code     6  stm32f10x_bkp.o(.text)
    BKP_TamperPinCmd                         0x08005677   Thumb Code     8  stm32f10x_bkp.o(.text)
    BKP_ITConfig                             0x0800567f   Thumb Code     8  stm32f10x_bkp.o(.text)
    BKP_RTCOutputConfig                      0x08005687   Thumb Code    22  stm32f10x_bkp.o(.text)
    BKP_SetRTCCalibrationValue               0x0800569d   Thumb Code    22  stm32f10x_bkp.o(.text)
    BKP_WriteBackupRegister                  0x080056b3   Thumb Code     8  stm32f10x_bkp.o(.text)
    BKP_ReadBackupRegister                   0x080056bb   Thumb Code    10  stm32f10x_bkp.o(.text)
    BKP_GetFlagStatus                        0x080056c5   Thumb Code    10  stm32f10x_bkp.o(.text)
    BKP_ClearFlag                            0x080056cf   Thumb Code    18  stm32f10x_bkp.o(.text)
    BKP_GetITStatus                          0x080056e1   Thumb Code    10  stm32f10x_bkp.o(.text)
    BKP_ClearITPendingBit                    0x080056eb   Thumb Code    18  stm32f10x_bkp.o(.text)
    PWR_DeInit                               0x08005705   Thumb Code    22  stm32f10x_pwr.o(.text)
    PWR_BackupAccessCmd                      0x0800571b   Thumb Code     6  stm32f10x_pwr.o(.text)
    PWR_PVDCmd                               0x08005721   Thumb Code     6  stm32f10x_pwr.o(.text)
    PWR_PVDLevelConfig                       0x08005727   Thumb Code    18  stm32f10x_pwr.o(.text)
    PWR_WakeUpPinCmd                         0x08005739   Thumb Code     6  stm32f10x_pwr.o(.text)
    PWR_EnterSTOPMode                        0x0800573f   Thumb Code    42  stm32f10x_pwr.o(.text)
    PWR_EnterSTANDBYMode                     0x08005769   Thumb Code    42  stm32f10x_pwr.o(.text)
    PWR_GetFlagStatus                        0x08005793   Thumb Code    20  stm32f10x_pwr.o(.text)
    PWR_ClearFlag                            0x080057a7   Thumb Code    14  stm32f10x_pwr.o(.text)
    ADC_DeInit                               0x080057c5   Thumb Code    90  stm32f10x_adc.o(.text)
    ADC_Init                                 0x0800581f   Thumb Code    70  stm32f10x_adc.o(.text)
    ADC_StructInit                           0x08005865   Thumb Code    18  stm32f10x_adc.o(.text)
    ADC_Cmd                                  0x08005877   Thumb Code    22  stm32f10x_adc.o(.text)
    ADC_DMACmd                               0x0800588d   Thumb Code    22  stm32f10x_adc.o(.text)
    ADC_ITConfig                             0x080058a3   Thumb Code    24  stm32f10x_adc.o(.text)
    ADC_ResetCalibration                     0x080058bb   Thumb Code    10  stm32f10x_adc.o(.text)
    ADC_GetResetCalibrationStatus            0x080058c5   Thumb Code    20  stm32f10x_adc.o(.text)
    ADC_StartCalibration                     0x080058d9   Thumb Code    10  stm32f10x_adc.o(.text)
    ADC_GetCalibrationStatus                 0x080058e3   Thumb Code    20  stm32f10x_adc.o(.text)
    ADC_SoftwareStartConvCmd                 0x080058f7   Thumb Code    22  stm32f10x_adc.o(.text)
    ADC_GetSoftwareStartConvStatus           0x0800590d   Thumb Code    20  stm32f10x_adc.o(.text)
    ADC_DiscModeChannelCountConfig           0x08005921   Thumb Code    24  stm32f10x_adc.o(.text)
    ADC_DiscModeCmd                          0x08005939   Thumb Code    22  stm32f10x_adc.o(.text)
    ADC_RegularChannelConfig                 0x0800594f   Thumb Code   184  stm32f10x_adc.o(.text)
    ADC_ExternalTrigConvCmd                  0x08005a07   Thumb Code    22  stm32f10x_adc.o(.text)
    ADC_GetConversionValue                   0x08005a1d   Thumb Code     8  stm32f10x_adc.o(.text)
    ADC_GetDualModeConversionValue           0x08005a25   Thumb Code     6  stm32f10x_adc.o(.text)
    ADC_AutoInjectedConvCmd                  0x08005a2b   Thumb Code    22  stm32f10x_adc.o(.text)
    ADC_InjectedDiscModeCmd                  0x08005a41   Thumb Code    22  stm32f10x_adc.o(.text)
    ADC_ExternalTrigInjectedConvConfig       0x08005a57   Thumb Code    16  stm32f10x_adc.o(.text)
    ADC_ExternalTrigInjectedConvCmd          0x08005a67   Thumb Code    22  stm32f10x_adc.o(.text)
    ADC_SoftwareStartInjectedConvCmd         0x08005a7d   Thumb Code    22  stm32f10x_adc.o(.text)
    ADC_GetSoftwareStartInjectedConvCmdStatus 0x08005a93   Thumb Code    20  stm32f10x_adc.o(.text)
    ADC_InjectedChannelConfig                0x08005aa7   Thumb Code   130  stm32f10x_adc.o(.text)
    ADC_InjectedSequencerLengthConfig        0x08005b29   Thumb Code    24  stm32f10x_adc.o(.text)
    ADC_SetInjectedOffset                    0x08005b41   Thumb Code     4  stm32f10x_adc.o(.text)
    ADC_GetInjectedConversionValue           0x08005b45   Thumb Code    10  stm32f10x_adc.o(.text)
    ADC_AnalogWatchdogCmd                    0x08005b4f   Thumb Code    16  stm32f10x_adc.o(.text)
    ADC_AnalogWatchdogThresholdsConfig       0x08005b5f   Thumb Code     6  stm32f10x_adc.o(.text)
    ADC_AnalogWatchdogSingleChannelConfig    0x08005b65   Thumb Code    16  stm32f10x_adc.o(.text)
    ADC_TempSensorVrefintCmd                 0x08005b75   Thumb Code    38  stm32f10x_adc.o(.text)
    ADC_GetFlagStatus                        0x08005b9b   Thumb Code    38  stm32f10x_adc.o(.text)
    ADC_ClearFlag                            0x08005bc1   Thumb Code     6  stm32f10x_adc.o(.text)
    ADC_GetITStatus                          0x08005bc7   Thumb Code    36  stm32f10x_adc.o(.text)
    ADC_ClearITPendingBit                    0x08005beb   Thumb Code    10  stm32f10x_adc.o(.text)
    EXTI_DeInit                              0x08005bf5   Thumb Code    28  stm32f10x_exti.o(.text)
    EXTI_Init                                0x08005c11   Thumb Code   150  stm32f10x_exti.o(.text)
    EXTI_StructInit                          0x08005ca7   Thumb Code    16  stm32f10x_exti.o(.text)
    EXTI_GenerateSWInterrupt                 0x08005cb7   Thumb Code    16  stm32f10x_exti.o(.text)
    EXTI_GetFlagStatus                       0x08005cc7   Thumb Code    22  stm32f10x_exti.o(.text)
    EXTI_ClearFlag                           0x08005cdd   Thumb Code     8  stm32f10x_exti.o(.text)
    EXTI_GetITStatus                         0x08005ce5   Thumb Code    34  stm32f10x_exti.o(.text)
    EXTI_ClearITPendingBit                   0x08005d07   Thumb Code     8  stm32f10x_exti.o(.text)
    SystemInit_ExtMemCtl                     0x08005d19   Thumb Code     2  startup_stm32f10x_hd.o(.text)
    Reset_Handler                            0x08005d1b   Thumb Code    14  startup_stm32f10x_hd.o(.text)
    ADC1_2_IRQHandler                        0x08005d3b   Thumb Code     0  startup_stm32f10x_hd.o(.text)
    ADC3_IRQHandler                          0x08005d3b   Thumb Code     0  startup_stm32f10x_hd.o(.text)
    CAN1_RX1_IRQHandler                      0x08005d3b   Thumb Code     0  startup_stm32f10x_hd.o(.text)
    CAN1_SCE_IRQHandler                      0x08005d3b   Thumb Code     0  startup_stm32f10x_hd.o(.text)
    DMA1_Channel2_IRQHandler                 0x08005d3b   Thumb Code     0  startup_stm32f10x_hd.o(.text)
    DMA1_Channel3_IRQHandler                 0x08005d3b   Thumb Code     0  startup_stm32f10x_hd.o(.text)
    DMA1_Channel4_IRQHandler                 0x08005d3b   Thumb Code     0  startup_stm32f10x_hd.o(.text)
    DMA1_Channel5_IRQHandler                 0x08005d3b   Thumb Code     0  startup_stm32f10x_hd.o(.text)
    DMA1_Channel6_IRQHandler                 0x08005d3b   Thumb Code     0  startup_stm32f10x_hd.o(.text)
    DMA1_Channel7_IRQHandler                 0x08005d3b   Thumb Code     0  startup_stm32f10x_hd.o(.text)
    DMA2_Channel1_IRQHandler                 0x08005d3b   Thumb Code     0  startup_stm32f10x_hd.o(.text)
    DMA2_Channel2_IRQHandler                 0x08005d3b   Thumb Code     0  startup_stm32f10x_hd.o(.text)
    DMA2_Channel3_IRQHandler                 0x08005d3b   Thumb Code     0  startup_stm32f10x_hd.o(.text)
    EXTI0_IRQHandler                         0x08005d3b   Thumb Code     0  startup_stm32f10x_hd.o(.text)
    EXTI15_10_IRQHandler                     0x08005d3b   Thumb Code     0  startup_stm32f10x_hd.o(.text)
    EXTI2_IRQHandler                         0x08005d3b   Thumb Code     0  startup_stm32f10x_hd.o(.text)
    EXTI3_IRQHandler                         0x08005d3b   Thumb Code     0  startup_stm32f10x_hd.o(.text)
    EXTI4_IRQHandler                         0x08005d3b   Thumb Code     0  startup_stm32f10x_hd.o(.text)
    EXTI9_5_IRQHandler                       0x08005d3b   Thumb Code     0  startup_stm32f10x_hd.o(.text)
    FLASH_IRQHandler                         0x08005d3b   Thumb Code     0  startup_stm32f10x_hd.o(.text)
    FSMC_IRQHandler                          0x08005d3b   Thumb Code     0  startup_stm32f10x_hd.o(.text)
    I2C1_ER_IRQHandler                       0x08005d3b   Thumb Code     0  startup_stm32f10x_hd.o(.text)
    I2C1_EV_IRQHandler                       0x08005d3b   Thumb Code     0  startup_stm32f10x_hd.o(.text)
    I2C2_ER_IRQHandler                       0x08005d3b   Thumb Code     0  startup_stm32f10x_hd.o(.text)
    I2C2_EV_IRQHandler                       0x08005d3b   Thumb Code     0  startup_stm32f10x_hd.o(.text)
    PVD_IRQHandler                           0x08005d3b   Thumb Code     0  startup_stm32f10x_hd.o(.text)
    RCC_IRQHandler                           0x08005d3b   Thumb Code     0  startup_stm32f10x_hd.o(.text)
    RTCAlarm_IRQHandler                      0x08005d3b   Thumb Code     0  startup_stm32f10x_hd.o(.text)
    SPI1_IRQHandler                          0x08005d3b   Thumb Code     0  startup_stm32f10x_hd.o(.text)
    SPI2_IRQHandler                          0x08005d3b   Thumb Code     0  startup_stm32f10x_hd.o(.text)
    SPI3_IRQHandler                          0x08005d3b   Thumb Code     0  startup_stm32f10x_hd.o(.text)
    TAMPER_IRQHandler                        0x08005d3b   Thumb Code     0  startup_stm32f10x_hd.o(.text)
    TIM1_BRK_IRQHandler                      0x08005d3b   Thumb Code     0  startup_stm32f10x_hd.o(.text)
    TIM1_CC_IRQHandler                       0x08005d3b   Thumb Code     0  startup_stm32f10x_hd.o(.text)
    TIM1_TRG_COM_IRQHandler                  0x08005d3b   Thumb Code     0  startup_stm32f10x_hd.o(.text)
    TIM1_UP_IRQHandler                       0x08005d3b   Thumb Code     0  startup_stm32f10x_hd.o(.text)
    TIM2_IRQHandler                          0x08005d3b   Thumb Code     0  startup_stm32f10x_hd.o(.text)
    TIM3_IRQHandler                          0x08005d3b   Thumb Code     0  startup_stm32f10x_hd.o(.text)
    TIM4_IRQHandler                          0x08005d3b   Thumb Code     0  startup_stm32f10x_hd.o(.text)
    TIM5_IRQHandler                          0x08005d3b   Thumb Code     0  startup_stm32f10x_hd.o(.text)
    TIM6_IRQHandler                          0x08005d3b   Thumb Code     0  startup_stm32f10x_hd.o(.text)
    TIM7_IRQHandler                          0x08005d3b   Thumb Code     0  startup_stm32f10x_hd.o(.text)
    TIM8_BRK_IRQHandler                      0x08005d3b   Thumb Code     0  startup_stm32f10x_hd.o(.text)
    TIM8_CC_IRQHandler                       0x08005d3b   Thumb Code     0  startup_stm32f10x_hd.o(.text)
    TIM8_TRG_COM_IRQHandler                  0x08005d3b   Thumb Code     0  startup_stm32f10x_hd.o(.text)
    TIM8_UP_IRQHandler                       0x08005d3b   Thumb Code     0  startup_stm32f10x_hd.o(.text)
    UART4_IRQHandler                         0x08005d3b   Thumb Code     0  startup_stm32f10x_hd.o(.text)
    UART5_IRQHandler                         0x08005d3b   Thumb Code     0  startup_stm32f10x_hd.o(.text)
    USART1_IRQHandler                        0x08005d3b   Thumb Code     0  startup_stm32f10x_hd.o(.text)
    USART2_IRQHandler                        0x08005d3b   Thumb Code     0  startup_stm32f10x_hd.o(.text)
    USART3_IRQHandler                        0x08005d3b   Thumb Code     0  startup_stm32f10x_hd.o(.text)
    USBWakeUp_IRQHandler                     0x08005d3b   Thumb Code     0  startup_stm32f10x_hd.o(.text)
    USB_HP_CAN1_TX_IRQHandler                0x08005d3b   Thumb Code     0  startup_stm32f10x_hd.o(.text)
    USB_LP_CAN1_RX0_IRQHandler               0x08005d3b   Thumb Code     0  startup_stm32f10x_hd.o(.text)
    WWDG_IRQHandler                          0x08005d3b   Thumb Code     0  startup_stm32f10x_hd.o(.text)
    SystemInit                               0x08005e2b   Thumb Code    68  system_stm32f10x.o(.text)
    f_mount                                  0x08006ccb   Thumb Code    38  ff.o(.text)
    f_open                                   0x08006cf1   Thumb Code   392  ff.o(.text)
    f_read                                   0x08006e79   Thumb Code   480  ff.o(.text)
    f_write                                  0x08007059   Thumb Code   526  ff.o(.text)
    f_sync                                   0x08007267   Thumb Code   182  ff.o(.text)
    f_close                                  0x0800731d   Thumb Code    22  ff.o(.text)
    f_lseek                                  0x08007333   Thumb Code   448  ff.o(.text)
    f_opendir                                0x080074f3   Thumb Code   104  ff.o(.text)
    f_readdir                                0x0800755b   Thumb Code    88  ff.o(.text)
    f_stat                                   0x080075b3   Thumb Code    58  ff.o(.text)
    f_getfree                                0x080075ed   Thumb Code   272  ff.o(.text)
    f_truncate                               0x080076fd   Thumb Code   158  ff.o(.text)
    f_unlink                                 0x0800779b   Thumb Code   186  ff.o(.text)
    f_mkdir                                  0x08007855   Thumb Code   390  ff.o(.text)
    f_chmod                                  0x080079db   Thumb Code    84  ff.o(.text)
    f_utime                                  0x08007a2f   Thumb Code    86  ff.o(.text)
    f_rename                                 0x08007a85   Thumb Code   280  ff.o(.text)
    disk_initialize                          0x08007b9d   Thumb Code     6  diskio.o(.text)
    disk_status                              0x08007ba3   Thumb Code     6  diskio.o(.text)
    disk_read                                0x08007ba9   Thumb Code    48  diskio.o(.text)
    disk_write                               0x08007bd9   Thumb Code    48  diskio.o(.text)
    disk_ioctl                               0x08007c09   Thumb Code     6  diskio.o(.text)
    get_fattime                              0x08007c0f   Thumb Code     4  diskio.o(.text)
    strlen                                   0x08007c13   Thumb Code    14  strlen.o(.text)
    strcpy                                   0x08007c21   Thumb Code    18  strcpy.o(.text)
    __aeabi_uidiv                            0x08007c33   Thumb Code     0  uidiv.o(.text)
    __aeabi_uidivmod                         0x08007c33   Thumb Code    44  uidiv.o(.text)
    __scatterload                            0x08007c61   Thumb Code    28  init.o(.text)
    __scatterload_rt2                        0x08007c61   Thumb Code     0  init.o(.text)
    __decompress                             0x08007c85   Thumb Code     0  __dczerorl2.o(.text)
    __decompress1                            0x08007c85   Thumb Code    92  __dczerorl2.o(.text)
    __0printf$6                              0x08007ce1   Thumb Code    22  printf6.o(i.__0printf$6)
    __1printf$6                              0x08007ce1   Thumb Code     0  printf6.o(i.__0printf$6)
    __2printf                                0x08007ce1   Thumb Code     0  printf6.o(i.__0printf$6)
    __0sprintf$6                             0x08007d01   Thumb Code    34  printf6.o(i.__0sprintf$6)
    __1sprintf$6                             0x08007d01   Thumb Code     0  printf6.o(i.__0sprintf$6)
    __2sprintf                               0x08007d01   Thumb Code     0  printf6.o(i.__0sprintf$6)
    __scatterload_copy                       0x08007d29   Thumb Code    14  handlers.o(i.__scatterload_copy)
    __scatterload_null                       0x08007d37   Thumb Code     2  handlers.o(i.__scatterload_null)
    __scatterload_zeroinit                   0x08007d39   Thumb Code    14  handlers.o(i.__scatterload_zeroinit)
    THRESHOLD                                0x0800809c   Data          48  main.o(.constdata)
    SystemFrequency                          0x08008378   Data           4  system_stm32f10x.o(.constdata)
    SystemFrequency_SysClk                   0x0800837c   Data           4  system_stm32f10x.o(.constdata)
    SystemFrequency_AHBClk                   0x08008380   Data           4  system_stm32f10x.o(.constdata)
    SystemFrequency_APB1Clk                  0x08008384   Data           4  system_stm32f10x.o(.constdata)
    SystemFrequency_APB2Clk                  0x08008388   Data           4  system_stm32f10x.o(.constdata)
    Region$$Table$$Base                      0x08008390   Number         0  anon$$obj.o(Region$$Table)
    Region$$Table$$Limit                     0x080083b0   Number         0  anon$$obj.o(Region$$Table)
    TransferError                            0x20000014   Data           1  sdcard.o(.data)
    TransferEnd                              0x20000018   Data           4  sdcard.o(.data)
    NumberOfBytes                            0x2000001c   Data           4  sdcard.o(.data)
    SrcBuffer                                0x20000020   Data           4  sdcard.o(.data)
    DestBuffer                               0x20000024   Data           4  sdcard.o(.data)
    TxBuffer1                                0x20000028   Data          45  main.o(.data)
    TxCounter1                               0x20000055   Data           1  main.o(.data)
    RxCounter1                               0x20000056   Data           1  main.o(.data)
    NbrOfDataToTransfer1                     0x20000057   Data           1  main.o(.data)
    NbrOfDataToRead1                         0x20000058   Data           1  main.o(.data)
    RESISTANCE                               0x2000005c   Data         288  main.o(.data)
    EraseStatus                              0x2000017c   Data           1  main.o(.data)
    TransferStatus1                          0x2000017d   Data           1  main.o(.data)
    TransferStatus2                          0x2000017e   Data           1  main.o(.data)
    Status                                   0x2000017f   Data           1  main.o(.data)
    rec_f                                    0x20000182   Data           1  main.o(.data)
    TimingDelay                              0x20000184   Data           4  main.o(.data)
    cmd                                      0x20000188   Data           1  main.o(.data)
    res                                      0x20000189   Data           1  main.o(.data)
    br                                       0x2000018c   Data           4  main.o(.data)
    bw                                       0x20000190   Data           4  main.o(.data)
    TimeDisplay                              0x20000194   Data           4  rtc.o(.data)
    adc_raw_val                              0x20000198   Data           2  adc.o(.data)
    potentionmeter_val                       0x2000019a   Data           2  adc.o(.data)
    statusADC1                               0x2000019c   Data           1  adc.o(.data)
    statusADC3                               0x2000019d   Data           1  adc.o(.data)
    GPIO_InitStructure                       0x2000019e   Data           4  adc.o(.data)
    __stdout                                 0x200001c0   Data           4  stdout.o(.data)
    SDIO_InitStructure                       0x200001e4   Data          24  sdcard.o(.bss)
    SDIO_CmdInitStructure                    0x200001fc   Data          20  sdcard.o(.bss)
    SDIO_DataInitStructure                   0x20000210   Data          24  sdcard.o(.bss)
    USART_InitStructure                      0x2000026c   Data          16  main.o(.bss)
    RxBuffer1                                0x2000027c   Data          44  main.o(.bss)
    CELL                                     0x200002a8   Data          98  main.o(.bss)
    SDCardInfo                               0x2000030c   Data          80  main.o(.bss)
    Buffer_Block_Tx                          0x2000035c   Data         512  main.o(.bss)
    Buffer_Block_Rx                          0x2000055c   Data         512  main.o(.bss)
    Buffer_MultiBlock_Tx                     0x2000075c   Data        1024  main.o(.bss)
    Buffer_MultiBlock_Rx                     0x20000b5c   Data        1024  main.o(.bss)
    fs                                       0x20000f5c   Data         560  main.o(.bss)
    fdst                                     0x2000118c   Data         548  main.o(.bss)
    buffer                                   0x200013b0   Data         512  main.o(.bss)
    ADC_InitStructure                        0x200015b0   Data          20  adc.o(.bss)
    DMA_InitStructure                        0x200015c4   Data          44  adc.o(.bss)
    ADC1_values                              0x200015f0   Data         300  adc.o(.bss)
    ADC3_values                              0x2000171c   Data          60  adc.o(.bss)
    __initial_sp                             0x20001958   Data           0  startup_stm32f10x_hd.o(STACK)



==============================================================================

Memory Map of the image

  Image Entry point : 0x08000131

  Load Region LR_IROM1 (Base: 0x08000000, Size: 0x00008574, Max: 0x00040000, ABSOLUTE, COMPRESSED[0x00008468])

    Execution Region ER_IROM1 (Base: 0x08000000, Size: 0x000083b0, Max: 0x00040000, ABSOLUTE)

    Base Addr    Size         Type   Attr      Idx    E Section Name        Object

    0x08000000   0x00000130   Data   RO          344    RESET               startup_stm32f10x_hd.o
    0x08000130   0x00000000   Code   RO          426  * .ARM.Collect$$$$00000000  mc_w.l(entry.o)
    0x08000130   0x00000004   Code   RO          694    .ARM.Collect$$$$00000001  mc_w.l(entry2.o)
    0x08000134   0x00000004   Code   RO          697    .ARM.Collect$$$$00000004  mc_w.l(entry5.o)
    0x08000138   0x00000000   Code   RO          699    .ARM.Collect$$$$00000008  mc_w.l(entry7b.o)
    0x08000138   0x00000000   Code   RO          701    .ARM.Collect$$$$0000000A  mc_w.l(entry8b.o)
    0x08000138   0x00000008   Code   RO          702    .ARM.Collect$$$$0000000B  mc_w.l(entry9a.o)
    0x08000140   0x00000000   Code   RO          704    .ARM.Collect$$$$0000000D  mc_w.l(entry10a.o)
    0x08000140   0x00000000   Code   RO          706    .ARM.Collect$$$$0000000F  mc_w.l(entry11a.o)
    0x08000140   0x00000004   Code   RO          695    .ARM.Collect$$$$00002712  mc_w.l(entry2.o)
    0x08000144   0x000000c0   Code   RO            1    .text               stm32f10x_it.o
    0x08000204   0x000021e8   Code   RO           77    .text               sdcard.o
    0x080023ec   0x00001670   Code   RO           93    .text               main.o
    0x08003a5c   0x000004d4   Code   RO          142    .text               rtc.o
    0x08003f30   0x00000334   Code   RO          158    .text               adc.o
    0x08004264   0x00000398   Code   RO          174    .text               gpio.o
    0x080045fc   0x000000dc   Code   RO          186    .text               misc.o
    0x080046d8   0x0000032c   Code   RO          214    .text               stm32f10x_gpio.o
    0x08004a04   0x000003a0   Code   RO          226    .text               stm32f10x_rcc.o
    0x08004da4   0x00000370   Code   RO          240    .text               stm32f10x_usart.o
    0x08005114   0x000001cc   Code   RO          252    .text               stm32f10x_sdio.o
    0x080052e0   0x0000023c   Code   RO          264    .text               stm32f10x_dma.o
    0x0800551c   0x00000144   Code   RO          276    .text               stm32f10x_rtc.o
    0x08005660   0x000000a4   Code   RO          288    .text               stm32f10x_bkp.o
    0x08005704   0x000000c0   Code   RO          300    .text               stm32f10x_pwr.o
    0x080057c4   0x00000430   Code   RO          312    .text               stm32f10x_adc.o
    0x08005bf4   0x00000124   Code   RO          327    .text               stm32f10x_exti.o
    0x08005d18   0x00000030   Code   RO          345    .text               startup_stm32f10x_hd.o
    0x08005d48   0x00000138   Code   RO          350    .text               system_stm32f10x.o
    0x08005e80   0x00001d1c   Code   RO          378    .text               ff.o
    0x08007b9c   0x00000076   Code   RO          411    .text               diskio.o
    0x08007c12   0x0000000e   Code   RO          429    .text               mc_w.l(strlen.o)
    0x08007c20   0x00000012   Code   RO          431    .text               mc_w.l(strcpy.o)
    0x08007c32   0x0000002c   Code   RO          709    .text               mc_w.l(uidiv.o)
    0x08007c5e   0x00000002   PAD
    0x08007c60   0x00000024   Code   RO          724    .text               mc_w.l(init.o)
    0x08007c84   0x0000005c   Code   RO          742    .text               mc_w.l(__dczerorl2.o)
    0x08007ce0   0x00000020   Code   RO          588    i.__0printf$6       mc_w.l(printf6.o)
    0x08007d00   0x00000028   Code   RO          590    i.__0sprintf$6      mc_w.l(printf6.o)
    0x08007d28   0x0000000e   Code   RO          736    i.__scatterload_copy  mc_w.l(handlers.o)
    0x08007d36   0x00000002   Code   RO          737    i.__scatterload_null  mc_w.l(handlers.o)
    0x08007d38   0x0000000e   Code   RO          738    i.__scatterload_zeroinit  mc_w.l(handlers.o)
    0x08007d46   0x00000002   PAD
    0x08007d48   0x000002f4   Code   RO          595    i._printf_core      mc_w.l(printf6.o)
    0x0800803c   0x00000026   Code   RO          596    i._printf_post_padding  mc_w.l(printf6.o)
    0x08008062   0x00000030   Code   RO          597    i._printf_pre_padding  mc_w.l(printf6.o)
    0x08008092   0x0000000a   Code   RO          599    i._sputc            mc_w.l(printf6.o)
    0x0800809c   0x0000028b   Data   RO           95    .constdata          main.o
    0x08008327   0x00000001   PAD
    0x08008328   0x0000004f   Data   RO          143    .constdata          rtc.o
    0x08008377   0x00000001   PAD
    0x08008378   0x00000014   Data   RO          351    .constdata          system_stm32f10x.o
    0x0800838c   0x00000004   Data   RO          379    .constdata          ff.o
    0x08008390   0x00000020   Data   RO          734    Region$$Table       anon$$obj.o


    Execution Region RW_IRAM1 (Base: 0x20000000, Size: 0x00001958, Max: 0x0000c000, ABSOLUTE, COMPRESSED[0x000000b8])

    Base Addr    Size         Type   Attr      Idx    E Section Name        Object

    0x20000000   0x00000028   Data   RW           79    .data               sdcard.o
    0x20000028   0x0000016c   Data   RW           96    .data               main.o
    0x20000194   0x00000004   Data   RW          144    .data               rtc.o
    0x20000198   0x0000000a   Data   RW          160    .data               adc.o
    0x200001a2   0x00000014   Data   RW          227    .data               stm32f10x_rcc.o
    0x200001b6   0x00000002   PAD
    0x200001b8   0x00000006   Data   RW          380    .data               ff.o
    0x200001be   0x00000002   PAD
    0x200001c0   0x00000004   Data   RW          708    .data               mc_w.l(stdout.o)
    0x200001c4   0x00000064   Zero   RW           78    .bss                sdcard.o
    0x20000228   0x00001388   Zero   RW           94    .bss                main.o
    0x200015b0   0x000001a8   Zero   RW          159    .bss                adc.o
    0x20001758   0x00000200   Zero   RW          342    STACK               startup_stm32f10x_hd.o


==============================================================================

Image component sizes


      Code (inc. data)   RO Data    RW Data    ZI Data      Debug   Object Name

       820         52          0         10        424       2081   adc.o
       118          0          0          0          0       1918   diskio.o
      7452         36          4          6          0      23853   ff.o
       920         74          0          0          0       1315   gpio.o
      5744        746        651        364       5000      18889   main.o
       220         20          0          0          0     201297   misc.o
      1236        160         79          4          0       3643   rtc.o
      8680        402          0         40        100      18945   sdcard.o
        48         12        304          0        512        816   startup_stm32f10x_hd.o
      1072         20          0          0          0      19549   stm32f10x_adc.o
       164          8          0          0          0       2240   stm32f10x_bkp.o
       572         16          0          0          0       3347   stm32f10x_dma.o
       292         10          0          0          0       4047   stm32f10x_exti.o
       812         18          0          0          0       4995   stm32f10x_gpio.o
       192         30          0          0          0     262602   stm32f10x_it.o
       192         16          0          0          0       1851   stm32f10x_pwr.o
       928         44          0         20          0       8572   stm32f10x_rcc.o
       324          4          0          0          0       2590   stm32f10x_rtc.o
       460         36          0          0          0       6812   stm32f10x_sdio.o
       880         12          0          0          0       7615   stm32f10x_usart.o
       312         18         20          0          0       1493   system_stm32f10x.o

    ----------------------------------------------------------------------
     31438       1734       1092        448       6036     598470   Object Totals
         0          0         32          0          0          0   (incl. Generated)
         0          0          2          4          0          0   (incl. Padding)

    ----------------------------------------------------------------------

      Code (inc. data)   RO Data    RW Data    ZI Data      Debug   Library Member Name

        92          0          0          0          0          0   __dczerorl2.o
         0          0          0          0          0          0   entry.o
         0          0          0          0          0          0   entry10a.o
         0          0          0          0          0          0   entry11a.o
         8          4          0          0          0          0   entry2.o
         4          0          0          0          0          0   entry5.o
         0          0          0          0          0          0   entry7b.o
         0          0          0          0          0          0   entry8b.o
         8          4          0          0          0          0   entry9a.o
        30          0          0          0          0          0   handlers.o
        36          8          0          0          0         68   init.o
       924         22          0          0          0        504   printf6.o
         0          0          0          4          0          0   stdout.o
        18          0          0          0          0         68   strcpy.o
        14          0          0          0          0         68   strlen.o
        44          0          0          0          0         80   uidiv.o

    ----------------------------------------------------------------------
      1182         38          0          4          0        788   Library Totals
         4          0          0          0          0          0   (incl. Padding)

    ----------------------------------------------------------------------

      Code (inc. data)   RO Data    RW Data    ZI Data      Debug   Library Name

      1178         38          0          4          0        788   mc_w.l

    ----------------------------------------------------------------------
      1182         38          0          4          0        788   Library Totals

    ----------------------------------------------------------------------

==============================================================================


      Code (inc. data)   RO Data    RW Data    ZI Data      Debug   

     32620       1772       1092        452       6036     596346   Grand Totals
     32620       1772       1092        184       6036     596346   ELF Image Totals (compressed)
     32620       1772       1092        184          0          0   ROM Totals

==============================================================================

    Total RO  Size (Code + RO Data)                33712 (  32.92kB)
    Total RW  Size (RW Data + ZI Data)              6488 (   6.34kB)
    Total ROM Size (Code + RO Data + RW Data)      33896 (  33.10kB)

==============================================================================

