ARM Linker, 5.03 [Build 76] [MDK-ARM Standard]

==============================================================================

Section Cross References

    stm32f10x_it.o(.text) refers to sdcard.o(.text) for SD_ProcessIRQSrc
    stm32f10x_it.o(.text) refers to stm32f10x_rtc.o(.text) for RTC_GetITStatus
    stm32f10x_it.o(.text) refers to stm32f10x_dma.o(.text) for DMA_GetITStatus
    stm32f10x_it.o(.text) refers to main.o(.data) for TimingDelay
    stm32f10x_it.o(.text) refers to rtc.o(.data) for TimeDisplay
    sdcard.o(.text) refers to stm32f10x_sdio.o(.text) for SDIO_ClearFlag
    sdcard.o(.text) refers to sdcard.o(.data) for CardType
    sdcard.o(.text) refers to sdcard.o(.bss) for SDIO_CmdInitStructure
    sdcard.o(.text) refers to stm32f10x_rcc.o(.text) for RCC_APB2PeriphClockCmd
    sdcard.o(.text) refers to stm32f10x_gpio.o(.text) for GPIO_Init
    sdcard.o(.text) refers to stm32f10x_dma.o(.text) for DMA_ClearFlag
    main.o(.text) refers to system_stm32f10x.o(.text) for SystemInit
    main.o(.text) refers to ff.o(.text) for f_opendir
    main.o(.text) refers to strlen.o(.text) for strlen
    main.o(.text) refers to strcpy.o(.text) for strcpy
    main.o(.text) refers to stm32f10x_gpio.o(.text) for GPIO_ResetBits
    main.o(.text) refers to stm32f10x_adc.o(.text) for ADC_SoftwareStartConvCmd
    main.o(.text) refers to diskio.o(.text) for disk_initialize
    main.o(.text) refers to printf6.o(i.__0sprintf$6) for __2sprintf
    main.o(.text) refers to printf6.o(i.__0printf$6) for __2printf
    main.o(.text) refers to memseta.o(.text) for __aeabi_memclr4
    main.o(.text) refers to main.o(.data) for TimingDelay
    main.o(.text) refers to adc.o(.bss) for ADC1_values
    main.o(.text) refers to main.o(.bss) for CELL
    main.o(.text) refers to main.o(.constdata) for .constdata
    main.o(.text) refers to stm32f10x_rcc.o(.text) for RCC_APB2PeriphClockCmd
    main.o(.text) refers to stm32f10x_usart.o(.text) for USART_Init
    main.o(.text) refers to misc.o(.text) for NVIC_PriorityGroupConfig
    main.o(.text) refers to adc.o(.text) for ADCInit
    main.o(.text) refers to sdcard.o(.text) for SD_Init
    main.o(.text) refers to stm32f10x_bkp.o(.text) for BKP_ReadBackupRegister
    main.o(.text) refers to rtc.o(.text) for RTC_Configuration
    main.o(.text) refers to stm32f10x_rtc.o(.text) for RTC_WaitForSynchro
    main.o(.text) refers to stm32f10x_dma.o(.text) for DMA_Cmd
    main.o(.text) refers to system_stm32f10x.o(.constdata) for SystemFrequency_SysClk
    rtc.o(.text) refers to stm32f10x_rtc.o(.text) for RTC_GetCounter
    rtc.o(.text) refers to stm32f10x_rcc.o(.text) for RCC_APB1PeriphClockCmd
    rtc.o(.text) refers to stm32f10x_bkp.o(.text) for BKP_ReadBackupRegister
    rtc.o(.text) refers to stm32f10x_pwr.o(.text) for PWR_BackupAccessCmd
    rtc.o(.text) refers to printf6.o(i.__0printf$6) for __2printf
    rtc.o(.text) refers to main.o(.text) for USART_Scanf
    rtc.o(.text) refers to rtc.o(.constdata) for DaysInMonth
    adc.o(.text) refers to stm32f10x_rcc.o(.text) for RCC_APB2PeriphClockCmd
    adc.o(.text) refers to stm32f10x_gpio.o(.text) for GPIO_StructInit
    adc.o(.text) refers to stm32f10x_adc.o(.text) for ADC_DeInit
    adc.o(.text) refers to stm32f10x_dma.o(.text) for DMA_DeInit
    adc.o(.text) refers to adc.o(.data) for GPIO_InitStructure
    adc.o(.text) refers to adc.o(.bss) for ADC_InitStructure
    gpio.o(.text) refers to stm32f10x_rcc.o(.text) for RCC_APB2PeriphClockCmd
    gpio.o(.text) refers to stm32f10x_gpio.o(.text) for GPIO_StructInit
    stm32f10x_gpio.o(.text) refers to stm32f10x_rcc.o(.text) for RCC_APB2PeriphResetCmd
    stm32f10x_rcc.o(.text) refers to stm32f10x_rcc.o(.data) for APBAHBPrescTable
    stm32f10x_usart.o(.text) refers to stm32f10x_rcc.o(.text) for RCC_APB2PeriphResetCmd
    stm32f10x_bkp.o(.text) refers to stm32f10x_rcc.o(.text) for RCC_BackupResetCmd
    stm32f10x_pwr.o(.text) refers to stm32f10x_rcc.o(.text) for RCC_APB1PeriphResetCmd
    stm32f10x_adc.o(.text) refers to stm32f10x_rcc.o(.text) for RCC_APB2PeriphResetCmd
    startup_stm32f10x_hd.o(RESET) refers to startup_stm32f10x_hd.o(.text) for Reset_Handler
    startup_stm32f10x_hd.o(RESET) refers to stm32f10x_it.o(.text) for NMI_Handler
    startup_stm32f10x_hd.o(.text) refers to startup_stm32f10x_hd.o(STACK) for __initial_sp
    startup_stm32f10x_hd.o(.text) refers to entry.o(.ARM.Collect$$$$00000000) for __main
    ff.o(.text) refers to diskio.o(.text) for disk_write
    ff.o(.text) refers to ff.o(.constdata) for fatstr
    ff.o(.text) refers to ff.o(.data) for FatFs
    diskio.o(.text) refers to sdcard.o(.text) for SD_ReadBlock
    entry.o(.ARM.Collect$$$$00000000) refers (Special) to entry10a.o(.ARM.Collect$$$$0000000D) for __rt_final_cpp
    entry.o(.ARM.Collect$$$$00000000) refers (Special) to entry11a.o(.ARM.Collect$$$$0000000F) for __rt_final_exit
    entry.o(.ARM.Collect$$$$00000000) refers (Special) to entry7b.o(.ARM.Collect$$$$00000008) for _main_clock
[...]
    printfb.o(i.__0printf$bare) refers to main.o(.text) for fputc
    printfb.o(i.__0printf$bare) refers to stdout.o(.data) for __stdout
    printfb.o(i.__0snprintf$bare) refers to printfb.o(i._printf_core) for _printf_core
    printfb.o(i.__0snprintf$bare) refers to printfb.o(i._snputc) for _snputc
    printfb.o(i.__0sprintf$bare) refers to printfb.o(i._printf_core) for _printf_core
    printfb.o(i.__0sprintf$bare) refers to printfb.o(i._sputc) for _sputc
    printfb.o(i.__0vfprintf$bare) refers to printfb.o(i._printf_core) for _printf_core
    printfb.o(i.__0vfprintf$bare) refers to main.o(.text) for fputc
    printfb.o(i.__0vprintf$bare) refers to printfb.o(i._printf_core) for _printf_core
    printfb.o(i.__0vprintf$bare) refers to main.o(.text) for fputc
    printfb.o(i.__0vprintf$bare) refers to stdout.o(.data) for __stdout
    printfb.o(i.__0vsnprintf$bare) refers to printfb.o(i._printf_core) for _printf_core
    printfb.o(i.__0vsnprintf$bare) refers to printfb.o(i._snputc) for _snputc
    printfb.o(i.__0vsprintf$bare) refers to printfb.o(i._printf_core) for _printf_core
    printfb.o(i.__0vsprintf$bare) refers to printfb.o(i._sputc) for _sputc
    printf0.o(i.__0fprintf$0) refers to printf0.o(i._printf_core) for _printf_core
    printf0.o(i.__0fprintf$0) refers to main.o(.text) for fputc
    printf0.o(i.__0printf$0) refers to printf0.o(i._printf_core) for _printf_core
    printf0.o(i.__0printf$0) refers to main.o(.text) for fputc
    printf0.o(i.__0printf$0) refers to stdout.o(.data) for __stdout
    printf0.o(i.__0snprintf$0) refers to printf0.o(i._printf_core) for _printf_core
    printf0.o(i.__0snprintf$0) refers to printf0.o(i._snputc) for _snputc
    printf0.o(i.__0sprintf$0) refers to printf0.o(i._printf_core) for _printf_core
    printf0.o(i.__0sprintf$0) refers to printf0.o(i._sputc) for _sputc
    printf0.o(i.__0vfprintf$0) refers to printf0.o(i._printf_core) for _printf_core
    printf0.o(i.__0vfprintf$0) refers to main.o(.text) for fputc
    printf0.o(i.__0vprintf$0) refers to printf0.o(i._printf_core) for _printf_core
    printf0.o(i.__0vprintf$0) refers to main.o(.text) for fputc
    printf0.o(i.__0vprintf$0) refers to stdout.o(.data) for __stdout
    printf0.o(i.__0vsnprintf$0) refers to printf0.o(i._printf_core) for _printf_core
    printf0.o(i.__0vsnprintf$0) refers to printf0.o(i._snputc) for _snputc
    printf0.o(i.__0vsprintf$0) refers to printf0.o(i._printf_core) for _printf_core
    printf0.o(i.__0vsprintf$0) refers to printf0.o(i._sputc) for _sputc
    printf1.o(i.__0fprintf$1) refers to printf1.o(i._printf_core) for _printf_core
    printf1.o(i.__0fprintf$1) refers to main.o(.text) for fputc
    printf1.o(i.__0printf$1) refers to printf1.o(i._printf_core) for _printf_core
    printf1.o(i.__0printf$1) refers to main.o(.text) for fputc
    printf1.o(i.__0printf$1) refers to stdout.o(.data) for __stdout
    printf1.o(i.__0snprintf$1) refers to printf1.o(i._printf_core) for _printf_core
    printf1.o(i.__0snprintf$1) refers to printf1.o(i._snputc) for _snputc
    printf1.o(i.__0sprintf$1) refers to printf1.o(i._printf_core) for _printf_core
    printf1.o(i.__0sprintf$1) refers to printf1.o(i._sputc) for _sputc
    printf1.o(i.__0vfprintf$1) refers to printf1.o(i._printf_core) for _printf_core
    printf1.o(i.__0vfprintf$1) refers to main.o(.text) for fputc
    printf1.o(i.__0vprintf$1) refers to printf1.o(i._printf_core) for _printf_core
    printf1.o(i.__0vprintf$1) refers to main.o(.text) for fputc
    printf1.o(i.__0vprintf$1) refers to stdout.o(.data) for __stdout
    printf1.o(i.__0vsnprintf$1) refers to printf1.o(i._printf_core) for _printf_core
    printf1.o(i.__0vsnprintf$1) refers to printf1.o(i._snputc) for _snputc
    printf1.o(i.__0vsprintf$1) refers to printf1.o(i._printf_core) for _printf_core
    printf1.o(i.__0vsprintf$1) refers to printf1.o(i._sputc) for _sputc
    printf1.o(i._printf_core) refers to uidiv.o(.text) for __aeabi_uidivmod
    printf2.o(i.__0fprintf$2) refers to printf2.o(i._printf_core) for _printf_core
    printf2.o(i.__0fprintf$2) refers to main.o(.text) for fputc
    printf2.o(i.__0printf$2) refers to printf2.o(i._printf_core) for _printf_core
    printf2.o(i.__0printf$2) refers to main.o(.text) for fputc
    printf2.o(i.__0printf$2) refers to stdout.o(.data) for __stdout
    printf2.o(i.__0snprintf$2) refers to printf2.o(i._printf_core) for _printf_core
    printf2.o(i.__0snprintf$2) refers to printf2.o(i._snputc) for _snputc
    printf2.o(i.__0sprintf$2) refers to printf2.o(i._printf_core) for _printf_core
    printf2.o(i.__0sprintf$2) refers to printf2.o(i._sputc) for _sputc
    printf2.o(i.__0vfprintf$2) refers to printf2.o(i._printf_core) for _printf_core
    printf2.o(i.__0vfprintf$2) refers to main.o(.text) for fputc
    printf2.o(i.__0vprintf$2) refers to printf2.o(i._printf_core) for _printf_core
    printf2.o(i.__0vprintf$2) refers to main.o(.text) for fputc
    printf2.o(i.__0vprintf$2) refers to stdout.o(.data) for __stdout
    printf2.o(i.__0vsnprintf$2) refers to printf2.o(i._printf_core) for _printf_core
    printf2.o(i.__0vsnprintf$2) refers to printf2.o(i._snputc) for _snputc
    printf2.o(i.__0vsprintf$2) refers to printf2.o(i._printf_core) for _printf_core
    printf2.o(i.__0vsprintf$2) refers to printf2.o(i._sputc) for _sputc
    printf3.o(i.__0fprintf$3) refers to printf3.o(i._printf_core) for _printf_core
    printf3.o(i.__0fprintf$3) refers to main.o(.text) for fputc
    printf3.o(i.__0printf$3) refers to printf3.o(i._printf_core) for _printf_core
    printf3.o(i.__0printf$3) refers to main.o(.text) for fputc
    printf3.o(i.__0printf$3) refers to stdout.o(.data) for __stdout
    printf3.o(i.__0snprintf$3) refers to printf3.o(i._printf_core) for _printf_core
    printf3.o(i.__0snprintf$3) refers to printf3.o(i._snputc) for _snputc
    printf3.o(i.__0sprintf$3) refers to printf3.o(i._printf_core) for _printf_core
    printf3.o(i.__0sprintf$3) refers to printf3.o(i._sputc) for _sputc
    printf3.o(i.__0vfprintf$3) refers to printf3.o(i._printf_core) for _printf_core
    printf3.o(i.__0vfprintf$3) refers to main.o(.text) for fputc
    printf3.o(i.__0vprintf$3) refers to printf3.o(i._printf_core) for _printf_core
    printf3.o(i.__0vprintf$3) refers to main.o(.text) for fputc
    printf3.o(i.__0vprintf$3) refers to stdout.o(.data) for __stdout
    printf3.o(i.__0vsnprintf$3) refers to printf3.o(i._printf_core) for _printf_core
    printf3.o(i.__0vsnprintf$3) refers to printf3.o(i._snputc) for _snputc
    printf3.o(i.__0vsprintf$3) refers to printf3.o(i._printf_core) for _printf_core
    printf3.o(i.__0vsprintf$3) refers to printf3.o(i._sputc) for _sputc
    printf3.o(i._printf_core) refers to uidiv.o(.text) for __aeabi_uidivmod
    printf4.o(i.__0fprintf$4) refers to printf4.o(i._printf_core) for _printf_core
    printf4.o(i.__0fprintf$4) refers to main.o(.text) for fputc
    printf4.o(i.__0printf$4) refers to printf4.o(i._printf_core) for _printf_core
    printf4.o(i.__0printf$4) refers to main.o(.text) for fputc
    printf4.o(i.__0printf$4) refers to stdout.o(.data) for __stdout
    printf4.o(i.__0snprintf$4) refers to printf4.o(i._printf_core) for _printf_core
    printf4.o(i.__0snprintf$4) refers to printf4.o(i._snputc) for _snputc
    printf4.o(i.__0sprintf$4) refers to printf4.o(i._printf_core) for _printf_core
    printf4.o(i.__0sprintf$4) refers to printf4.o(i._sputc) for _sputc
    printf4.o(i.__0vfprintf$4) refers to printf4.o(i._printf_core) for _printf_core
    printf4.o(i.__0vfprintf$4) refers to main.o(.text) for fputc
    printf4.o(i.__0vprintf$4) refers to printf4.o(i._printf_core) for _printf_core
    printf4.o(i.__0vprintf$4) refers to main.o(.text) for fputc
    printf4.o(i.__0vprintf$4) refers to stdout.o(.data) for __stdout
    printf4.o(i.__0vsnprintf$4) refers to printf4.o(i._printf_core) for _printf_core
    printf4.o(i.__0vsnprintf$4) refers to printf4.o(i._snputc) for _snputc
    printf4.o(i.__0vsprintf$4) refers to printf4.o(i._printf_core) for _printf_core
    printf4.o(i.__0vsprintf$4) refers to printf4.o(i._sputc) for _sputc
    printf4.o(i._printf_core) refers to uldiv.o(.text) for __aeabi_uldivmod
    printf5.o(i.__0fprintf$5) refers to printf5.o(i._printf_core) for _printf_core
    printf5.o(i.__0fprintf$5) refers to main.o(.text) for fputc
    printf5.o(i.__0printf$5) refers to printf5.o(i._printf_core) for _printf_core
    printf5.o(i.__0printf$5) refers to main.o(.text) for fputc
    printf5.o(i.__0printf$5) refers to stdout.o(.data) for __stdout
    printf5.o(i.__0snprintf$5) refers to printf5.o(i._printf_core) for _printf_core
    printf5.o(i.__0snprintf$5) refers to printf5.o(i._snputc) for _snputc
    printf5.o(i.__0sprintf$5) refers to printf5.o(i._printf_core) for _printf_core
    printf5.o(i.__0sprintf$5) refers to printf5.o(i._sputc) for _sputc
    printf5.o(i.__0vfprintf$5) refers to printf5.o(i._printf_core) for _printf_core
    printf5.o(i.__0vfprintf$5) refers to main.o(.text) for fputc
    printf5.o(i.__0vprintf$5) refers to printf5.o(i._printf_core) for _printf_core
    printf5.o(i.__0vprintf$5) refers to main.o(.text) for fputc
    printf5.o(i.__0vprintf$5) refers to stdout.o(.data) for __stdout
    printf5.o(i.__0vsnprintf$5) refers to printf5.o(i._printf_core) for _printf_core
    printf5.o(i.__0vsnprintf$5) refers to printf5.o(i._snputc) for _snputc
    printf5.o(i.__0vsprintf$5) refers to printf5.o(i._printf_core) for _printf_core
    printf5.o(i.__0vsprintf$5) refers to printf5.o(i._sputc) for _sputc
    printf5.o(i._printf_core) refers to uldiv.o(.text) for __aeabi_uldivmod
    printf6.o(i.__0fprintf$6) refers to printf6.o(i._printf_core) for _printf_core
    printf6.o(i.__0fprintf$6) refers to main.o(.text) for fputc
    printf6.o(i.__0printf$6) refers to printf6.o(i._printf_core) for _printf_core
    printf6.o(i.__0printf$6) refers to main.o(.text) for fputc
    printf6.o(i.__0printf$6) refers to stdout.o(.data) for __stdout
    printf6.o(i.__0snprintf$6) refers to printf6.o(i._printf_core) for _printf_core
    printf6.o(i.__0snprintf$6) refers to printf6.o(i._snputc) for _snputc
    printf6.o(i.__0sprintf$6) refers to printf6.o(i._printf_core) for _printf_core
    printf6.o(i.__0sprintf$6) refers to printf6.o(i._sputc) for _sputc
    printf6.o(i.__0vfprintf$6) refers to printf6.o(i._printf_core) for _printf_core
    printf6.o(i.__0vfprintf$6) refers to main.o(.text) for fputc
    printf6.o(i.__0vprintf$6) refers to printf6.o(i._printf_core) for _printf_core
    printf6.o(i.__0vprintf$6) refers to main.o(.text) for fputc
    printf6.o(i.__0vprintf$6) refers to stdout.o(.data) for __stdout
    printf6.o(i.__0vsnprintf$6) refers to printf6.o(i._printf_core) for _printf_core
    printf6.o(i.__0vsnprintf$6) refers to printf6.o(i._snputc) for _snputc
    printf6.o(i.__0vsprintf$6) refers to printf6.o(i._printf_core) for _printf_core
    printf6.o(i.__0vsprintf$6) refers to printf6.o(i._sputc) for _sputc
    printf6.o(i._printf_core) refers to printf6.o(i._printf_pre_padding) for _printf_pre_padding
    printf6.o(i._printf_core) refers to uidiv.o(.text) for __aeabi_uidivmod
    printf6.o(i._printf_core) refers to printf6.o(i._printf_post_padding) for _printf_post_padding
    printf7.o(i.__0fprintf$7) refers to printf7.o(i._printf_core) for _printf_core
    printf7.o(i.__0fprintf$7) refers to main.o(.text) for fputc
    printf7.o(i.__0printf$7) refers to printf7.o(i._printf_core) for _printf_core
    printf7.o(i.__0printf$7) refers to main.o(.text) for fputc
    printf7.o(i.__0printf$7) refers to stdout.o(.data) for __stdout
    printf7.o(i.__0snprintf$7) refers to printf7.o(i._printf_core) for _printf_core
    printf7.o(i.__0snprintf$7) refers to printf7.o(i._snputc) for _snputc
    printf7.o(i.__0sprintf$7) refers to printf7.o(i._printf_core) for _printf_core
    printf7.o(i.__0sprintf$7) refers to printf7.o(i._sputc) for _sputc
    printf7.o(i.__0vfprintf$7) refers to printf7.o(i._printf_core) for _printf_core
    printf7.o(i.__0vfprintf$7) refers to main.o(.text) for fputc
    printf7.o(i.__0vprintf$7) refers to printf7.o(i._printf_core) for _printf_core
    printf7.o(i.__0vprintf$7) refers to main.o(.text) for fputc
    printf7.o(i.__0vprintf$7) refers to stdout.o(.data) for __stdout
    printf7.o(i.__0vsnprintf$7) refers to printf7.o(i._printf_core) for _printf_core
    printf7.o(i.__0vsnprintf$7) refers to printf7.o(i._snputc) for _snputc
    printf7.o(i.__0vsprintf$7) refers to printf7.o(i._printf_core) for _printf_core
    printf7.o(i.__0vsprintf$7) refers to printf7.o(i._sputc) for _sputc
    printf7.o(i._printf_core) refers to printf7.o(i._printf_pre_padding) for _printf_pre_padding
    printf7.o(i._printf_core) refers to uldiv.o(.text) for __aeabi_uldivmod
    printf7.o(i._printf_core) refers to printf7.o(i._printf_post_padding) for _printf_post_padding
    printf8.o(i.__0fprintf$8) refers to printf8.o(i._printf_core) for _printf_core
    printf8.o(i.__0fprintf$8) refers to main.o(.text) for fputc
    printf8.o(i.__0printf$8) refers to printf8.o(i._printf_core) for _printf_core
    printf8.o(i.__0printf$8) refers to main.o(.text) for fputc
    printf8.o(i.__0printf$8) refers to stdout.o(.data) for __stdout
    printf8.o(i.__0snprintf$8) refers to printf8.o(i._printf_core) for _printf_core
    printf8.o(i.__0snprintf$8) refers to printf8.o(i._snputc) for _snputc
    printf8.o(i.__0sprintf$8) refers to printf8.o(i._printf_core) for _printf_core
    printf8.o(i.__0sprintf$8) refers to printf8.o(i._sputc) for _sputc
    printf8.o(i.__0vfprintf$8) refers to printf8.o(i._printf_core) for _printf_core
    printf8.o(i.__0vfprintf$8) refers to main.o(.text) for fputc
    printf8.o(i.__0vprintf$8) refers to printf8.o(i._printf_core) for _printf_core
    printf8.o(i.__0vprintf$8) refers to main.o(.text) for fputc
    printf8.o(i.__0vprintf$8) refers to stdout.o(.data) for __stdout
    printf8.o(i.__0vsnprintf$8) refers to printf8.o(i._printf_core) for _printf_core
    printf8.o(i.__0vsnprintf$8) refers to printf8.o(i._snputc) for _snputc
    printf8.o(i.__0vsprintf$8) refers to printf8.o(i._printf_core) for _printf_core
    printf8.o(i.__0vsprintf$8) refers to printf8.o(i._sputc) for _sputc
    printf8.o(i._printf_core) refers to printf8.o(i._printf_pre_padding) for _printf_pre_padding
    printf8.o(i._printf_core) refers to uldiv.o(.text) for __aeabi_uldivmod
    printf8.o(i._printf_core) refers to printf8.o(i._printf_post_padding) for _printf_post_padding
    printfa.o(i.__0fprintf) refers (Special) to iusefp.o(.text) for __I$use$fp
    printfa.o(i.__0fprintf) refers to printfa.o(i._printf_core) for _printf_core
    printfa.o(i.__0fprintf) refers to main.o(.text) for fputc
    printfa.o(i.__0printf) refers (Special) to iusefp.o(.text) for __I$use$fp
    printfa.o(i.__0printf) refers to printfa.o(i._printf_core) for _printf_core
    printfa.o(i.__0printf) refers to main.o(.text) for fputc
    printfa.o(i.__0printf) refers to stdout.o(.data) for __stdout
    printfa.o(i.__0snprintf) refers (Special) to iusefp.o(.text) for __I$use$fp
    printfa.o(i.__0snprintf) refers to printfa.o(i._printf_core) for _printf_core
    printfa.o(i.__0snprintf) refers to printfa.o(i._snputc) for _snputc
    printfa.o(i.__0sprintf) refers (Special) to iusefp.o(.text) for __I$use$fp
    printfa.o(i.__0sprintf) refers to printfa.o(i._printf_core) for _printf_core
    printfa.o(i.__0sprintf) refers to printfa.o(i._sputc) for _sputc
    printfa.o(i.__0vfprintf) refers (Special) to iusefp.o(.text) for __I$use$fp
    printfa.o(i.__0vfprintf) refers to printfa.o(i._printf_core) for _printf_core
    printfa.o(i.__0vfprintf) refers to main.o(.text) for fputc
    printfa.o(i.__0vprintf) refers (Special) to iusefp.o(.text) for __I$use$fp
    printfa.o(i.__0vprintf) refers to printfa.o(i._printf_core) for _printf_core
    printfa.o(i.__0vprintf) refers to main.o(.text) for fputc
    printfa.o(i.__0vprintf) refers to stdout.o(.data) for __stdout
    printfa.o(i.__0vsnprintf) refers (Special) to iusefp.o(.text) for __I$use$fp
    printfa.o(i.__0vsnprintf) refers to printfa.o(i._printf_core) for _printf_core
    printfa.o(i.__0vsnprintf) refers to printfa.o(i._snputc) for _snputc
    printfa.o(i.__0vsprintf) refers (Special) to iusefp.o(.text) for __I$use$fp
    printfa.o(i.__0vsprintf) refers to printfa.o(i._printf_core) for _printf_core
    printfa.o(i.__0vsprintf) refers to printfa.o(i._sputc) for _sputc
    printfa.o(i._fp_digits) refers (Special) to iusefp.o(.text) for __I$use$fp
    printfa.o(i._fp_digits) refers to dmul.o(.text) for __aeabi_dmul
    printfa.o(i._fp_digits) refers to ddiv.o(.text) for __aeabi_ddiv
    printfa.o(i._fp_digits) refers to cdrcmple.o(.text) for __aeabi_cdrcmple
    printfa.o(i._fp_digits) refers to dadd.o(.text) for __aeabi_dadd
    printfa.o(i._fp_digits) refers to dfixul.o(.text) for __aeabi_d2ulz
    printfa.o(i._fp_digits) refers to uldiv.o(.text) for __aeabi_uldivmod
    printfa.o(i._printf_core) refers (Special) to iusefp.o(.text) for __I$use$fp
    printfa.o(i._printf_core) refers to printfa.o(i._printf_pre_padding) for _printf_pre_padding
    printfa.o(i._printf_core) refers to uldiv.o(.text) for __aeabi_uldivmod
    printfa.o(i._printf_core) refers to printfa.o(i._printf_post_padding) for _printf_post_padding
    printfa.o(i._printf_core) refers to printfa.o(i._fp_digits) for _fp_digits
    printfa.o(i._printf_core) refers to uidiv.o(.text) for __aeabi_uidivmod
    printfa.o(i._printf_post_padding) refers (Special) to iusefp.o(.text) for __I$use$fp
    printfa.o(i._printf_pre_padding) refers (Special) to iusefp.o(.text) for __I$use$fp
    printfa.o(i._snputc) refers (Special) to iusefp.o(.text) for __I$use$fp
    printfa.o(i._sputc) refers (Special) to iusefp.o(.text) for __I$use$fp
    entry2.o(.ARM.Collect$$$$00000001) refers to entry2.o(.ARM.Collect$$$$00002712) for __lit__00000000
    entry2.o(.ARM.Collect$$$$00002712) refers to startup_stm32f10x_hd.o(STACK) for __initial_sp
    entry2.o(__vectab_stack_and_reset_area) refers to startup_stm32f10x_hd.o(STACK) for __initial_sp
    entry2.o(__vectab_stack_and_reset_area) refers to entry.o(.ARM.Collect$$$$00000000) for __main
    entry5.o(.ARM.Collect$$$$00000004) refers to init.o(.text) for __scatterload
    entry9a.o(.ARM.Collect$$$$0000000B) refers to main.o(.text) for main
    entry9b.o(.ARM.Collect$$$$0000000C) refers to main.o(.text) for main
    uldiv.o(.text) refers to llushr.o(.text) for __aeabi_llsr
    uldiv.o(.text) refers to llshl.o(.text) for __aeabi_llsl
    dadd.o(.text) refers to llshl.o(.text) for __aeabi_llsl
    dadd.o(.text) refers to llsshr.o(.text) for __aeabi_lasr
    dadd.o(.text) refers to depilogue.o(.text) for _double_epilogue
    dmul.o(.text) refers to depilogue.o(.text) for _double_epilogue
    ddiv.o(.text) refers to depilogue.o(.text) for _double_round
    dfixul.o(.text) refers to llushr.o(.text) for __aeabi_llsr
    dfixul.o(.text) refers to llshl.o(.text) for __aeabi_llsl
    init.o(.text) refers to entry5.o(.ARM.Collect$$$$00000004) for __main_after_scatterload
    depilogue.o(.text) refers to llshl.o(.text) for __aeabi_llsl
    depilogue.o(.text) refers to llushr.o(.text) for __aeabi_llsr


==============================================================================

Removing Unused input sections from the image.

    Removing gpio.o(.text), (260 bytes).
    Removing startup_stm32f10x_hd.o(HEAP), (0 bytes).
    Removing core_cm3.o(.emb_text), (32 bytes).
    Removing dadd.o(.text), (334 bytes).
    Removing dmul.o(.text), (228 bytes).
    Removing ddiv.o(.text), (222 bytes).
    Removing dfixul.o(.text), (48 bytes).
    Removing cdrcmple.o(.text), (40 bytes).
    Removing depilogue.o(.text), (190 bytes).

9 unused section(s) (total 1354 bytes) removed from the image.

==============================================================================

Image Symbol Table

    Local Symbols

    Symbol Name                              Value     Ov Type        Size  Object(Section)

    ../clib/../cmprslib/zerorunl2.c          0x00000000   Number         0  __dczerorl2.o ABSOLUTE
    ../clib/microlib/division.c              0x00000000   Number         0  uldiv.o ABSOLUTE
    ../clib/microlib/division.c              0x00000000   Number         0  uidiv.o ABSOLUTE
    ../clib/microlib/init/entry.s            0x00000000   Number         0  entry2.o ABSOLUTE
    ../clib/microlib/init/entry.s            0x00000000   Number         0  entry11a.o ABSOLUTE
    ../clib/microlib/init/entry.s            0x00000000   Number         0  entry10b.o ABSOLUTE
    ../clib/microlib/init/entry.s            0x00000000   Number         0  entry7b.o ABSOLUTE
    ../clib/microlib/init/entry.s            0x00000000   Number         0  entry9b.o ABSOLUTE
    ../clib/microlib/init/entry.s            0x00000000   Number         0  entry7a.o ABSOLUTE
    ../clib/microlib/init/entry.s            0x00000000   Number         0  entry9a.o ABSOLUTE
    ../clib/microlib/init/entry.s            0x00000000   Number         0  entry5.o ABSOLUTE
    ../clib/microlib/init/entry.s            0x00000000   Number         0  entry8a.o ABSOLUTE
    ../clib/microlib/init/entry.s            0x00000000   Number         0  entry8b.o ABSOLUTE
    ../clib/microlib/init/entry.s            0x00000000   Number         0  entry.o ABSOLUTE
    ../clib/microlib/init/entry.s            0x00000000   Number         0  entry11b.o ABSOLUTE
    ../clib/microlib/init/entry.s            0x00000000   Number         0  entry10a.o ABSOLUTE
    ../clib/microlib/longlong.c              0x00000000   Number         0  llshl.o ABSOLUTE
    ../clib/microlib/longlong.c              0x00000000   Number         0  llushr.o ABSOLUTE
    ../clib/microlib/longlong.c              0x00000000   Number         0  llsshr.o ABSOLUTE
    ../clib/microlib/printf/printf.c         0x00000000   Number         0  printfa.o ABSOLUTE
    ../clib/microlib/printf/printf.c         0x00000000   Number         0  printf7.o ABSOLUTE
    ../clib/microlib/printf/printf.c         0x00000000   Number         0  printf6.o ABSOLUTE
    ../clib/microlib/printf/printf.c         0x00000000   Number         0  printf5.o ABSOLUTE
    ../clib/microlib/printf/printf.c         0x00000000   Number         0  printf1.o ABSOLUTE
    ../clib/microlib/printf/printf.c         0x00000000   Number         0  printf3.o ABSOLUTE
    ../clib/microlib/printf/printf.c         0x00000000   Number         0  printf0.o ABSOLUTE
    ../clib/microlib/printf/printf.c         0x00000000   Number         0  printf4.o ABSOLUTE
    ../clib/microlib/printf/printf.c         0x00000000   Number         0  printf8.o ABSOLUTE
    ../clib/microlib/printf/printf.c         0x00000000   Number         0  printfb.o ABSOLUTE
    ../clib/microlib/printf/printf.c         0x00000000   Number         0  printf2.o ABSOLUTE
    ../clib/microlib/printf/stubs.s          0x00000000   Number         0  stubs.o ABSOLUTE
    ../clib/microlib/stdio/streams.c         0x00000000   Number         0  stdout.o ABSOLUTE
    ../clib/microlib/string/memset.c         0x00000000   Number         0  memseta.o ABSOLUTE
    ../clib/microlib/string/strcpy.c         0x00000000   Number         0  strcpy.o ABSOLUTE
    ../clib/microlib/string/strlen.c         0x00000000   Number         0  strlen.o ABSOLUTE
    ../clib/microlib/stubs.s                 0x00000000   Number         0  iusefp.o ABSOLUTE
    ../fplib/microlib/fpadd.c                0x00000000   Number         0  dadd.o ABSOLUTE
    ../fplib/microlib/fpdiv.c                0x00000000   Number         0  ddiv.o ABSOLUTE
    ../fplib/microlib/fpepilogue.c           0x00000000   Number         0  depilogue.o ABSOLUTE
    ../fplib/microlib/fpfix.c                0x00000000   Number         0  dfixul.o ABSOLUTE
    ../fplib/microlib/fpmul.c                0x00000000   Number         0  dmul.o ABSOLUTE
    FWlib\SRC\misc.c                         0x00000000   Number         0  misc.o ABSOLUTE
    FWlib\SRC\stm32f10x_adc.c                0x00000000   Number         0  stm32f10x_adc.o ABSOLUTE
    FWlib\SRC\stm32f10x_bkp.c                0x00000000   Number         0  stm32f10x_bkp.o ABSOLUTE
    FWlib\SRC\stm32f10x_dma.c                0x00000000   Number         0  stm32f10x_dma.o ABSOLUTE
    FWlib\SRC\stm32f10x_gpio.c               0x00000000   Number         0  stm32f10x_gpio.o ABSOLUTE
    FWlib\SRC\stm32f10x_pwr.c                0x00000000   Number         0  stm32f10x_pwr.o ABSOLUTE
    FWlib\SRC\stm32f10x_rcc.c                0x00000000   Number         0  stm32f10x_rcc.o ABSOLUTE
    FWlib\SRC\stm32f10x_rtc.c                0x00000000   Number         0  stm32f10x_rtc.o ABSOLUTE
    FWlib\SRC\stm32f10x_sdio.c               0x00000000   Number         0  stm32f10x_sdio.o ABSOLUTE
    FWlib\SRC\stm32f10x_usart.c              0x00000000   Number         0  stm32f10x_usart.o ABSOLUTE
    cdrcmple.s                               0x00000000   Number         0  cdrcmple.o ABSOLUTE
    dc.s                                     0x00000000   Number         0  dc.o ABSOLUTE
    fatfs\diskio.c                           0x00000000   Number         0  diskio.o ABSOLUTE
    fatfs\ff.c                               0x00000000   Number         0  ff.o ABSOLUTE
    handlers.s                               0x00000000   Number         0  handlers.o ABSOLUTE
    init.s                                   0x00000000   Number         0  init.o ABSOLUTE
    startup\startup_stm32f10x_hd.s           0x00000000   Number         0  startup_stm32f10x_hd.o ABSOLUTE
    user\\core_cm3.c                         0x00000000   Number         0  core_cm3.o ABSOLUTE
    user\adc.c                               0x00000000   Number         0  adc.o ABSOLUTE
    user\core_cm3.c                          0x00000000   Number         0  core_cm3.o ABSOLUTE
    user\gpio.c                              0x00000000   Number         0  gpio.o ABSOLUTE
    user\main.c                              0x00000000   Number         0  main.o ABSOLUTE
    user\rtc.c                               0x00000000   Number         0  rtc.o ABSOLUTE
    user\sdcard.c                            0x00000000   Number         0  sdcard.o ABSOLUTE
    user\stm32f10x_it.c                      0x00000000   Number         0  stm32f10x_it.o ABSOLUTE
    user\system_stm32f10x.c                  0x00000000   Number         0  system_stm32f10x.o ABSOLUTE
    RESET                                    0x08000000   Section      304  startup_stm32f10x_hd.o(RESET)
    .ARM.Collect$$$$00000000                 0x08000130   Section        0  entry.o(.ARM.Collect$$$$00000000)
    .ARM.Collect$$$$00000001                 0x08000130   Section        4  entry2.o(.ARM.Collect$$$$00000001)
    .ARM.Collect$$$$00000004                 0x08000134   Section        4  entry5.o(.ARM.Collect$$$$00000004)
    .ARM.Collect$$$$00000008                 0x08000138   Section        0  entry7b.o(.ARM.Collect$$$$00000008)
    .ARM.Collect$$$$0000000A                 0x08000138   Section        0  entry8b.o(.ARM.Collect$$$$0000000A)
    .ARM.Collect$$$$0000000B                 0x08000138   Section        8  entry9a.o(.ARM.Collect$$$$0000000B)
    .ARM.Collect$$$$0000000D                 0x08000140   Section        0  entry10a.o(.ARM.Collect$$$$0000000D)
    .ARM.Collect$$$$0000000F                 0x08000140   Section        0  entry11a.o(.ARM.Collect$$$$0000000F)
    .ARM.Collect$$$$00002712                 0x08000140   Section        4  entry2.o(.ARM.Collect$$$$00002712)
    __lit__00000000                          0x08000140   Data           4  entry2.o(.ARM.Collect$$$$00002712)
    .text                                    0x08000144   Section        0  stm32f10x_it.o(.text)
    .text                                    0x080001e0   Section        0  sdcard.o(.text)
    CmdResp2Error                            0x080001e1   Thumb Code    68  sdcard.o(.text)
    CmdResp6Error                            0x08000225   Thumb Code   150  sdcard.o(.text)
    CmdResp3Error                            0x080003e7   Thumb Code    50  sdcard.o(.text)
    CmdResp1Error                            0x08000419   Thumb Code   296  sdcard.o(.text)
    CmdResp7Error                            0x08000541   Thumb Code    72  sdcard.o(.text)
    CmdError                                 0x08000589   Thumb Code    44  sdcard.o(.text)
    GPIO_Configuration                       0x08000757   Thumb Code    54  sdcard.o(.text)
    FindSCR                                  0x08000b29   Thumb Code   388  sdcard.o(.text)
    SDEnWideBus                              0x08000cad   Thumb Code   280  sdcard.o(.text)
    DMA_RxConfiguration                      0x08000ebd   Thumb Code    86  sdcard.o(.text)
    convert_from_bytes_to_power_of_two       0x08000f13   Thumb Code    18  sdcard.o(.text)
    IsCardProgramming                        0x08001467   Thumb Code   394  sdcard.o(.text)
    DMA_TxConfiguration                      0x080015f1   Thumb Code    88  sdcard.o(.text)
    .text                                    0x080023c8   Section        0  main.o(.text)
    scan_files                               0x080023f7   Thumb Code   122  main.o(.text)
    .text                                    0x08002dac   Section        0  rtc.o(.text)
    isDST                                    0x08002dad   Thumb Code     6  rtc.o(.text)
    adjustDST                                0x08002db3   Thumb Code   100  rtc.o(.text)
    counter_to_struct                        0x08002e17   Thumb Code   200  rtc.o(.text)
    struct_to_counter                        0x08002edf   Thumb Code   170  rtc.o(.text)
    .text                                    0x08003250   Section        0  adc.o(.text)
    .text                                    0x08003584   Section        0  misc.o(.text)
    .text                                    0x08003660   Section        0  stm32f10x_gpio.o(.text)
    .text                                    0x0800398c   Section        0  stm32f10x_rcc.o(.text)
    .text                                    0x08003d2c   Section        0  stm32f10x_usart.o(.text)
    .text                                    0x0800409c   Section        0  stm32f10x_sdio.o(.text)
    .text                                    0x08004268   Section        0  stm32f10x_dma.o(.text)
    .text                                    0x080044a4   Section        0  stm32f10x_rtc.o(.text)
    .text                                    0x080045e8   Section        0  stm32f10x_bkp.o(.text)
    .text                                    0x0800468c   Section        0  stm32f10x_pwr.o(.text)
    .text                                    0x0800474c   Section        0  stm32f10x_adc.o(.text)
    .text                                    0x08004b7c   Section       48  startup_stm32f10x_hd.o(.text)
    .text                                    0x08004bac   Section        0  system_stm32f10x.o(.text)
    SetSysClockTo72                          0x08004bad   Thumb Code   218  system_stm32f10x.o(.text)
    SetSysClock                              0x08004c87   Thumb Code     8  system_stm32f10x.o(.text)
    .text                                    0x08004ce4   Section        0  ff.o(.text)
    mem_cpy                                  0x08004ce5   Thumb Code    26  ff.o(.text)
    mem_set                                  0x08004cff   Thumb Code    20  ff.o(.text)
    mem_cmp                                  0x08004d13   Thumb Code    38  ff.o(.text)
    chk_chr                                  0x08004d39   Thumb Code    20  ff.o(.text)
    move_window                              0x08004d4d   Thumb Code   114  ff.o(.text)
    sync                                     0x08004dbf   Thumb Code   202  ff.o(.text)
    get_fat                                  0x08004e89   Thumb Code   274  ff.o(.text)
    put_fat                                  0x08004f9b   Thumb Code   330  ff.o(.text)
    remove_chain                             0x080050e5   Thumb Code   104  ff.o(.text)
    create_chain                             0x0800514d   Thumb Code   182  ff.o(.text)
    clust2sect                               0x08005203   Thumb Code    26  ff.o(.text)
    dir_seek                                 0x0800521d   Thumb Code   156  ff.o(.text)
    dir_next                                 0x080052b9   Thumb Code   274  ff.o(.text)
    dir_find                                 0x080053cb   Thumb Code    92  ff.o(.text)
    dir_read                                 0x08005427   Thumb Code    86  ff.o(.text)
    dir_register                             0x0800547d   Thumb Code   120  ff.o(.text)
    dir_remove                               0x080054f5   Thumb Code    44  ff.o(.text)
    create_name                              0x08005521   Thumb Code   318  ff.o(.text)
    get_fileinfo                             0x0800565f   Thumb Code   188  ff.o(.text)
    follow_path                              0x0800571b   Thumb Code   150  ff.o(.text)
    check_fs                                 0x080057b1   Thumb Code   100  ff.o(.text)
    auto_mount                               0x08005815   Thumb Code   752  ff.o(.text)
    validate                                 0x08005b05   Thumb Code    42  ff.o(.text)
    .text                                    0x08006a00   Section        0  diskio.o(.text)
    .text                                    0x08006a76   Section        0  memseta.o(.text)
    .text                                    0x08006a9a   Section        0  strlen.o(.text)
    .text                                    0x08006aa8   Section        0  strcpy.o(.text)
    .text                                    0x08006aba   Section        0  uidiv.o(.text)
    .text                                    0x08006ae8   Section       36  init.o(.text)
    .text                                    0x08006b0c   Section        0  __dczerorl2.o(.text)
    i.__0printf$6                            0x08006b68   Section        0  printf6.o(i.__0printf$6)
    i.__0sprintf$6                           0x08006b88   Section        0  printf6.o(i.__0sprintf$6)
    i.__scatterload_copy                     0x08006bb0   Section       14  handlers.o(i.__scatterload_copy)
    i.__scatterload_null                     0x08006bbe   Section        2  handlers.o(i.__scatterload_null)
    i.__scatterload_zeroinit                 0x08006bc0   Section       14  handlers.o(i.__scatterload_zeroinit)
    i._printf_core                           0x08006bd0   Section        0  printf6.o(i._printf_core)
    _printf_core                             0x08006bd1   Thumb Code   750  printf6.o(i._printf_core)
    i._printf_post_padding                   0x08006ec4   Section        0  printf6.o(i._printf_post_padding)
    _printf_post_padding                     0x08006ec5   Thumb Code    38  printf6.o(i._printf_post_padding)
    i._printf_pre_padding                    0x08006eea   Section        0  printf6.o(i._printf_pre_padding)
    _printf_pre_padding                      0x08006eeb   Thumb Code    48  printf6.o(i._printf_pre_padding)
    i._sputc                                 0x08006f1a   Section        0  printf6.o(i._sputc)
    _sputc                                   0x08006f1b   Thumb Code    10  printf6.o(i._sputc)
    .constdata                               0x08006f24   Section      164  main.o(.constdata)
    .constdata                               0x08006fc8   Section       79  rtc.o(.constdata)
    DaysInMonth                              0x08006fc8   Data          12  rtc.o(.constdata)
    .constdata                               0x08007018   Section       20  system_stm32f10x.o(.constdata)
    .constdata                               0x0800702c   Section        4  ff.o(.constdata)
    fatstr                                   0x0800702c   Data           4  ff.o(.constdata)
    .data                                    0x20000000   Section       40  sdcard.o(.data)
    CardType                                 0x20000000   Data           4  sdcard.o(.data)
    RCA                                      0x20000004   Data           4  sdcard.o(.data)
    DeviceMode                               0x20000008   Data           4  sdcard.o(.data)
    TotalNumberOfBytes                       0x2000000c   Data           4  sdcard.o(.data)
    StopCondition                            0x20000010   Data           4  sdcard.o(.data)
    .data                                    0x20000028   Section      364  main.o(.data)
    .data                                    0x20000194   Section        4  rtc.o(.data)
    .data                                    0x20000198   Section       10  adc.o(.data)
    .data                                    0x200001a2   Section       20  stm32f10x_rcc.o(.data)
    APBAHBPrescTable                         0x200001a2   Data          16  stm32f10x_rcc.o(.data)
    ADCPrescTable                            0x200001b2   Data           4  stm32f10x_rcc.o(.data)
    .data                                    0x200001b8   Section        6  ff.o(.data)
    FatFs                                    0x200001b8   Data           4  ff.o(.data)
    Fsid                                     0x200001bc   Data           2  ff.o(.data)
    .data                                    0x200001c0   Section        4  stdout.o(.data)
    .bss                                     0x200001c4   Section      100  sdcard.o(.bss)
    CSD_Tab                                  0x200001c4   Data          16  sdcard.o(.bss)
    CID_Tab                                  0x200001d4   Data          16  sdcard.o(.bss)
    .bss                                     0x20000228   Section     4932  main.o(.bss)
    .bss                                     0x2000156c   Section      208  adc.o(.bss)
    STACK                                    0x20001640   Section      512  startup_stm32f10x_hd.o(STACK)

    Global Symbols

    Symbol Name                              Value     Ov Type        Size  Object(Section)

    BuildAttributes$$THM_ISAv4$P$D$K$B$S$PE$A:L22UL41UL21$X:L11$S22US41US21$IEEE1$IW$USESV6$~STKCKD$USESV7$~SHL$OSPACE$ROPI$EBA8$MICROLIB$REQ8$PRES8$EABIv2 0x00000000   Number         0  anon$$obj.o ABSOLUTE
    __ARM_use_no_argv                        0x00000000   Number         0  main.o ABSOLUTE
    _printf_a                                0x00000000   Number         0  stubs.o ABSOLUTE
    _printf_c                                0x00000000   Number         0  stubs.o ABSOLUTE
    _printf_charcount                        0x00000000   Number         0  stubs.o ABSOLUTE
    _printf_d                                0x00000000   Number         0  stubs.o ABSOLUTE
    _printf_e                                0x00000000   Number         0  stubs.o ABSOLUTE
    _printf_f                                0x00000000   Number         0  stubs.o ABSOLUTE
    _printf_flags                            0x00000000   Number         0  stubs.o ABSOLUTE
    _printf_fp_dec                           0x00000000   Number         0  stubs.o ABSOLUTE
    _printf_fp_hex                           0x00000000   Number         0  stubs.o ABSOLUTE
    _printf_g                                0x00000000   Number         0  stubs.o ABSOLUTE
    _printf_i                                0x00000000   Number         0  stubs.o ABSOLUTE
    _printf_int_dec                          0x00000000   Number         0  stubs.o ABSOLUTE
    _printf_l                                0x00000000   Number         0  stubs.o ABSOLUTE
    _printf_lc                               0x00000000   Number         0  stubs.o ABSOLUTE
    _printf_ll                               0x00000000   Number         0  stubs.o ABSOLUTE
    _printf_lld                              0x00000000   Number         0  stubs.o ABSOLUTE
    _printf_lli                              0x00000000   Number         0  stubs.o ABSOLUTE
    _printf_llo                              0x00000000   Number         0  stubs.o ABSOLUTE
    _printf_llu                              0x00000000   Number         0  stubs.o ABSOLUTE
    _printf_llx                              0x00000000   Number         0  stubs.o ABSOLUTE
    _printf_longlong_dec                     0x00000000   Number         0  stubs.o ABSOLUTE
    _printf_longlong_hex                     0x00000000   Number         0  stubs.o ABSOLUTE
    _printf_longlong_oct                     0x00000000   Number         0  stubs.o ABSOLUTE
    _printf_ls                               0x00000000   Number         0  stubs.o ABSOLUTE
    _printf_mbtowc                           0x00000000   Number         0  stubs.o ABSOLUTE
    _printf_n                                0x00000000   Number         0  stubs.o ABSOLUTE
    _printf_o                                0x00000000   Number         0  stubs.o ABSOLUTE
    _printf_p                                0x00000000   Number         0  stubs.o ABSOLUTE
    _printf_percent                          0x00000000   Number         0  stubs.o ABSOLUTE
    _printf_pre_padding                      0x00000000   Number         0  stubs.o ABSOLUTE
    _printf_return_value                     0x00000000   Number         0  stubs.o ABSOLUTE
    _printf_s                                0x00000000   Number         0  stubs.o ABSOLUTE
    _printf_sizespec                         0x00000000   Number         0  stubs.o ABSOLUTE
    _printf_str                              0x00000000   Number         0  stubs.o ABSOLUTE
    _printf_truncate_signed                  0x00000000   Number         0  stubs.o ABSOLUTE
    _printf_truncate_unsigned                0x00000000   Number         0  stubs.o ABSOLUTE
    _printf_u                                0x00000000   Number         0  stubs.o ABSOLUTE
    _printf_wc                               0x00000000   Number         0  stubs.o ABSOLUTE
    _printf_wctomb                           0x00000000   Number         0  stubs.o ABSOLUTE
    _printf_widthprec                        0x00000000   Number         0  stubs.o ABSOLUTE
    _printf_x                                0x00000000   Number         0  stubs.o ABSOLUTE
    __cpp_initialize__aeabi_                  - Undefined Weak Reference
    __cxa_finalize                            - Undefined Weak Reference
    _clock_init                               - Undefined Weak Reference
    _microlib_exit                            - Undefined Weak Reference
    __Vectors_Size                           0x00000130   Number         0  startup_stm32f10x_hd.o ABSOLUTE
    __Vectors                                0x08000000   Data           4  startup_stm32f10x_hd.o(RESET)
    __Vectors_End                            0x08000130   Data           0  startup_stm32f10x_hd.o(RESET)
    __main                                   0x08000131   Thumb Code     0  entry.o(.ARM.Collect$$$$00000000)
    _main_stk                                0x08000131   Thumb Code     0  entry2.o(.ARM.Collect$$$$00000001)
    _main_scatterload                        0x08000135   Thumb Code     0  entry5.o(.ARM.Collect$$$$00000004)
    __main_after_scatterload                 0x08000139   Thumb Code     0  entry5.o(.ARM.Collect$$$$00000004)
    _main_clock                              0x08000139   Thumb Code     0  entry7b.o(.ARM.Collect$$$$00000008)
    _main_cpp_init                           0x08000139   Thumb Code     0  entry8b.o(.ARM.Collect$$$$0000000A)
    _main_init                               0x08000139   Thumb Code     0  entry9a.o(.ARM.Collect$$$$0000000B)
    __rt_final_cpp                           0x08000141   Thumb Code     0  entry10a.o(.ARM.Collect$$$$0000000D)
    __rt_final_exit                          0x08000141   Thumb Code     0  entry11a.o(.ARM.Collect$$$$0000000F)
    NMI_Handler                              0x08000145   Thumb Code     2  stm32f10x_it.o(.text)
    HardFault_Handler                        0x08000147   Thumb Code     4  stm32f10x_it.o(.text)
    MemManage_Handler                        0x0800014b   Thumb Code     4  stm32f10x_it.o(.text)
    BusFault_Handler                         0x0800014f   Thumb Code     4  stm32f10x_it.o(.text)
    UsageFault_Handler                       0x08000153   Thumb Code     4  stm32f10x_it.o(.text)
    DebugMon_Handler                         0x08000157   Thumb Code     2  stm32f10x_it.o(.text)
    SVC_Handler                              0x08000159   Thumb Code     2  stm32f10x_it.o(.text)
    PendSV_Handler                           0x0800015b   Thumb Code     2  stm32f10x_it.o(.text)
    SysTick_Handler                          0x0800015d   Thumb Code    18  stm32f10x_it.o(.text)
    SDIO_IRQHandler                          0x0800016f   Thumb Code     8  stm32f10x_it.o(.text)
    RTC_IRQHandler                           0x08000177   Thumb Code    48  stm32f10x_it.o(.text)
    DMA1_Channel1_IRQHandler                 0x080001a7   Thumb Code    18  stm32f10x_it.o(.text)
    DMA2_Channel4_5_IRQHandler               0x080001b9   Thumb Code    18  stm32f10x_it.o(.text)
    SD_InitializeCards                       0x080002bb   Thumb Code   300  sdcard.o(.text)
    SD_PowerON                               0x080005b5   Thumb Code   418  sdcard.o(.text)
    SD_Init                                  0x0800078d   Thumb Code   126  sdcard.o(.text)
    SD_PowerOFF                              0x0800080b   Thumb Code    14  sdcard.o(.text)
    SD_GetCardInfo                           0x08000819   Thumb Code   784  sdcard.o(.text)
    SD_EnableWideBusOperation                0x08000dc5   Thumb Code   176  sdcard.o(.text)
    SD_SetDeviceMode                         0x08000e75   Thumb Code    24  sdcard.o(.text)
    SD_SelectDeselect                        0x08000e8d   Thumb Code    48  sdcard.o(.text)
    SD_ReadBlock                             0x08000f25   Thumb Code   568  sdcard.o(.text)
    SD_ReadMultiBlocks                       0x0800115d   Thumb Code   778  sdcard.o(.text)
    SD_WriteBlock                            0x08001649   Thumb Code   906  sdcard.o(.text)
    SD_WriteMultiBlocks                      0x080019d3   Thumb Code  1020  sdcard.o(.text)
    SD_GetTransferState                      0x08001dcf   Thumb Code    18  sdcard.o(.text)
    SD_StopTransfer                          0x08001de1   Thumb Code    46  sdcard.o(.text)
    SD_Erase                                 0x08001e0f   Thumb Code   360  sdcard.o(.text)
    SD_SendStatus                            0x08001f77   Thumb Code    76  sdcard.o(.text)
    SD_SendSDStatus                          0x08001fc3   Thumb Code   416  sdcard.o(.text)
    SD_ProcessIRQSrc                         0x08002163   Thumb Code   606  sdcard.o(.text)
    Delay                                    0x080023c9   Thumb Code    20  main.o(.text)
    TimingDelay_Decrement                    0x080023dd   Thumb Code    18  main.o(.text)
    RCC_Configuration                        0x080023ef   Thumb Code     8  main.o(.text)
    Remapping                                0x08002471   Thumb Code   404  main.o(.text)
    Converting                               0x08002605   Thumb Code    76  main.o(.text)
    ValueCell                                0x08002651   Thumb Code    48  main.o(.text)
    CreateFile                               0x08002681   Thumb Code    80  main.o(.text)
    WriteFile                                0x080026d1   Thumb Code   126  main.o(.text)
    ReadFile                                 0x0800274f   Thumb Code   320  main.o(.text)
    Serial_Init                              0x0800288f   Thumb Code   148  main.o(.text)
    NVIC_Configuration                       0x08002923   Thumb Code   126  main.o(.text)
    main                                     0x080029a1   Thumb Code   420  main.o(.text)
    SendChar                                 0x08002b45   Thumb Code    28  main.o(.text)
    GetKey                                   0x08002b61   Thumb Code    22  main.o(.text)
    fstring                                  0x08002b77   Thumb Code    40  main.o(.text)
    fputc                                    0x08002b9f   Thumb Code    32  main.o(.text)
    USART_Scanf                              0x08002bbf   Thumb Code   444  main.o(.text)
    rtc_gettime                              0x08002f89   Thumb Code    38  rtc.o(.text)
    my_RTC_SetCounter                        0x08002faf   Thumb Code    20  rtc.o(.text)
    rtc_settime                              0x08002fc3   Thumb Code    42  rtc.o(.text)
    rtc_init                                 0x08002fed   Thumb Code   154  rtc.o(.text)
    RTC_Configuration                        0x08003087   Thumb Code    88  rtc.o(.text)
    Time_Regulate                            0x080030df   Thumb Code   210  rtc.o(.text)
    ADCInit                                  0x08003251   Thumb Code   540  adc.o(.text)
    DMAInit                                  0x0800346d   Thumb Code   172  adc.o(.text)
    ADC_Read                                 0x08003519   Thumb Code    56  adc.o(.text)
    NVIC_PriorityGroupConfig                 0x08003585   Thumb Code    10  misc.o(.text)
    NVIC_Init                                0x0800358f   Thumb Code   102  misc.o(.text)
    NVIC_SetVectorTable                      0x080035f5   Thumb Code    14  misc.o(.text)
    NVIC_SystemLPConfig                      0x08003603   Thumb Code    34  misc.o(.text)
    SysTick_CLKSourceConfig                  0x08003625   Thumb Code    40  misc.o(.text)
    GPIO_DeInit                              0x08003661   Thumb Code   188  stm32f10x_gpio.o(.text)
    GPIO_AFIODeInit                          0x0800371d   Thumb Code    20  stm32f10x_gpio.o(.text)
    GPIO_Init                                0x08003731   Thumb Code   274  stm32f10x_gpio.o(.text)
    GPIO_StructInit                          0x08003843   Thumb Code    16  stm32f10x_gpio.o(.text)
    GPIO_ReadInputDataBit                    0x08003853   Thumb Code    18  stm32f10x_gpio.o(.text)
    GPIO_ReadInputData                       0x08003865   Thumb Code     8  stm32f10x_gpio.o(.text)
    GPIO_ReadOutputDataBit                   0x0800386d   Thumb Code    18  stm32f10x_gpio.o(.text)
    GPIO_ReadOutputData                      0x0800387f   Thumb Code     8  stm32f10x_gpio.o(.text)
    GPIO_SetBits                             0x08003887   Thumb Code     4  stm32f10x_gpio.o(.text)
    GPIO_ResetBits                           0x0800388b   Thumb Code     4  stm32f10x_gpio.o(.text)
    GPIO_WriteBit                            0x0800388f   Thumb Code    10  stm32f10x_gpio.o(.text)
    GPIO_Write                               0x08003899   Thumb Code     4  stm32f10x_gpio.o(.text)
    GPIO_PinLockConfig                       0x0800389d   Thumb Code    18  stm32f10x_gpio.o(.text)
    GPIO_EventOutputConfig                   0x080038af   Thumb Code    26  stm32f10x_gpio.o(.text)
    GPIO_EventOutputCmd                      0x080038c9   Thumb Code     6  stm32f10x_gpio.o(.text)
    GPIO_PinRemapConfig                      0x080038cf   Thumb Code   106  stm32f10x_gpio.o(.text)
    GPIO_EXTILineConfig                      0x08003939   Thumb Code    66  stm32f10x_gpio.o(.text)
    RCC_DeInit                               0x0800398d   Thumb Code    62  stm32f10x_rcc.o(.text)
    RCC_HSEConfig                            0x080039cb   Thumb Code    70  stm32f10x_rcc.o(.text)
    RCC_GetFlagStatus                        0x08003a11   Thumb Code    56  stm32f10x_rcc.o(.text)
    RCC_WaitForHSEStartUp                    0x08003a49   Thumb Code    54  stm32f10x_rcc.o(.text)
    RCC_AdjustHSICalibrationValue            0x08003a7f   Thumb Code    20  stm32f10x_rcc.o(.text)
    RCC_HSICmd                               0x08003a93   Thumb Code     6  stm32f10x_rcc.o(.text)
    RCC_PLLConfig                            0x08003a99   Thumb Code    24  stm32f10x_rcc.o(.text)
    RCC_PLLCmd                               0x08003ab1   Thumb Code     6  stm32f10x_rcc.o(.text)
    RCC_SYSCLKConfig                         0x08003ab7   Thumb Code    18  stm32f10x_rcc.o(.text)
    RCC_GetSYSCLKSource                      0x08003ac9   Thumb Code    10  stm32f10x_rcc.o(.text)
    RCC_HCLKConfig                           0x08003ad3   Thumb Code    18  stm32f10x_rcc.o(.text)
    RCC_PCLK1Config                          0x08003ae5   Thumb Code    18  stm32f10x_rcc.o(.text)
    RCC_PCLK2Config                          0x08003af7   Thumb Code    20  stm32f10x_rcc.o(.text)
    RCC_ITConfig                             0x08003b0b   Thumb Code    26  stm32f10x_rcc.o(.text)
    RCC_USBCLKConfig                         0x08003b25   Thumb Code     6  stm32f10x_rcc.o(.text)
    RCC_ADCCLKConfig                         0x08003b2b   Thumb Code    18  stm32f10x_rcc.o(.text)
    RCC_LSEConfig                            0x08003b3d   Thumb Code    44  stm32f10x_rcc.o(.text)
    RCC_LSICmd                               0x08003b69   Thumb Code     6  stm32f10x_rcc.o(.text)
    RCC_RTCCLKConfig                         0x08003b6f   Thumb Code    12  stm32f10x_rcc.o(.text)
    RCC_RTCCLKCmd                            0x08003b7b   Thumb Code     8  stm32f10x_rcc.o(.text)
    RCC_GetClocksFreq                        0x08003b83   Thumb Code   192  stm32f10x_rcc.o(.text)
    RCC_AHBPeriphClockCmd                    0x08003c43   Thumb Code    26  stm32f10x_rcc.o(.text)
    RCC_APB2PeriphClockCmd                   0x08003c5d   Thumb Code    26  stm32f10x_rcc.o(.text)
    RCC_APB1PeriphClockCmd                   0x08003c77   Thumb Code    26  stm32f10x_rcc.o(.text)
    RCC_APB2PeriphResetCmd                   0x08003c91   Thumb Code    26  stm32f10x_rcc.o(.text)
    RCC_APB1PeriphResetCmd                   0x08003cab   Thumb Code    26  stm32f10x_rcc.o(.text)
    RCC_BackupResetCmd                       0x08003cc5   Thumb Code     8  stm32f10x_rcc.o(.text)
    RCC_ClockSecuritySystemCmd               0x08003ccd   Thumb Code     6  stm32f10x_rcc.o(.text)
    RCC_MCOConfig                            0x08003cd3   Thumb Code     6  stm32f10x_rcc.o(.text)
    RCC_ClearFlag                            0x08003cd9   Thumb Code    14  stm32f10x_rcc.o(.text)
    RCC_GetITStatus                          0x08003ce7   Thumb Code    20  stm32f10x_rcc.o(.text)
    RCC_ClearITPendingBit                    0x08003cfb   Thumb Code     6  stm32f10x_rcc.o(.text)
    USART_DeInit                             0x08003d2d   Thumb Code   146  stm32f10x_usart.o(.text)
    USART_Init                               0x08003dbf   Thumb Code   150  stm32f10x_usart.o(.text)
    USART_StructInit                         0x08003e55   Thumb Code    24  stm32f10x_usart.o(.text)
    USART_ClockInit                          0x08003e6d   Thumb Code    34  stm32f10x_usart.o(.text)
    USART_ClockStructInit                    0x08003e8f   Thumb Code    12  stm32f10x_usart.o(.text)
    USART_Cmd                                0x08003e9b   Thumb Code    24  stm32f10x_usart.o(.text)
    USART_ITConfig                           0x08003eb3   Thumb Code    64  stm32f10x_usart.o(.text)
    USART_DMACmd                             0x08003ef3   Thumb Code    18  stm32f10x_usart.o(.text)
    USART_SetAddress                         0x08003f05   Thumb Code    18  stm32f10x_usart.o(.text)
    USART_WakeUpConfig                       0x08003f17   Thumb Code    18  stm32f10x_usart.o(.text)
    USART_ReceiverWakeUpCmd                  0x08003f29   Thumb Code    24  stm32f10x_usart.o(.text)
    USART_LINBreakDetectLengthConfig         0x08003f41   Thumb Code    18  stm32f10x_usart.o(.text)
    USART_LINCmd                             0x08003f53   Thumb Code    24  stm32f10x_usart.o(.text)
    USART_SendData                           0x08003f6b   Thumb Code     8  stm32f10x_usart.o(.text)
    USART_ReceiveData                        0x08003f73   Thumb Code    10  stm32f10x_usart.o(.text)
    USART_SendBreak                          0x08003f7d   Thumb Code    10  stm32f10x_usart.o(.text)
    USART_SetGuardTime                       0x08003f87   Thumb Code    16  stm32f10x_usart.o(.text)
    USART_SetPrescaler                       0x08003f97   Thumb Code    16  stm32f10x_usart.o(.text)
    USART_SmartCardCmd                       0x08003fa7   Thumb Code    24  stm32f10x_usart.o(.text)
    USART_SmartCardNACKCmd                   0x08003fbf   Thumb Code    24  stm32f10x_usart.o(.text)
    USART_HalfDuplexCmd                      0x08003fd7   Thumb Code    24  stm32f10x_usart.o(.text)
    USART_IrDAConfig                         0x08003fef   Thumb Code    18  stm32f10x_usart.o(.text)
    USART_IrDACmd                            0x08004001   Thumb Code    24  stm32f10x_usart.o(.text)
    USART_GetFlagStatus                      0x08004019   Thumb Code    18  stm32f10x_usart.o(.text)
    USART_ClearFlag                          0x0800402b   Thumb Code     6  stm32f10x_usart.o(.text)
    USART_GetITStatus                        0x08004031   Thumb Code    76  stm32f10x_usart.o(.text)
    USART_ClearITPendingBit                  0x0800407d   Thumb Code    20  stm32f10x_usart.o(.text)
    SDIO_DeInit                              0x0800409d   Thumb Code    28  stm32f10x_sdio.o(.text)
    SDIO_Init                                0x080040b9   Thumb Code    42  stm32f10x_sdio.o(.text)
    SDIO_StructInit                          0x080040e3   Thumb Code    16  stm32f10x_sdio.o(.text)
    SDIO_ClockCmd                            0x080040f3   Thumb Code     6  stm32f10x_sdio.o(.text)
    SDIO_SetPowerState                       0x080040f9   Thumb Code    22  stm32f10x_sdio.o(.text)
    SDIO_GetPowerState                       0x0800410f   Thumb Code    10  stm32f10x_sdio.o(.text)
    SDIO_ITConfig                            0x08004119   Thumb Code    26  stm32f10x_sdio.o(.text)
    SDIO_DMACmd                              0x08004133   Thumb Code     6  stm32f10x_sdio.o(.text)
    SDIO_SendCommand                         0x08004139   Thumb Code    38  stm32f10x_sdio.o(.text)
    SDIO_CmdStructInit                       0x0800415f   Thumb Code    14  stm32f10x_sdio.o(.text)
    SDIO_GetCommandResponse                  0x0800416d   Thumb Code     8  stm32f10x_sdio.o(.text)
    SDIO_GetResponse                         0x08004175   Thumb Code    10  stm32f10x_sdio.o(.text)
    SDIO_DataConfig                          0x0800417f   Thumb Code    42  stm32f10x_sdio.o(.text)
    SDIO_DataStructInit                      0x080041a9   Thumb Code    20  stm32f10x_sdio.o(.text)
    SDIO_GetDataCounter                      0x080041bd   Thumb Code     6  stm32f10x_sdio.o(.text)
    SDIO_ReadData                            0x080041c3   Thumb Code     6  stm32f10x_sdio.o(.text)
    SDIO_WriteData                           0x080041c9   Thumb Code     6  stm32f10x_sdio.o(.text)
    SDIO_GetFIFOCount                        0x080041cf   Thumb Code     6  stm32f10x_sdio.o(.text)
    SDIO_StartSDIOReadWait                   0x080041d5   Thumb Code     8  stm32f10x_sdio.o(.text)
    SDIO_StopSDIOReadWait                    0x080041dd   Thumb Code     8  stm32f10x_sdio.o(.text)
    SDIO_SetSDIOReadWaitMode                 0x080041e5   Thumb Code     8  stm32f10x_sdio.o(.text)
    SDIO_SetSDIOOperation                    0x080041ed   Thumb Code     8  stm32f10x_sdio.o(.text)
    SDIO_SendSDIOSuspendCmd                  0x080041f5   Thumb Code     6  stm32f10x_sdio.o(.text)
    SDIO_CommandCompletionCmd                0x080041fb   Thumb Code     6  stm32f10x_sdio.o(.text)
    SDIO_CEATAITCmd                          0x08004201   Thumb Code    10  stm32f10x_sdio.o(.text)
    SDIO_SendCEATACmd                        0x0800420b   Thumb Code     6  stm32f10x_sdio.o(.text)
    SDIO_GetFlagStatus                       0x08004211   Thumb Code    20  stm32f10x_sdio.o(.text)
    SDIO_ClearFlag                           0x08004225   Thumb Code     6  stm32f10x_sdio.o(.text)
    SDIO_GetITStatus                         0x0800422b   Thumb Code    20  stm32f10x_sdio.o(.text)
    SDIO_ClearITPendingBit                   0x0800423f   Thumb Code     6  stm32f10x_sdio.o(.text)
    DMA_DeInit                               0x08004269   Thumb Code   306  stm32f10x_dma.o(.text)
    DMA_Init                                 0x0800439b   Thumb Code    60  stm32f10x_dma.o(.text)
    DMA_StructInit                           0x080043d7   Thumb Code    26  stm32f10x_dma.o(.text)
    DMA_Cmd                                  0x080043f1   Thumb Code    22  stm32f10x_dma.o(.text)
    DMA_ITConfig                             0x08004407   Thumb Code    18  stm32f10x_dma.o(.text)
    DMA_GetCurrDataCounter                   0x08004419   Thumb Code     8  stm32f10x_dma.o(.text)
    DMA_GetFlagStatus                        0x08004421   Thumb Code    38  stm32f10x_dma.o(.text)
    DMA_ClearFlag                            0x08004447   Thumb Code    20  stm32f10x_dma.o(.text)
    DMA_GetITStatus                          0x0800445b   Thumb Code    38  stm32f10x_dma.o(.text)
    DMA_ClearITPendingBit                    0x08004481   Thumb Code    20  stm32f10x_dma.o(.text)
    RTC_ITConfig                             0x080044a5   Thumb Code    26  stm32f10x_rtc.o(.text)
    RTC_EnterConfigMode                      0x080044bf   Thumb Code    18  stm32f10x_rtc.o(.text)
    RTC_ExitConfigMode                       0x080044d1   Thumb Code    20  stm32f10x_rtc.o(.text)
    RTC_GetCounter                           0x080044e5   Thumb Code    18  stm32f10x_rtc.o(.text)
    RTC_SetCounter                           0x080044f7   Thumb Code    26  stm32f10x_rtc.o(.text)
    RTC_SetPrescaler                         0x08004511   Thumb Code    28  stm32f10x_rtc.o(.text)
    RTC_SetAlarm                             0x0800452d   Thumb Code    26  stm32f10x_rtc.o(.text)
    RTC_GetDivider                           0x08004547   Thumb Code    22  stm32f10x_rtc.o(.text)
    RTC_WaitForLastTask                      0x0800455d   Thumb Code    16  stm32f10x_rtc.o(.text)
    RTC_WaitForSynchro                       0x0800456d   Thumb Code    34  stm32f10x_rtc.o(.text)
    RTC_GetFlagStatus                        0x0800458f   Thumb Code    22  stm32f10x_rtc.o(.text)
    RTC_ClearFlag                            0x080045a5   Thumb Code    16  stm32f10x_rtc.o(.text)
    RTC_GetITStatus                          0x080045b5   Thumb Code    32  stm32f10x_rtc.o(.text)
    RTC_ClearITPendingBit                    0x080045d5   Thumb Code    16  stm32f10x_rtc.o(.text)
    BKP_DeInit                               0x080045e9   Thumb Code    16  stm32f10x_bkp.o(.text)
    BKP_TamperPinLevelConfig                 0x080045f9   Thumb Code     6  stm32f10x_bkp.o(.text)
    BKP_TamperPinCmd                         0x080045ff   Thumb Code     8  stm32f10x_bkp.o(.text)
    BKP_ITConfig                             0x08004607   Thumb Code     8  stm32f10x_bkp.o(.text)
    BKP_RTCOutputConfig                      0x0800460f   Thumb Code    22  stm32f10x_bkp.o(.text)
    BKP_SetRTCCalibrationValue               0x08004625   Thumb Code    22  stm32f10x_bkp.o(.text)
    BKP_WriteBackupRegister                  0x0800463b   Thumb Code     8  stm32f10x_bkp.o(.text)
    BKP_ReadBackupRegister                   0x08004643   Thumb Code    10  stm32f10x_bkp.o(.text)
    BKP_GetFlagStatus                        0x0800464d   Thumb Code    10  stm32f10x_bkp.o(.text)
    BKP_ClearFlag                            0x08004657   Thumb Code    18  stm32f10x_bkp.o(.text)
    BKP_GetITStatus                          0x08004669   Thumb Code    10  stm32f10x_bkp.o(.text)
    BKP_ClearITPendingBit                    0x08004673   Thumb Code    18  stm32f10x_bkp.o(.text)
    PWR_DeInit                               0x0800468d   Thumb Code    22  stm32f10x_pwr.o(.text)
    PWR_BackupAccessCmd                      0x080046a3   Thumb Code     6  stm32f10x_pwr.o(.text)
    PWR_PVDCmd                               0x080046a9   Thumb Code     6  stm32f10x_pwr.o(.text)
    PWR_PVDLevelConfig                       0x080046af   Thumb Code    18  stm32f10x_pwr.o(.text)
    PWR_WakeUpPinCmd                         0x080046c1   Thumb Code     6  stm32f10x_pwr.o(.text)
    PWR_EnterSTOPMode                        0x080046c7   Thumb Code    42  stm32f10x_pwr.o(.text)
    PWR_EnterSTANDBYMode                     0x080046f1   Thumb Code    42  stm32f10x_pwr.o(.text)
    PWR_GetFlagStatus                        0x0800471b   Thumb Code    20  stm32f10x_pwr.o(.text)
    PWR_ClearFlag                            0x0800472f   Thumb Code    14  stm32f10x_pwr.o(.text)
    ADC_DeInit                               0x0800474d   Thumb Code    90  stm32f10x_adc.o(.text)
    ADC_Init                                 0x080047a7   Thumb Code    70  stm32f10x_adc.o(.text)
    ADC_StructInit                           0x080047ed   Thumb Code    18  stm32f10x_adc.o(.text)
    ADC_Cmd                                  0x080047ff   Thumb Code    22  stm32f10x_adc.o(.text)
    ADC_DMACmd                               0x08004815   Thumb Code    22  stm32f10x_adc.o(.text)
    ADC_ITConfig                             0x0800482b   Thumb Code    24  stm32f10x_adc.o(.text)
    ADC_ResetCalibration                     0x08004843   Thumb Code    10  stm32f10x_adc.o(.text)
    ADC_GetResetCalibrationStatus            0x0800484d   Thumb Code    20  stm32f10x_adc.o(.text)
    ADC_StartCalibration                     0x08004861   Thumb Code    10  stm32f10x_adc.o(.text)
    ADC_GetCalibrationStatus                 0x0800486b   Thumb Code    20  stm32f10x_adc.o(.text)
    ADC_SoftwareStartConvCmd                 0x0800487f   Thumb Code    22  stm32f10x_adc.o(.text)
    ADC_GetSoftwareStartConvStatus           0x08004895   Thumb Code    20  stm32f10x_adc.o(.text)
    ADC_DiscModeChannelCountConfig           0x080048a9   Thumb Code    24  stm32f10x_adc.o(.text)
    ADC_DiscModeCmd                          0x080048c1   Thumb Code    22  stm32f10x_adc.o(.text)
    ADC_RegularChannelConfig                 0x080048d7   Thumb Code   184  stm32f10x_adc.o(.text)
    ADC_ExternalTrigConvCmd                  0x0800498f   Thumb Code    22  stm32f10x_adc.o(.text)
    ADC_GetConversionValue                   0x080049a5   Thumb Code     8  stm32f10x_adc.o(.text)
    ADC_GetDualModeConversionValue           0x080049ad   Thumb Code     6  stm32f10x_adc.o(.text)
    ADC_AutoInjectedConvCmd                  0x080049b3   Thumb Code    22  stm32f10x_adc.o(.text)
    ADC_InjectedDiscModeCmd                  0x080049c9   Thumb Code    22  stm32f10x_adc.o(.text)
    ADC_ExternalTrigInjectedConvConfig       0x080049df   Thumb Code    16  stm32f10x_adc.o(.text)
    ADC_ExternalTrigInjectedConvCmd          0x080049ef   Thumb Code    22  stm32f10x_adc.o(.text)
    ADC_SoftwareStartInjectedConvCmd         0x08004a05   Thumb Code    22  stm32f10x_adc.o(.text)
    ADC_GetSoftwareStartInjectedConvCmdStatus 0x08004a1b   Thumb Code    20  stm32f10x_adc.o(.text)
    ADC_InjectedChannelConfig                0x08004a2f   Thumb Code   130  stm32f10x_adc.o(.text)
    ADC_InjectedSequencerLengthConfig        0x08004ab1   Thumb Code    24  stm32f10x_adc.o(.text)
    ADC_SetInjectedOffset                    0x08004ac9   Thumb Code     4  stm32f10x_adc.o(.text)
    ADC_GetInjectedConversionValue           0x08004acd   Thumb Code    10  stm32f10x_adc.o(.text)
    ADC_AnalogWatchdogCmd                    0x08004ad7   Thumb Code    16  stm32f10x_adc.o(.text)
    ADC_AnalogWatchdogThresholdsConfig       0x08004ae7   Thumb Code     6  stm32f10x_adc.o(.text)
    ADC_AnalogWatchdogSingleChannelConfig    0x08004aed   Thumb Code    16  stm32f10x_adc.o(.text)
    ADC_TempSensorVrefintCmd                 0x08004afd   Thumb Code    38  stm32f10x_adc.o(.text)
    ADC_GetFlagStatus                        0x08004b23   Thumb Code    38  stm32f10x_adc.o(.text)
    ADC_ClearFlag                            0x08004b49   Thumb Code     6  stm32f10x_adc.o(.text)
    ADC_GetITStatus                          0x08004b4f   Thumb Code    36  stm32f10x_adc.o(.text)
    ADC_ClearITPendingBit                    0x08004b73   Thumb Code    10  stm32f10x_adc.o(.text)
    SystemInit_ExtMemCtl                     0x08004b7d   Thumb Code     2  startup_stm32f10x_hd.o(.text)
    Reset_Handler                            0x08004b7f   Thumb Code    14  startup_stm32f10x_hd.o(.text)
    ADC1_2_IRQHandler                        0x08004b9f   Thumb Code     0  startup_stm32f10x_hd.o(.text)
    ADC3_IRQHandler                          0x08004b9f   Thumb Code     0  startup_stm32f10x_hd.o(.text)
    CAN1_RX1_IRQHandler                      0x08004b9f   Thumb Code     0  startup_stm32f10x_hd.o(.text)
    CAN1_SCE_IRQHandler                      0x08004b9f   Thumb Code     0  startup_stm32f10x_hd.o(.text)
    DMA1_Channel2_IRQHandler                 0x08004b9f   Thumb Code     0  startup_stm32f10x_hd.o(.text)
    DMA1_Channel3_IRQHandler                 0x08004b9f   Thumb Code     0  startup_stm32f10x_hd.o(.text)
    DMA1_Channel4_IRQHandler                 0x08004b9f   Thumb Code     0  startup_stm32f10x_hd.o(.text)
    DMA1_Channel5_IRQHandler                 0x08004b9f   Thumb Code     0  startup_stm32f10x_hd.o(.text)
    DMA1_Channel6_IRQHandler                 0x08004b9f   Thumb Code     0  startup_stm32f10x_hd.o(.text)
    DMA1_Channel7_IRQHandler                 0x08004b9f   Thumb Code     0  startup_stm32f10x_hd.o(.text)
    DMA2_Channel1_IRQHandler                 0x08004b9f   Thumb Code     0  startup_stm32f10x_hd.o(.text)
    DMA2_Channel2_IRQHandler                 0x08004b9f   Thumb Code     0  startup_stm32f10x_hd.o(.text)
    DMA2_Channel3_IRQHandler                 0x08004b9f   Thumb Code     0  startup_stm32f10x_hd.o(.text)
    EXTI0_IRQHandler                         0x08004b9f   Thumb Code     0  startup_stm32f10x_hd.o(.text)
    EXTI15_10_IRQHandler                     0x08004b9f   Thumb Code     0  startup_stm32f10x_hd.o(.text)
    EXTI1_IRQHandler                         0x08004b9f   Thumb Code     0  startup_stm32f10x_hd.o(.text)
    EXTI2_IRQHandler                         0x08004b9f   Thumb Code     0  startup_stm32f10x_hd.o(.text)
    EXTI3_IRQHandler                         0x08004b9f   Thumb Code     0  startup_stm32f10x_hd.o(.text)
    EXTI4_IRQHandler                         0x08004b9f   Thumb Code     0  startup_stm32f10x_hd.o(.text)
    EXTI9_5_IRQHandler                       0x08004b9f   Thumb Code     0  startup_stm32f10x_hd.o(.text)
    FLASH_IRQHandler                         0x08004b9f   Thumb Code     0  startup_stm32f10x_hd.o(.text)
    FSMC_IRQHandler                          0x08004b9f   Thumb Code     0  startup_stm32f10x_hd.o(.text)
    I2C1_ER_IRQHandler                       0x08004b9f   Thumb Code     0  startup_stm32f10x_hd.o(.text)
    I2C1_EV_IRQHandler                       0x08004b9f   Thumb Code     0  startup_stm32f10x_hd.o(.text)
    I2C2_ER_IRQHandler                       0x08004b9f   Thumb Code     0  startup_stm32f10x_hd.o(.text)
    I2C2_EV_IRQHandler                       0x08004b9f   Thumb Code     0  startup_stm32f10x_hd.o(.text)
    PVD_IRQHandler                           0x08004b9f   Thumb Code     0  startup_stm32f10x_hd.o(.text)
    RCC_IRQHandler                           0x08004b9f   Thumb Code     0  startup_stm32f10x_hd.o(.text)
    RTCAlarm_IRQHandler                      0x08004b9f   Thumb Code     0  startup_stm32f10x_hd.o(.text)
    SPI1_IRQHandler                          0x08004b9f   Thumb Code     0  startup_stm32f10x_hd.o(.text)
    SPI2_IRQHandler                          0x08004b9f   Thumb Code     0  startup_stm32f10x_hd.o(.text)
    SPI3_IRQHandler                          0x08004b9f   Thumb Code     0  startup_stm32f10x_hd.o(.text)
    TAMPER_IRQHandler                        0x08004b9f   Thumb Code     0  startup_stm32f10x_hd.o(.text)
    TIM1_BRK_IRQHandler                      0x08004b9f   Thumb Code     0  startup_stm32f10x_hd.o(.text)
    TIM1_CC_IRQHandler                       0x08004b9f   Thumb Code     0  startup_stm32f10x_hd.o(.text)
    TIM1_TRG_COM_IRQHandler                  0x08004b9f   Thumb Code     0  startup_stm32f10x_hd.o(.text)
    TIM1_UP_IRQHandler                       0x08004b9f   Thumb Code     0  startup_stm32f10x_hd.o(.text)
    TIM2_IRQHandler                          0x08004b9f   Thumb Code     0  startup_stm32f10x_hd.o(.text)
    TIM3_IRQHandler                          0x08004b9f   Thumb Code     0  startup_stm32f10x_hd.o(.text)
    TIM4_IRQHandler                          0x08004b9f   Thumb Code     0  startup_stm32f10x_hd.o(.text)
    TIM5_IRQHandler                          0x08004b9f   Thumb Code     0  startup_stm32f10x_hd.o(.text)
    TIM6_IRQHandler                          0x08004b9f   Thumb Code     0  startup_stm32f10x_hd.o(.text)
    TIM7_IRQHandler                          0x08004b9f   Thumb Code     0  startup_stm32f10x_hd.o(.text)
    TIM8_BRK_IRQHandler                      0x08004b9f   Thumb Code     0  startup_stm32f10x_hd.o(.text)
    TIM8_CC_IRQHandler                       0x08004b9f   Thumb Code     0  startup_stm32f10x_hd.o(.text)
    TIM8_TRG_COM_IRQHandler                  0x08004b9f   Thumb Code     0  startup_stm32f10x_hd.o(.text)
    TIM8_UP_IRQHandler                       0x08004b9f   Thumb Code     0  startup_stm32f10x_hd.o(.text)
    UART4_IRQHandler                         0x08004b9f   Thumb Code     0  startup_stm32f10x_hd.o(.text)
    UART5_IRQHandler                         0x08004b9f   Thumb Code     0  startup_stm32f10x_hd.o(.text)
    USART1_IRQHandler                        0x08004b9f   Thumb Code     0  startup_stm32f10x_hd.o(.text)
    USART2_IRQHandler                        0x08004b9f   Thumb Code     0  startup_stm32f10x_hd.o(.text)
    USART3_IRQHandler                        0x08004b9f   Thumb Code     0  startup_stm32f10x_hd.o(.text)
    USBWakeUp_IRQHandler                     0x08004b9f   Thumb Code     0  startup_stm32f10x_hd.o(.text)
    USB_HP_CAN1_TX_IRQHandler                0x08004b9f   Thumb Code     0  startup_stm32f10x_hd.o(.text)
    USB_LP_CAN1_RX0_IRQHandler               0x08004b9f   Thumb Code     0  startup_stm32f10x_hd.o(.text)
    WWDG_IRQHandler                          0x08004b9f   Thumb Code     0  startup_stm32f10x_hd.o(.text)
    SystemInit                               0x08004c8f   Thumb Code    68  system_stm32f10x.o(.text)
    f_mount                                  0x08005b2f   Thumb Code    38  ff.o(.text)
    f_open                                   0x08005b55   Thumb Code   392  ff.o(.text)
    f_read                                   0x08005cdd   Thumb Code   480  ff.o(.text)
    f_write                                  0x08005ebd   Thumb Code   526  ff.o(.text)
    f_sync                                   0x080060cb   Thumb Code   182  ff.o(.text)
    f_close                                  0x08006181   Thumb Code    22  ff.o(.text)
    f_lseek                                  0x08006197   Thumb Code   448  ff.o(.text)
    f_opendir                                0x08006357   Thumb Code   104  ff.o(.text)
    f_readdir                                0x080063bf   Thumb Code    88  ff.o(.text)
    f_stat                                   0x08006417   Thumb Code    58  ff.o(.text)
    f_getfree                                0x08006451   Thumb Code   272  ff.o(.text)
    f_truncate                               0x08006561   Thumb Code   158  ff.o(.text)
    f_unlink                                 0x080065ff   Thumb Code   186  ff.o(.text)
    f_mkdir                                  0x080066b9   Thumb Code   390  ff.o(.text)
    f_chmod                                  0x0800683f   Thumb Code    84  ff.o(.text)
    f_utime                                  0x08006893   Thumb Code    86  ff.o(.text)
    f_rename                                 0x080068e9   Thumb Code   280  ff.o(.text)
    disk_initialize                          0x08006a01   Thumb Code     6  diskio.o(.text)
    disk_status                              0x08006a07   Thumb Code     6  diskio.o(.text)
    disk_read                                0x08006a0d   Thumb Code    48  diskio.o(.text)
    disk_write                               0x08006a3d   Thumb Code    48  diskio.o(.text)
    disk_ioctl                               0x08006a6d   Thumb Code     6  diskio.o(.text)
    get_fattime                              0x08006a73   Thumb Code     4  diskio.o(.text)
    __aeabi_memset                           0x08006a77   Thumb Code    14  memseta.o(.text)
    __aeabi_memset4                          0x08006a77   Thumb Code     0  memseta.o(.text)
    __aeabi_memset8                          0x08006a77   Thumb Code     0  memseta.o(.text)
    __aeabi_memclr                           0x08006a85   Thumb Code     4  memseta.o(.text)
    __aeabi_memclr4                          0x08006a85   Thumb Code     0  memseta.o(.text)
    __aeabi_memclr8                          0x08006a85   Thumb Code     0  memseta.o(.text)
    _memset$wrapper                          0x08006a89   Thumb Code    18  memseta.o(.text)
    strlen                                   0x08006a9b   Thumb Code    14  strlen.o(.text)
    strcpy                                   0x08006aa9   Thumb Code    18  strcpy.o(.text)
    __aeabi_uidiv                            0x08006abb   Thumb Code     0  uidiv.o(.text)
    __aeabi_uidivmod                         0x08006abb   Thumb Code    44  uidiv.o(.text)
    __scatterload                            0x08006ae9   Thumb Code    28  init.o(.text)
    __scatterload_rt2                        0x08006ae9   Thumb Code     0  init.o(.text)
    __decompress                             0x08006b0d   Thumb Code     0  __dczerorl2.o(.text)
    __decompress1                            0x08006b0d   Thumb Code    92  __dczerorl2.o(.text)
    __0printf$6                              0x08006b69   Thumb Code    22  printf6.o(i.__0printf$6)
    __1printf$6                              0x08006b69   Thumb Code     0  printf6.o(i.__0printf$6)
    __2printf                                0x08006b69   Thumb Code     0  printf6.o(i.__0printf$6)
    __0sprintf$6                             0x08006b89   Thumb Code    34  printf6.o(i.__0sprintf$6)
    __1sprintf$6                             0x08006b89   Thumb Code     0  printf6.o(i.__0sprintf$6)
    __2sprintf                               0x08006b89   Thumb Code     0  printf6.o(i.__0sprintf$6)
    __scatterload_copy                       0x08006bb1   Thumb Code    14  handlers.o(i.__scatterload_copy)
    __scatterload_null                       0x08006bbf   Thumb Code     2  handlers.o(i.__scatterload_null)
    __scatterload_zeroinit                   0x08006bc1   Thumb Code    14  handlers.o(i.__scatterload_zeroinit)
    SystemFrequency                          0x08007018   Data           4  system_stm32f10x.o(.constdata)
    SystemFrequency_SysClk                   0x0800701c   Data           4  system_stm32f10x.o(.constdata)
    SystemFrequency_AHBClk                   0x08007020   Data           4  system_stm32f10x.o(.constdata)
    SystemFrequency_APB1Clk                  0x08007024   Data           4  system_stm32f10x.o(.constdata)
    SystemFrequency_APB2Clk                  0x08007028   Data           4  system_stm32f10x.o(.constdata)
    Region$$Table$$Base                      0x08007030   Number         0  anon$$obj.o(Region$$Table)
    Region$$Table$$Limit                     0x08007050   Number         0  anon$$obj.o(Region$$Table)
    TransferError                            0x20000014   Data           1  sdcard.o(.data)
    TransferEnd                              0x20000018   Data           4  sdcard.o(.data)
    NumberOfBytes                            0x2000001c   Data           4  sdcard.o(.data)
    SrcBuffer                                0x20000020   Data           4  sdcard.o(.data)
    DestBuffer                               0x20000024   Data           4  sdcard.o(.data)
    TxBuffer1                                0x20000028   Data          45  main.o(.data)
    TxCounter1                               0x20000055   Data           1  main.o(.data)
    RxCounter1                               0x20000056   Data           1  main.o(.data)
    NbrOfDataToTransfer1                     0x20000057   Data           1  main.o(.data)
    NbrOfDataToRead1                         0x20000058   Data           1  main.o(.data)
    RESISTANCE                               0x2000005c   Data         288  main.o(.data)
    EraseStatus                              0x2000017c   Data           1  main.o(.data)
    TransferStatus1                          0x2000017d   Data           1  main.o(.data)
    TransferStatus2                          0x2000017e   Data           1  main.o(.data)
    Status                                   0x2000017f   Data           1  main.o(.data)
    rec_f                                    0x20000180   Data           1  main.o(.data)
    TimingDelay                              0x20000184   Data           4  main.o(.data)
    cmd                                      0x20000188   Data           1  main.o(.data)
    res                                      0x20000189   Data           1  main.o(.data)
    br                                       0x2000018c   Data           4  main.o(.data)
    bw                                       0x20000190   Data           4  main.o(.data)
    TimeDisplay                              0x20000194   Data           4  rtc.o(.data)
    adc_raw_val                              0x20000198   Data           2  adc.o(.data)
    potentionmeter_val                       0x2000019a   Data           2  adc.o(.data)
    statusADC1                               0x2000019c   Data           1  adc.o(.data)
    statusADC3                               0x2000019d   Data           1  adc.o(.data)
    GPIO_InitStructure                       0x2000019e   Data           4  adc.o(.data)
    __stdout                                 0x200001c0   Data           4  stdout.o(.data)
    SDIO_InitStructure                       0x200001e4   Data          24  sdcard.o(.bss)
    SDIO_CmdInitStructure                    0x200001fc   Data          20  sdcard.o(.bss)
    SDIO_DataInitStructure                   0x20000210   Data          24  sdcard.o(.bss)
    USART_InitStructure                      0x20000228   Data          16  main.o(.bss)
    RxBuffer1                                0x20000238   Data          44  main.o(.bss)
    CELL                                     0x20000264   Data          98  main.o(.bss)
    SDCardInfo                               0x200002c8   Data          80  main.o(.bss)
    Buffer_Block_Tx                          0x20000318   Data         512  main.o(.bss)
    Buffer_Block_Rx                          0x20000518   Data         512  main.o(.bss)
    Buffer_MultiBlock_Tx                     0x20000718   Data        1024  main.o(.bss)
    Buffer_MultiBlock_Rx                     0x20000b18   Data        1024  main.o(.bss)
    fs                                       0x20000f18   Data         560  main.o(.bss)
    fdst                                     0x20001148   Data         548  main.o(.bss)
    buffer                                   0x2000136c   Data         512  main.o(.bss)
    ADC_InitStructure                        0x2000156c   Data          20  adc.o(.bss)
    DMA_InitStructure                        0x20001580   Data          44  adc.o(.bss)
    ADC1_values                              0x200015ac   Data         120  adc.o(.bss)
    ADC3_values                              0x20001624   Data          24  adc.o(.bss)
    __initial_sp                             0x20001840   Data           0  startup_stm32f10x_hd.o(STACK)



==============================================================================

Memory Map of the image

  Image Entry point : 0x08000131

  Load Region LR_IROM1 (Base: 0x08000000, Size: 0x00007214, Max: 0x00040000, ABSOLUTE, COMPRESSED[0x000070f4])

    Execution Region ER_IROM1 (Base: 0x08000000, Size: 0x00007050, Max: 0x00040000, ABSOLUTE)

    Base Addr    Size         Type   Attr      Idx    E Section Name        Object

    0x08000000   0x00000130   Data   RO          326    RESET               startup_stm32f10x_hd.o
    0x08000130   0x00000000   Code   RO          408  * .ARM.Collect$$$$00000000  mc_w.l(entry.o)
    0x08000130   0x00000004   Code   RO          678    .ARM.Collect$$$$00000001  mc_w.l(entry2.o)
    0x08000134   0x00000004   Code   RO          681    .ARM.Collect$$$$00000004  mc_w.l(entry5.o)
    0x08000138   0x00000000   Code   RO          683    .ARM.Collect$$$$00000008  mc_w.l(entry7b.o)
    0x08000138   0x00000000   Code   RO          685    .ARM.Collect$$$$0000000A  mc_w.l(entry8b.o)
    0x08000138   0x00000008   Code   RO          686    .ARM.Collect$$$$0000000B  mc_w.l(entry9a.o)
    0x08000140   0x00000000   Code   RO          688    .ARM.Collect$$$$0000000D  mc_w.l(entry10a.o)
    0x08000140   0x00000000   Code   RO          690    .ARM.Collect$$$$0000000F  mc_w.l(entry11a.o)
    0x08000140   0x00000004   Code   RO          679    .ARM.Collect$$$$00002712  mc_w.l(entry2.o)
    0x08000144   0x0000009c   Code   RO            1    .text               stm32f10x_it.o
    0x080001e0   0x000021e8   Code   RO           71    .text               sdcard.o
    0x080023c8   0x000009e4   Code   RO           87    .text               main.o
    0x08002dac   0x000004a4   Code   RO          139    .text               rtc.o
    0x08003250   0x00000334   Code   RO          155    .text               adc.o
    0x08003584   0x000000dc   Code   RO          183    .text               misc.o
    0x08003660   0x0000032c   Code   RO          211    .text               stm32f10x_gpio.o
    0x0800398c   0x000003a0   Code   RO          223    .text               stm32f10x_rcc.o
    0x08003d2c   0x00000370   Code   RO          237    .text               stm32f10x_usart.o
    0x0800409c   0x000001cc   Code   RO          249    .text               stm32f10x_sdio.o
    0x08004268   0x0000023c   Code   RO          261    .text               stm32f10x_dma.o
    0x080044a4   0x00000144   Code   RO          273    .text               stm32f10x_rtc.o
    0x080045e8   0x000000a4   Code   RO          285    .text               stm32f10x_bkp.o
    0x0800468c   0x000000c0   Code   RO          297    .text               stm32f10x_pwr.o
    0x0800474c   0x00000430   Code   RO          309    .text               stm32f10x_adc.o
    0x08004b7c   0x00000030   Code   RO          327    .text               startup_stm32f10x_hd.o
    0x08004bac   0x00000138   Code   RO          332    .text               system_stm32f10x.o
    0x08004ce4   0x00001d1c   Code   RO          360    .text               ff.o
    0x08006a00   0x00000076   Code   RO          393    .text               diskio.o
    0x08006a76   0x00000024   Code   RO          411    .text               mc_w.l(memseta.o)
    0x08006a9a   0x0000000e   Code   RO          413    .text               mc_w.l(strlen.o)
    0x08006aa8   0x00000012   Code   RO          415    .text               mc_w.l(strcpy.o)
    0x08006aba   0x0000002c   Code   RO          693    .text               mc_w.l(uidiv.o)
    0x08006ae6   0x00000002   PAD
    0x08006ae8   0x00000024   Code   RO          708    .text               mc_w.l(init.o)
    0x08006b0c   0x0000005c   Code   RO          726    .text               mc_w.l(__dczerorl2.o)
    0x08006b68   0x00000020   Code   RO          572    i.__0printf$6       mc_w.l(printf6.o)
    0x08006b88   0x00000028   Code   RO          574    i.__0sprintf$6      mc_w.l(printf6.o)
    0x08006bb0   0x0000000e   Code   RO          720    i.__scatterload_copy  mc_w.l(handlers.o)
    0x08006bbe   0x00000002   Code   RO          721    i.__scatterload_null  mc_w.l(handlers.o)
    0x08006bc0   0x0000000e   Code   RO          722    i.__scatterload_zeroinit  mc_w.l(handlers.o)
    0x08006bce   0x00000002   PAD
    0x08006bd0   0x000002f4   Code   RO          579    i._printf_core      mc_w.l(printf6.o)
    0x08006ec4   0x00000026   Code   RO          580    i._printf_post_padding  mc_w.l(printf6.o)
    0x08006eea   0x00000030   Code   RO          581    i._printf_pre_padding  mc_w.l(printf6.o)
    0x08006f1a   0x0000000a   Code   RO          583    i._sputc            mc_w.l(printf6.o)
    0x08006f24   0x000000a4   Data   RO           89    .constdata          main.o
    0x08006fc8   0x0000004f   Data   RO          140    .constdata          rtc.o
    0x08007017   0x00000001   PAD
    0x08007018   0x00000014   Data   RO          333    .constdata          system_stm32f10x.o
    0x0800702c   0x00000004   Data   RO          361    .constdata          ff.o
    0x08007030   0x00000020   Data   RO          718    Region$$Table       anon$$obj.o


    Execution Region RW_IRAM1 (Base: 0x20000000, Size: 0x00001840, Max: 0x0000c000, ABSOLUTE, COMPRESSED[0x000000a4])

    Base Addr    Size         Type   Attr      Idx    E Section Name        Object

    0x20000000   0x00000028   Data   RW           73    .data               sdcard.o
    0x20000028   0x0000016c   Data   RW           90    .data               main.o
    0x20000194   0x00000004   Data   RW          141    .data               rtc.o
    0x20000198   0x0000000a   Data   RW          157    .data               adc.o
    0x200001a2   0x00000014   Data   RW          224    .data               stm32f10x_rcc.o
    0x200001b6   0x00000002   PAD
    0x200001b8   0x00000006   Data   RW          362    .data               ff.o
    0x200001be   0x00000002   PAD
    0x200001c0   0x00000004   Data   RW          692    .data               mc_w.l(stdout.o)
    0x200001c4   0x00000064   Zero   RW           72    .bss                sdcard.o
    0x20000228   0x00001344   Zero   RW           88    .bss                main.o
    0x2000156c   0x000000d0   Zero   RW          156    .bss                adc.o
    0x2000163c   0x00000004   PAD
    0x20001640   0x00000200   Zero   RW          324    STACK               startup_stm32f10x_hd.o


==============================================================================

Image component sizes


      Code (inc. data)   RO Data    RW Data    ZI Data      Debug   Object Name

       820         52          0         10        208       2077   adc.o
       118          0          0          0          0       1918   diskio.o
      7452         36          4          6          0      23853   ff.o
      2532        512        164        364       4932      17492   main.o
       220         20          0          0          0     201297   misc.o
      1188        160         79          4          0       3487   rtc.o
      8680        402          0         40        100      18945   sdcard.o
        48         12        304          0        512        816   startup_stm32f10x_hd.o
      1072         20          0          0          0      19549   stm32f10x_adc.o
       164          8          0          0          0       2240   stm32f10x_bkp.o
       572         16          0          0          0       3347   stm32f10x_dma.o
       812         18          0          0          0       4995   stm32f10x_gpio.o
       156         22          0          0          0     260433   stm32f10x_it.o
       192         16          0          0          0       1851   stm32f10x_pwr.o
       928         44          0         20          0       8572   stm32f10x_rcc.o
       324          4          0          0          0       2590   stm32f10x_rtc.o
       460         36          0          0          0       6812   stm32f10x_sdio.o
       880         12          0          0          0       7615   stm32f10x_usart.o
       312         18         20          0          0       1493   system_stm32f10x.o

    ----------------------------------------------------------------------
     26930       1408        604        448       5756     589382   Object Totals
         0          0         32          0          0          0   (incl. Generated)
         0          0          1          4          4          0   (incl. Padding)

    ----------------------------------------------------------------------

      Code (inc. data)   RO Data    RW Data    ZI Data      Debug   Library Member Name

        92          0          0          0          0          0   __dczerorl2.o
         0          0          0          0          0          0   entry.o
         0          0          0          0          0          0   entry10a.o
         0          0          0          0          0          0   entry11a.o
         8          4          0          0          0          0   entry2.o
         4          0          0          0          0          0   entry5.o
         0          0          0          0          0          0   entry7b.o
         0          0          0          0          0          0   entry8b.o
         8          4          0          0          0          0   entry9a.o
        30          0          0          0          0          0   handlers.o
        36          8          0          0          0         68   init.o
        36          0          0          0          0        108   memseta.o
       924         22          0          0          0        504   printf6.o
         0          0          0          4          0          0   stdout.o
        18          0          0          0          0         68   strcpy.o
        14          0          0          0          0         68   strlen.o
        44          0          0          0          0         80   uidiv.o

    ----------------------------------------------------------------------
      1218         38          0          4          0        896   Library Totals
         4          0          0          0          0          0   (incl. Padding)

    ----------------------------------------------------------------------

      Code (inc. data)   RO Data    RW Data    ZI Data      Debug   Library Name

      1214         38          0          4          0        896   mc_w.l

    ----------------------------------------------------------------------
      1218         38          0          4          0        896   Library Totals

    ----------------------------------------------------------------------

==============================================================================


      Code (inc. data)   RO Data    RW Data    ZI Data      Debug   

     28148       1446        604        452       5756     587522   Grand Totals
     28148       1446        604        164       5756     587522   ELF Image Totals (compressed)
     28148       1446        604        164          0          0   ROM Totals

==============================================================================

    Total RO  Size (Code + RO Data)                28752 (  28.08kB)
    Total RW  Size (RW Data + ZI Data)              6208 (   6.06kB)
    Total ROM Size (Code + RO Data + RW Data)      28916 (  28.24kB)

==============================================================================

