<html>
<body>
<pre>
<h1>µVision Build Log</h1>
<h2>Project:</h2>
F:\ASELab\ASEAD\STM32-SDCard-SDIO-FATFS-V2\STM32-SDCard-SDIO.uvproj
Project File Date:  11/28/2015

<h2>Output:</h2>
Rebuild target 'STM32-SDCard-SDIO'
compiling stm32f10x_it.c...
compiling sdcard.c...
compiling main.c...
user\main.c(548): warning:  #550-D: variable "res" was set but never used
    FRESULT res;
user\main.c(549): warning:  #550-D: variable "finfo" was set but never used
    FILINFO finfo;
user\main.c(550): warning:  #177-D: variable "dirs" was declared but never referenced
    DIR dirs;
user\main.c(587): warning:  #550-D: variable "res" was set but never used
    FRESULT res;
user\main.c(588): warning:  #550-D: variable "finfo" was set but never used
    FILINFO finfo;
user\main.c(589): warning:  #177-D: variable "dirs" was declared but never referenced
    DIR dirs;
user\main.c(694): warning:  #177-D: variable "enable_check10min" was declared but never referenced
    bool enable_check10min = false;
user\main.c: 7 warnings, 0 errors
compiling rtc.c...
compiling adc.c...
compiling gpio.c...
compiling misc.c...
compiling stm32f10x_gpio.c...
compiling stm32f10x_rcc.c...
compiling stm32f10x_usart.c...
compiling stm32f10x_sdio.c...
compiling stm32f10x_dma.c...
compiling stm32f10x_rtc.c...
compiling stm32f10x_bkp.c...
compiling stm32f10x_pwr.c...
compiling stm32f10x_adc.c...
compiling stm32f10x_exti.c...
assembling startup_stm32f10x_hd.s...
compiling system_stm32f10x.c...
compiling core_cm3.c...
compiling ff.c...
compiling diskio.c...
linking...
Program Size: Code=30404 RO-data=840 RW-data=500 ZI-data=5756  
FromELF: creating hex file...
".\Obj\STM32_SDCard-SDIO.axf" - 0 Error(s), 7 Warning(s).
 hex file...
".\Obj\STM32_SDCard-SDIO.axf" - 0 Error(s), 7 Warning(s).
..
compiling stm32f10x_dma.c...
compiling stm32f10x_rtc.c...
compiling stm32f10x_bkp.c...
compiling stm32f10x_pwr.c...
compiling stm32f10x_adc.c...
compiling stm32f10x_exti.c...
assembling startup_stm32f10x_hd.s...
compiling system_stm32f10x.c...
compiling core_cm3.c...
compiling ff.c...
compiling diskio.c...
linking...
Program Size: Code=30100 RO-data=628 RW-data=500 ZI-data=5756  
FromELF: creating hex file...
".\Obj\STM32_SDCard-SDIO.axf" - 0 Error(s), 9 Warning(s).
