<html>
<body>
<pre>
<h1>µVision Build Log</h1>
<h2>Project:</h2>
C:\Users\AVI\Desktop\LAP TRINH\LAP TRINH ARM\Can_Tes_SDCard_SDIO\sd_disk_learning-master\sd_disk_learning-master\examples\STM32-SDCard-SDIO-FATFS-V2\STM32-SDCard-SDIO.uvproj
Project File Date:  04/09/2014

<h2>Output:</h2>
Build target 'STM32-SDCard-SDIO'
assembling startup_stm32f10x_hd.s...
linking...
Program Size: Code=12208 RO-data=340 RW-data=80 ZI-data=2312  
FromELF: creating hex file...
".\Obj\STM32_SDCard-SDIO.axf" - 0 Errors, 0 Warning(s).
Build target 'STM32-SDCard-SDIO'
linking...
Program Size: Code=12208 RO-data=340 RW-data=80 ZI-data=2312  
FromELF: creating hex file...
".\Obj\STM32_SDCard-SDIO.axf" - 0 Errors, 0 Warning(s).
